******************************************************************************
                  TI ARM Linker PC v15.12.3                    
******************************************************************************
>> Linked Tue Jul 14 16:54:06 2020

OUTPUT FILE NAME:   <sensortag_cc2650stk_app.out>
ENTRY POINT SYMBOL: "ResetISR"  address: 00008b01


MEMORY CONFIGURATION

         name            origin    length      used     unused   attr    fill
----------------------  --------  ---------  --------  --------  ----  --------
  IMAGE_HEADER          00001000   00000010  00000010  00000000  R  X
  FLASH                 00001010   00010010  0000d236  00002dda  R  X
  SRAM                  20000000   00004428  00002e58  000015d0  RW X


SEGMENT ALLOCATION MAP

run origin  load origin   length   init length attrs members
----------  ----------- ---------- ----------- ----- -------
00001000    00001000    0000d24c   0000d24c    r-x
  00001000    00001000    00000010   00000010    r-- .imgHdr
  00001010    00001010    0000003c   0000003c    r-- .resetVecs
  0000104c    0000104c    0000bd3c   0000bd3c    r-x .text
  0000cd88    0000cd88    00000b0a   00000b0a    r-- .const
  0000d898    0000d898    000009b4   000009b4    r-- .cinit
20000430    20000430    00000010   00000000    rw-
  20000430    20000430    00000010   00000000    rw- .TI.bound:dmaSpi0RxControlTableEntry$25
20000440    20000440    00000010   00000000    rw-
  20000440    20000440    00000010   00000000    rw- .TI.bound:dmaSpi0TxControlTableEntry$25
20000500    20000500    00000010   00000000    rw-
  20000500    20000500    00000010   00000000    rw- .TI.bound:dmaSpi1RxControlTableEntry$25
20000510    20000510    00002b60   00000000    rw-
  20000510    20000510    00000010   00000000    rw- .TI.bound:dmaSpi1TxControlTableEntry$25
  20000520    20000520    00001b60   00000000    rw- .data
  20002080    20002080    00000ff0   00000000    rw- .bss
20004228    20004228    00000200   00000000    rw-
  20004228    20004228    00000200   00000000    rw- .stack


SECTION ALLOCATION MAP

 output                                  attributes/
section   page    origin      length       input sections
--------  ----  ----------  ----------   ----------------
.imgHdr    0    00001000    00000010     
                  00001000    00000010     oad_target_external_flash.obj (.imgHdr:retain)

.text      0    0000104c    0000bd3c     
                  0000104c    00000314     RFCC26XX_singleMode.obj (.text:fsmActiveState$23)
                  00001360    000002ec     peripheral.obj (.text:gapRole_processGAPMsg$56)
                  0000164c    0000023c     peripheral.obj (.text:GAPRole_SetParameter)
                  00001888    00000228     drivers_cc26xxware.aem3 : PowerCC26XX.oem3 (.text:Power_sleep)
                  00001ab0    00000204     driverlib.lib : sys_ctrl.obj (.text:NOROM_SysCtrlSetRechargeBeforePowerDown)
                  00001cb4    000001f4     rtsv7M3_T_le_eabi.lib : ull_div_t2.obj (.text)
                  00001ea8    000001e0     sensortag.obj (.text:SensorTag_init$2)
                  00002088    000001d0     drivers_cc26xxware.aem3 : PowerCC26XX_calibrateRCOSC.oem3 (.text:calibrateRcoscHf1)
                  00002258    000001a8     PINCC26XX.obj (.text:PIN_init)
                  00002400    000001a8     RFCC26XX_singleMode.obj (.text:abortCmd$23)
                  000025a8    00000184     drivers_cc26xxware.aem3 : PowerCC26XX_calibrateRCOSC.oem3 (.text:PowerCC26XX_doCalibrate)
                  0000272c    00000170     RFCC26XX_singleMode.obj (.text:RF_postCmd)
                  0000289c    00000158     SPICC26XXDMA.obj (.text:SPICC26XXDMA_initIO$25)
                  000029f4    0000014c     SPICC26XXDMA.obj (.text:SPICC26XXDMA_open)
                  00002b40    00000138     sensortag_factoryreset.obj (.text:SensorTagFactoryReset_storeCurrentImage)
                  00002c78    00000130     driverlib.lib : setup.obj (.text:NOROM_SetupAfterColdResetWakeupFromShutDownCfg3)
                  00002da8    00000120     peripheral.obj (.text:GAPRole_GetParameter)
                  00002ec8    0000011c     drivers_cc26xxware.aem3 : PowerCC26XX.oem3 (.text:Power_init)
                  00002fe4    00000114     RFCC26XX_singleMode.obj (.text:fsmSetupState$23)
                  000030f8    00000110     RFCC26XX_singleMode.obj (.text:hwiFxnCpe0Active$23)
                  00003208    000000fc     I2CCC26XX.obj (.text:I2CCC26XX_open)
                  00003304    000000fc     peripheral.obj (.text:gapRole_taskFxn$56)
                  00003400    000000f8     sysbios.aem3 : BIOS.obj (.text:xdc_runtime_Startup_startMods__I)
                  000034f8    000000f0     SPICC26XXDMA.obj (.text:SPICC26XXDMA_transferCancel)
                  000035e8    000000ec     icall.obj (.text:ICall_primWaitMatch$28)
                  000036d4    000000ec     RFCC26XX_singleMode.obj (.text:rf_init$23)
                  000037c0    000000ec     registerservice.obj (.text:sensor_WriteAttrCB$57)
                  000038ac    000000e8     sensortag.obj (.text:SensorTag_processStateChangeEvt$2)
                  00003994    000000e0     I2CCC26XX.obj (.text:I2CCC26XX_hwiFxn$20)
                  00003a74    000000dc     sensortag_keys.obj (.text:SensorTagKeys_processEvent)
                  00003b50    000000d4     driverlib.lib : setup.obj (.text:NOROM_SetupAfterColdResetWakeupFromShutDownCfg2)
                  00003c24    000000d4     drivers_cc26xxware.aem3 : PowerCC26XX.oem3 (.text:Power_releaseDependency)
                  00003cf8    000000d0                             : PowerCC26XX.oem3 (.text:Power_setDependency)
                  00003dc8    000000cc     SPICC26XXDMA.obj (.text:SPICC26XXDMA_transfer)
                  00003e94    000000cc     driverlib.lib : setup.obj (.text:TrimAfterColdResetWakeupFromShutDown$86)
                  00003f60    000000cc     sysbios.aem3 : BIOS.obj (.text:ti_sysbios_knl_Semaphore_pend__E)
                  0000402c    000000cc                  : BIOS.obj (.text:ti_sysbios_knl_Task_Instance_init__E)
                  000040f8    000000c8     SPICC26XXDMA.obj (.text:SPICC26XXDMA_configDMA$25)
                  000041c0    000000c8     RFCC26XX_singleMode.obj (.text:fsmPowerUpState$23)
                  00004288    000000c8     sysbios.aem3 : m3_Hwi_asm.obj (.text:ti_sysbios_family_arm_m3_Hwi_dispatch__I)
                  00004350    000000c4     I2CCC26XX.obj (.text:I2CCC26XX_transfer)
                  00004414    000000c4     RFCC26XX_singleMode.obj (.text:swiFxnHw$23)
                  000044d8    000000c0     RFCC26XX_singleMode.obj (.text:RF_open)
                  00004598    000000c0     ioservice.obj (.text:io_WriteAttrCB$49)
                  00004658    000000bc     power_cc26xx_tirtos.aem3 : PowerCC26XX_tirtos.oem3 (.text:PowerCC26XX_standbyPolicy)
                  00004714    000000b4     PINCC26XX.obj (.text:PINCC26XX_setIoCfg$22)
                  000047c8    000000b4     sensortag_factoryreset.obj (.text:SensorTagFactoryReset_hasImage)
                  0000487c    000000b0     sensortag_io.obj (.text:SensorTagIO_processCharChangeEvt)
                  0000492c    000000b0     devinfoservice.obj (.text:devInfo_ReadAttrCB$45)
                  000049dc    000000b0     peripheral.obj (.text:gapRole_init$56)
                  00004a8c    000000ac     oad.obj (.text:OAD_imgBlockWrite)
                  00004b38    000000a8     oad.obj (.text:oadWriteAttrCB$53)
                  00004be0    000000a4     driverlib.lib : setup.obj (.text:NOROM_SetupTrimDevice)
                  00004c84    000000a4     ccservice.obj (.text:ccService_WriteAttrCB$44)
                  00004d28    000000a0     SPICC26XXDMA.obj (.text:SPICC26XXDMA_hwiFxn$25)
                  00004dc8    000000a0     auto_init.aem3 : auto_init.oem3 (.text)
                  00004e68    0000009c     oad.obj (.text:OAD_imgIdentifyWrite)
                  00004f04    0000009c     sensortag_keys.obj (.text:SensorTagKeys_clockHandler$11)
                  00004fa0    0000009c     sensortag.obj (.text:SensorTag_taskFxn$2)
                  0000503c    0000009c     SensorTmp007.obj (.text:SensorTmp007_test)
                  000050d8    0000009c     rtsv7M3_T_le_eabi.lib : memcpy_t2.obj (.text)
                  00005174    00000098     PINCC26XX.obj (.text:PIN_open)
                  0000520c    00000098     sysbios.aem3 : BIOS.obj (.text:ti_sysbios_knl_Clock_workFuncDynamic__E)
                  000052a4    00000096     SensorBmp280.obj (.text:SensorBmp280_test)
                  0000533a    00000002     ble_user_config.obj (.text:DefaultAssertCback)
                  0000533c    00000094     gattservapp_util.obj (.text:GATTServApp_ProcessCharCfg)
                  000053d0    00000094     SPICC26XXDMA.obj (.text:SPICC26XXDMA_control)
                  00005464    00000094     sysbios.aem3 : BIOS.obj (.text:ti_sysbios_family_arm_m3_Hwi_Instance_init__E)
                  000054f8    00000090     I2CCC26XX.obj (.text:I2CCC26XX_primeTransfer$20)
                  00005588    00000090     oad.obj (.text:crcCalcDL$53)
                  00005618    00000090     drivers_cc26xxware.aem3 : PowerCC26XX.oem3 (.text:switchXOSCHFclockFunc)
                  000056a8    0000008c     devinfoservice.obj (.text:DevInfo_SetParameter)
                  00005734    0000008c     drivers_cc26xxware.aem3 : GPTimerCC26XX.oem3 (.text:GPTimerCC26XX_open)
                  000057c0    00000088     I2CCC26XX.obj (.text:I2CCC26XX_cancel)
                  00005848    00000088     driverlib.lib : osc.obj (.text:NOROM_OSCHF_GetStartupTime)
                  000058d0    00000088     sensortag_register.obj (.text:SensorTagRegister_processCharChangeEvt)
                  00005958    00000088     registerservice.obj (.text:sensor_ReadAttrCB$57)
                  000059e0    00000084     icall.obj (.text:ICall_heapMalloc)
                  00005a64    00000084     icall.obj (.text:ICall_primSetTimer$28)
                  00005ae8    00000084     TRNGCC26XX.obj (.text:TRNGCC26XX_getNumber)
                  00005b6c    00000084     sensortag_register.obj (.text:readRegister$15)
                  00005bf0    00000080     RFCC26XX_singleMode.obj (.text:RF_pendCmd)
                  00005c70    00000080     sysbios.aem3 : BIOS.obj (.text:ti_sysbios_family_arm_m3_Hwi_initNVIC__E)
                  00005cf0    00000080                  : BIOS.obj (.text:ti_sysbios_knl_Task_postInit__I)
                  00005d70    00000080                  : BIOS.obj (.text:xdc_runtime_Core_createObject__I)
                  00005df0    0000007c     drivers_cc26xxware.aem3 : PowerCC26XX.oem3 (.text:disableLFClockQualifiers)
                  00005e6c    0000007a     rtsv7M3_T_le_eabi.lib : memset_t2.obj (.text)
                  00005ee6    00000002     SPICC26XXDMA.obj (.text:SPICC26XXDMA_serviceISR$25)
                  00005ee8    00000078     driverlib.lib : setup.obj (.text:NOROM_SetupAfterColdResetWakeupFromShutDownCfg1)
                  00005f60    00000078     oad.obj (.text:OAD_rejectImage$53)
                  00005fd8    00000078     SensorTagTest.obj (.text:SensorTag_testExecute)
                  00006050    00000078     sysbios.aem3 : BIOS.obj (.text:ti_sysbios_knl_Clock_walkQueueDynamic__E)
                  000060c8    00000074     icall_cc2650.obj (.text:ICallPlatform_pwrUpdActivityCounter)
                  0000613c    00000074     icall.obj (.text:ICall_primSend$28)
                  000061b0    00000074     drivers_cc26xxware.aem3 : PowerCC26XX_calibrateRCOSC.oem3 (.text:PowerCC26XX_auxISR)
                  00006224    00000074     sensortag_register.obj (.text:SensorTagRegister_reset)
                  00006298    00000074     drivers_cc26xxware.aem3 : PowerCC26XX_calibrateRCOSC.oem3 (.text:calibrateRcoscHf2)
                  0000630c    00000074     peripheral.obj (.text:gapRole_startConnUpdate$56)
                  00006380    00000072     ExtFlash.obj (.text:ExtFlash_write)
                  000063f2    00000002     RFCC26XX_singleMode.obj (.text:defaultErrCb$23)
                  000063f4    00000070     driverlib.lib : chipinfo.obj (.text:NOROM_ChipInfo_GetHwRevision)
                  00006464    00000070     SensorI2C.obj (.text:SensorI2C_select)
                  000064d4    00000070     sysbios.aem3 : BIOS.obj (.text:ti_sysbios_knl_Task_sleep__E)
                  00006544    0000006c     icall.obj (.text:ICall_createRemoteTasks)
                  000065b0    0000006c     icall.obj (.text:ICall_heapInit)
                  0000661c    0000006c     driverlib.lib : setup.obj (.text:NOROM_SetupGetTrimForAmpcompCtrl)
                  00006688    0000006c     drivers_cc26xxware.aem3 : PowerCC26XX.oem3 (.text:PowerCC26XX_calibrate)
                  000066f4    0000006c     gattservapp_util.obj (.text:gattServApp_SendNotiInd$47)
                  00006760    0000006c     sysbios.aem3 : BIOS.obj (.text:xdc_runtime_Memory_alloc__E)
                  000067cc    0000006a     rtsv7M3_T_le_eabi.lib : copy_decompress_rle.obj (.text)
                  00006836    00000002     drivers_cc26xxware.aem3 : PowerCC26XX.oem3 (.text:emptyClockFunc)
                  00006838    00000068     driverlib.lib : setup.obj (.text:NOROM_SetupGetTrimForAnabypassValue1)
                  000068a0    00000068                   : sys_ctrl.obj (.text:NOROM_SysCtrl_DCDC_VoltageConditionalControl)
                  00006908    00000068     oad_target_external_flash.obj (.text:OADTarget_getCurrentImageHeader)
                  00006970    00000068     sensortag_conn_ctrl.obj (.text:SensorTagConnectionControl_update)
                  000069d8    00000068     sensortag_factoryreset.obj (.text:SensorTagFactoryReset_extFlashErase)
                  00006a40    00000068     RFCC26XX_singleMode.obj (.text:fsmPowerDownState$23)
                  00006aa8    00000068     sysbios.aem3 : BIOS.obj (.text:ti_sysbios_knl_Clock_startI__E)
                  00006b10    00000068                  : BIOS.obj (.text:ti_sysbios_knl_Swi_restoreHwi__E)
                  00006b78    00000066     SensorHdc1000.obj (.text:SensorHdc1000_test)
                  00006bde    00000002     sysbios.aem3 : BIOS.obj (.text:ti_sysbios_BIOS_linkedWithIncorrectBootLibrary__E)
                  00006be0    00000064     I2CCC26XX.obj (.text:I2CCC26XX_close)
                  00006c44    00000064     PINCC26XX.obj (.text:PIN_add)
                  00006ca8    00000064     sysbios.aem3 : BIOS.obj (.text:ti_sysbios_family_arm_cc26xx_Timer_start__E)
                  00006d0c    00000064                  : BIOS.obj (.text:ti_sysbios_knl_Semaphore_post__E)
                  00006d70    00000060     drivers_cc26xxware.aem3 : GPTimerCC26XX.oem3 (.text:GPTimerCC26XX_registerInterrupt)
                  00006dd0    00000060     I2CCC26XX.obj (.text:I2CCC26XX_initIO$20)
                  00006e30    00000060     icall.obj (.text:ICall_primEnroll$28)
                  00006e90    00000060     oad.obj (.text:OAD_sendStatus$53)
                  00006ef0    00000060     drivers_cc26xxware.aem3 : PowerCC26XX_calibrateRCOSC.oem3 (.text:PowerCC26XX_RCOSC_clockFunc)
                  00006f50    00000060     RFCC26XX_singleMode.obj (.text:RF_getCurrentTime)
                  00006fb0    00000060     battservice.obj (.text:battReadAttrCB$43)
                  00007010    00000060     ntp.obj (.text:sensorTaskFxn$1)
                  00007070    00000060     drivers_cc26xxware.aem3 : PowerCC26XX_calibrateRCOSC.oem3 (.text:updateSubSecInc)
                  000070d0    0000005c     ExtFlash.obj (.text:ExtFlash_erase)
                  0000712c    0000005c     gptimer.obj (.text:GPT_taskFxn$0)
                  00007188    0000005c     icall.obj (.text:ICall_primThreadServes$28)
                  000071e4    0000005c     driverlib.lib : osc.obj (.text:NOROM_OSCHF_AttemptToSwitchToXosc)
                  00007240    0000005c                   : sys_ctrl.obj (.text:NOROM_SysCtrlAdjustRechargeAfterPowerDown)
                  0000729c    0000005c     ntpservice.obj (.text:Ntp_setParameter)
                  000072f8    0000005c     oad_target_external_flash.obj (.text:OADTarget_validateNewImage)
                  00007354    0000005c     oad.obj (.text:OAD_getNextBlockReq$53)
                  000073b0    0000005c     PINCC26XX.obj (.text:PIN_remove)
                  0000740c    0000005c     SensorMpu9250.obj (.text:SensorMpu9250_test)
                  00007468    0000005c     UDMACC26XX.obj (.text:UDMACC26XX_open)
                  000074c4    0000005c     RFCC26XX_singleMode.obj (.text:applyRfCorePatch$23)
                  00007520    0000005c     RFCC26XX_singleMode.obj (.text:decActiveClientCnt$23)
                  0000757c    0000005c     sysbios.aem3 : BIOS.obj (.text:ti_sysbios_knl_Task_Module_startup__E)
                  000075d8    0000005c                  : BIOS.obj (.text:ti_sysbios_knl_Task_startCore__E)
                  00007634    0000005a     SPICC26XXDMA.obj (.text:SPICC26XXDMA_close)
                  0000768e    00000002     app_ble_pem3.oem3 (.text:ti_sysbios_BIOS_nullFunc__I)
                  00007690    00000058     oad.obj (.text:OAD_addService)
                  000076e8    00000058     drivers_cc26xxware.aem3 : PowerCC26XX_calibrateRCOSC.oem3 (.text:PowerCC26XX_initiateCalibration)
                  00007740    00000058     SPICC26XXDMA.obj (.text:SPICC26XXDMA_initHw$25)
                  00007798    00000058     sensortag_keys.obj (.text:processGapStateChange$11)
                  000077f0    00000058     sysbios.aem3 : BIOS.obj (.text:ti_sysbios_family_arm_m3_Hwi_postInit__I)
                  00007848    00000058                  : BIOS.obj (.text:ti_sysbios_knl_Swi_Instance_init__E)
                  000078a0    00000058                  : BIOS.obj (.text:ti_sysbios_knl_Swi_run__I)
                  000078f8    00000054     I2CCC26XX.obj (.text:I2CCC26XX_swiFxn$20)
                  0000794c    00000054     SensorI2C.obj (.text:SensorI2C_open)
                  000079a0    00000054     sensortag_factoryreset.obj (.text:calcImageCRC$8)
                  000079f4    00000054     drivers_cc26xxware.aem3 : PowerCC26XX.oem3 (.text:configureXOSCHF)
                  00007a48    00000054     RFCC26XX_singleMode.obj (.text:fsmXOSCState$23)
                  00007a9c    00000054     RFCC26XX_singleMode.obj (.text:hwiFxnHw$23)
                  00007af0    00000054     RFCC26XX_singleMode.obj (.text:ratChanFree$23)
                  00007b44    00000054     rtsv7M3_T_le_eabi.lib : exit.obj (.text)
                  00007b98    00000054     sysbios.aem3 : BIOS.obj (.text:ti_sysbios_family_arm_m3_Hwi_dispatchC__I)
                  00007bec    00000054                  : BIOS.obj (.text:ti_sysbios_knl_Swi_schedule__I)
                  00007c40    00000052     icall.obj (.text:ICall_primWait$28)
                  00007c92    00000052     SPICC26XXDMA.obj (.text:SPICC26XXDMA_swiFxn$25)
                  00007ce4    00000052     sensortag_conn_ctrl.obj (.text:SensorTagConnControl_processCharChangeEvt)
                  00007d36    00000050     ExtFlash.obj (.text:ExtFlash_read)
                  00007d86    00000002     sysbios.aem3 : BIOS.obj (.text:ti_sysbios_gates_GateHwi_Instance_init__E)
                  00007d88    00000050     icall_api.obj (.text:GAP_DeviceInit)
                  00007dd8    00000050     icall_api.obj (.text:GAP_UpdateAdvertisingData)
                  00007e28    00000050     icall.obj (.text:ICall_primRegisterApp$28)
                  00007e78    00000050     driverlib.lib : setup.obj (.text:NOROM_SetupSetCacheModeAccordingToCcfgSetting)
                  00007ec8    00000050     RFCC26XX_singleMode.obj (.text:RF_getInfo)
                  00007f18    00000050     oad.obj (.text:checkDL$53)
                  00007f68    00000050     RFCC26XX_singleMode.obj (.text:syncCb$23)
                  00007fb8    00000050     sysbios.aem3 : BIOS.obj (.text:ti_sysbios_knl_Swi_runLoop__I)
                  00008008    00000050                  : BIOS.obj (.text:xdc_runtime_Startup_exec__E)
                  00008058    0000004e     SensorOpt3001.obj (.text:SensorOpt3001_test)
                  000080a6    0000004e     ccservice.obj (.text:ccService_ReadAttrCB$44)
                  000080f4    0000004e     ioservice.obj (.text:io_ReadAttrCB$49)
                  00008142    0000004e     ntpservice.obj (.text:sensor_ReadAttrCB$52)
                  00008190    0000004c     ExtFlash.obj (.text:ExtFlash_waitReady$32)
                  000081dc    0000004c     drivers_cc26xxware.aem3 : GPTimerCC26XX.oem3 (.text:GPTimerCC26XX_start)
                  00008228    0000004c     icall.obj (.text:ICall_newTask$28)
                  00008274    0000004c     icall.obj (.text:ICall_primGetEntityId$28)
                  000082c0    0000004c     driverlib.lib : osc.obj (.text:NOROM_OSCClockSourceSet)
                  0000830c    0000004c     sensortag.obj (.text:SensorTag_setDeviceInfo$2)
                  00008358    0000004c     util.obj (.text:Util_constructClock)
                  000083a4    0000004c     battservice.obj (.text:battWriteAttrCB$43)
                  000083f0    0000004c     RFCC26XX_singleMode.obj (.text:dispatchOpWhen$23)
                  0000843c    0000004c     peripheral.obj (.text:gapRole_processStackMsg$56)
                  00008488    0000004c     rtsv7M3_T_le_eabi.lib : cpy_tbl.obj (.text)
                  000084d4    0000004c     sysbios.aem3 : m3_TaskSupport_asm.obj (.text:ti_sysbios_family_arm_m3_TaskSupport_buildTaskStack)
                  00008520    0000004c                  : BIOS.obj (.text:ti_sysbios_knl_Task_schedule__I)
                  0000856c    0000004a     gattservapp_util.obj (.text:GATTServApp_ProcessCCCWriteReq)
                  000085b6    00000002     sysbios.aem3 : BIOS.obj (.text:ti_sysbios_knl_Clock_logTick__E)
                  000085b8    00000048     drivers_cc26xxware.aem3 : GPTimerCC26XX.oem3 (.text:GPTimerCC26XXHwiFxn)
                  00008600    00000048     I2CCC26XX.obj (.text:I2CCC26XX_initHw$20)
                  00008648    00000048     driverlib.lib : chipinfo.obj (.text:NOROM_ChipInfo_GetChipFamily)
                  00008690    00000048                   : ddi.obj (.text:NOROM_DDI16BitfieldWrite)
                  000086d8    00000048     sensortag_oad.obj (.text:SensorTag_processOadWriteCB$13)
                  00008720    00000048     battservice.obj (.text:battNotify$43)
                  00008768    00000048     icall_api.obj (.text:gattIndNoti$31)
                  000087b0    00000048     drivers_cc26xxware.aem3 : PowerCC26XX.oem3 (.text:notify)
                  000087f8    00000048     sysbios.aem3 : BIOS.obj (.text:ti_sysbios_family_arm_m3_Hwi_Module_startup__E)
                  00008840    00000048                  : m3_Hwi_asm_switch.obj (.text:ti_sysbios_family_arm_m3_Hwi_initStacks__E)
                  00008888    00000048     app_ble_pem3.oem3 (.text:ti_sysbios_hal_Hwi_create)
                  000088d0    00000048     sensortag_register.obj (.text:writeRegister$15)
                  00008918    00000048     sysbios.aem3 : BIOS.obj (.text:xdc_runtime_Core_assignParams__I)
                  00008960    00000048                  : BIOS.obj (.text:xdc_runtime_Core_constructObject__I)
                  000089a8    00000046     simplekeys.obj (.text:SK_readAttrCB$58)
                  000089ee    00000002     sysbios.aem3 : BIOS.obj (.text:ti_sysbios_knl_Clock_triggerFunc__I)
                  000089f0    00000044     icall_api.obj (.text:GAP_TerminateLinkReq)
                  00008a34    00000044     PINCC26XX.obj (.text:PIN_swi$22)
                  00008a78    00000044     sensortag_io.obj (.text:SensorTagIO_blinkLed)
                  00008abc    00000044     sensortag_io.obj (.text:SensorTagIO_reset)
                  00008b00    00000044     boot.aem3 : boot.oem3 (.text)
                  00008b44    00000044     icall_api.obj (.text:gapSendParamAndPtrCmd$31)
                  00008b88    00000044     SensorMpu9250.obj (.text:sensorMpu9250SetBypass$36)
                  00008bcc    00000044     app_ble_pem3.oem3 (.text:ti_sysbios_family_arm_m3_Hwi_Object__create__S)
                  00008c10    00000044     sysbios.aem3 : BIOS.obj (.text:ti_sysbios_family_arm_m3_Hwi_disableInterrupt__E)
                  00008c54    00000044                  : BIOS.obj (.text:ti_sysbios_family_arm_m3_Hwi_enableInterrupt__E)
                  00008c98    00000044                  : BIOS.obj (.text:ti_sysbios_knl_Swi_post__E)
                  00008cdc    00000044                  : BIOS.obj (.text:ti_sysbios_knl_Task_allBlockedFunction__I)
                  00008d20    00000044     app_ble_pem3.oem3 (.text:ti_sysbios_knl_Task_create)
                  00008d64    00000042     icall.obj (.text:ICall_primCreateTask$28)
                  00008da6    00000002     sysbios.aem3 : BIOS.obj (.text:ti_sysbios_knl_Swi_Instance_finalize__E)
                  00008da8    00000040     ExtFlash.obj (.text:ExtFlash_open)
                  00008de8    00000040     ExtFlash.obj (.text:ExtFlash_readInfo$32)
                  00008e28    00000040     peripheral.obj (.text:GAPRole_createTask)
                  00008e68    00000040     driverlib.lib : ddi.obj (.text:NOROM_DDI16BitfieldRead)
                  00008ea8    00000040     oad_target_external_flash.obj (.text:OADTarget_storeImageHeader)
                  00008ee8    00000040     RFCC26XX_singleMode.obj (.text:RF_getRssi)
                  00008f28    00000040     SensorMpu9250.obj (.text:SensorMpu9250_magTest)
                  00008f68    00000040     sensortag_factoryreset.obj (.text:SensorTagFactoryReset_applyFactoryImage)
                  00008fa8    00000040     sensortag_oad.obj (.text:SensorTagOad_processEvent)
                  00008fe8    00000040     ExtFlash.obj (.text:extFlashVerifyPart$32)
                  00009028    00000040     sysbios.aem3 : BIOS.obj (.text:ti_sysbios_family_arm_m3_Hwi_getStackInfo__E)
                  00009068    00000040                  : BIOS.obj (.text:xdc_runtime_HeapMin_alloc__E)
                  000090a8    0000003e     icall_api.obj (.text:hciSendParamsCmd$31)
                  000090e6    00000002     sysbios.aem3 : BIOS.obj (.text:xdc_runtime_Error_policySpin__E)
                  000090e8    0000003c     icall_api.obj (.text:GAP_GetParamValue)
                  00009124    0000003c     icall_api.obj (.text:GATTServApp_RegisterService)
                  00009160    0000003c     gptimer.obj (.text:GPT_createTask)
                  0000919c    0000003c     icall_cc2650.obj (.text:ICallPlatform_pwrConfigACAction)
                  000091d8    0000003c     driverlib.lib : osc.obj (.text:NOROM_OSC_HPOSCRelativeFrequencyOffsetGet)
                  00009214    0000003c                   : rfc.obj (.text:NOROM_RFCSynthPowerDown)
                  00009250    0000003c     PINCC26XX.obj (.text:PINCC26XX_getConfig)
                  0000928c    0000003c     RFCC26XX_singleMode.obj (.text:RF_runCmd)
                  000092c8    0000003c     registerservice.obj (.text:Register_setParameter)
                  00009304    0000003c     SPICC26XXDMA.obj (.text:SPICC26XXDMA_csnCallback$25)
                  00009340    0000003c     SensorI2C.obj (.text:SensorI2C_writeRead)
                  0000937c    0000003c     sensortag_buzzer.obj (.text:SensorTagBuzzer_open)
                  000093b8    0000003c     sensortag_buzzer.obj (.text:SensorTagBuzzer_setFrequency)
                  000093f4    0000003c     ntp.obj (.text:SensorTagNtp_createTask)
                  00009430    0000003c     sensortag.obj (.text:SensorTag_createTask)
                  0000946c    0000003c     oad.obj (.text:oadReadAttrCB$53)
                  000094a8    0000003c     RFCC26XX_singleMode.obj (.text:postDirImmCmd$23)
                  000094e4    0000003c     icall_api.obj (.text:profileSetParameter$31)
                  00009520    0000003c     icall_api.obj (.text:sendWaitMatchCS$31)
                  0000955c    0000003c     icall_api.obj (.text:sendWaitMatchValueCS$31)
                  00009598    0000003c     app_ble_pem3.oem3 (.text:ti_sysbios_family_arm_m3_Hwi_construct)
                  000095d4    0000003a     sysbios.aem3 : BIOS.obj (.text:ti_sysbios_knl_Task_exit__E)
                  0000960e    00000002                  : BIOS.obj (.text:xdc_runtime_SysCallback_defaultAbort)
                  00009610    00000038     icall_api.obj (.text:GAPBondMgr_LinkEst)
                  00009648    00000038     I2C.obj (.text:I2C_init)
                  00009680    00000038     icall.obj (.text:ICall_primGetMaxMSecs$28)
                  000096b8    00000038     SensorI2C.obj (.text:SensorI2C_write)
                  000096f0    00000038     util.obj (.text:Util_restartClock)
                  00009728    00000038     battservice.obj (.text:battMeasure$43)
                  00009760    00000038     battservice.obj (.text:battNotifyLevel$43)
                  00009798    00000038     peripheral.obj (.text:gapRole_HandleParamUpdateNoSuccess$56)
                  000097d0    00000038     icall_api.obj (.text:linkDB_NumConns)
                  00009808    00000038     icall_api.obj (.text:registerTask$31)
                  00009840    00000038     sysbios.aem3 : BIOS.obj (.text:ti_sysbios_family_arm_cc26xx_Timer_getCurrentTick__E)
                  00009878    00000038                  : BIOS.obj (.text:ti_sysbios_family_arm_m3_Hwi_Instance_finalize__E)
                  000098b0    00000038                  : BIOS.obj (.text:ti_sysbios_knl_Clock_Instance_init__E)
                  000098e8    00000038     app_ble_pem3.oem3 (.text:ti_sysbios_knl_Clock_create)
                  00009920    00000038     app_ble_pem3.oem3 (.text:ti_sysbios_knl_Swi_construct)
                  00009958    00000038     app_ble_pem3.oem3 (.text:ti_sysbios_knl_Task_construct)
                  00009990    00000038     sysbios.aem3 : BIOS.obj (.text:xdc_runtime_System_atexit__E)
                  000099c8    00000036     UDMACC26XX.obj (.text:UDMACC26XX_close)
                  000099fe    00000036     RFCC26XX_singleMode.obj (.text:updateImplicitState$23)
                  00009a34    00000034     icall_api.obj (.text:GAPBondMgr_SetParameter)
                  00009a68    00000034     peripheral.obj (.text:GAPRole_SendUpdateParam)
                  00009a9c    00000034     icall_api.obj (.text:GAP_SetParamValue)
                  00009ad0    00000034     drivers_cc26xxware.aem3 : GPTimerCC26XX.oem3 (.text:GPTimerCC26XXSetLoadMatch)
                  00009b04    00000034                             : GPTimerCC26XX.oem3 (.text:GPTimerCC26XX_initHw)
                  00009b38    00000034     icall.obj (.text:ICall_primEntityId2ServiceId$28)
                  00009b6c    00000034     icall.obj (.text:ICall_primFetchMsg$28)
                  00009ba0    00000034     icall.obj (.text:ICall_primRegisterISR$28)
                  00009bd4    00000034     icall.obj (.text:ICall_primRegisterISR_Ext$28)
                  00009c08    00000034     icall.obj (.text:ICall_searchServiceEntity)
                  00009c3c    00000034     ioservice.obj (.text:Io_setParameter)
                  00009c70    00000034     driverlib.lib : ddi.obj (.text:NOROM_DDI32RegWrite)
                  00009ca4    00000034                   : osc.obj (.text:NOROM_OSCHF_SwitchToRcOscTurnOffXosc)
                  00009cd8    00000034     PINCC26XX.obj (.text:PIN_setOutputValue)
                  00009d0c    00000034     drivers_cc26xxware.aem3 : PowerCC26XX.oem3 (.text:PowerCC26XX_isStableXOSC_HF)
                  00009d40    00000034     RFCC26XX_singleMode.obj (.text:Q_push$23)
                  00009d74    00000034     registerservice.obj (.text:Register_getParameter)
                  00009da8    00000034     sensortag_keys.obj (.text:SensorTagKeys_processKeyRight)
                  00009ddc    00000034     sensortag_keys.obj (.text:SensorTagKeys_processRelay)
                  00009e10    00000034     icall_api.obj (.text:osal_snv_read)
                  00009e44    00000034     icall_api.obj (.text:osal_snv_write)
                  00009e78    00000034     icall_api.obj (.text:profileAddService$31)
                  00009eac    00000034     sysbios.aem3 : BIOS.obj (.text:ti_sysbios_family_arm_cc26xx_Timer_initDevice__I)
                  00009ee0    00000034     app_ble_pem3.oem3 (.text:ti_sysbios_knl_Clock_construct)
                  00009f14    00000034     app_ble_pem3.oem3 (.text:ti_sysbios_knl_Semaphore_create)
                  00009f48    00000034     sysbios.aem3 : BIOS.obj (.text:ti_sysbios_knl_Swi_restore__E)
                  00009f7c    00000034                  : BIOS.obj (.text:ti_sysbios_knl_Task_blockI__E)
                  00009fb0    00000032     icall_api.obj (.text:gapSendParamsCmd$31)
                  00009fe2    00000032     icall_api.obj (.text:gapSendPtrParamsCmd$31)
                  0000a014    00000032     icall_api.obj (.text:matchGapSetGetParamCS$31)
                  0000a046    00000032     icall_api.obj (.text:matchGattCmdStatus$31)
                  0000a078    00000032     icall_api.obj (.text:matchUtilNvCS$31)
                  0000a0aa    00000032     sysbios.aem3 : BIOS.obj (.text:ti_sysbios_family_arm_cc26xx_Timer_setNextTick__E)
                  0000a0dc    00000030     ExtFlash.obj (.text:ExtFlash_close)
                  0000a10c    00000030     icall_cc2650.obj (.text:ICallPlatform_pwrNotify$29)
                  0000a13c    00000030     icall_cc2650.obj (.text:ICallPlatform_pwrRegisterNotify)
                  0000a16c    00000030     icall.obj (.text:ICall_msecs2Ticks$28)
                  0000a19c    00000030     icall.obj (.text:ICall_searchTask$28)
                  0000a1cc    00000030     driverlib.lib : setup.obj (.text:NOROM_SetupSetAonRtcSubSecInc)
                  0000a1fc    00000030                   : trng.obj (.text:NOROM_TRNGConfigure)
                  0000a22c    00000030     PINCC26XX.obj (.text:PIN_setInterrupt)
                  0000a25c    00000030     drivers_cc26xxware.aem3 : PowerCC26XX.oem3 (.text:Power_releaseConstraint)
                  0000a28c    00000030                             : PowerCC26XX.oem3 (.text:Power_setConstraint)
                  0000a2bc    00000030     ExtFlash.obj (.text:Spi_open$32)
                  0000a2ec    00000030     ExtFlash.obj (.text:Spi_read$32)
                  0000a31c    00000030     ExtFlash.obj (.text:Spi_write$32)
                  0000a34c    00000030     oad.obj (.text:crc16$53)
                  0000a37c    00000030     sensortag_factoryreset.obj (.text:crc16$8)
                  0000a3ac    00000030     oad_target_external_flash.obj (.text:saveImageInfo)
                  0000a3dc    00000030     app_ble_pem3.oem3 (.text:ti_sysbios_BIOS_atExitFunc__I)
                  0000a40c    00000030     app_ble_pem3.oem3 (.text:ti_sysbios_BIOS_startFunc__I)
                  0000a43c    00000030     sysbios.aem3 : BIOS.obj (.text:ti_sysbios_family_arm_cc26xx_Timer_setThreshold__I)
                  0000a46c    00000030     app_ble_pem3.oem3 (.text:ti_sysbios_gates_GateHwi_Object__create__S)
                  0000a49c    00000030     app_ble_pem3.oem3 (.text:ti_sysbios_gates_GateMutex_Object__create__S)
                  0000a4cc    00000030     sysbios.aem3 : BIOS.obj (.text:ti_sysbios_gates_GateMutex_enter__E)
                  0000a4fc    00000030     app_ble_pem3.oem3 (.text:ti_sysbios_knl_Semaphore_construct)
                  0000a52c    00000030     sysbios.aem3 : BIOS.obj (.text:ti_sysbios_knl_Task_processVitalTaskFlag__I)
                  0000a55c    00000030     app_ble_pem3.oem3 (.text:xdc_runtime_HeapMin_Object__create__S)
                  0000a58c    00000030     sysbios.aem3 : BIOS.obj (.text:xdc_runtime_HeapMin_free__E)
                  0000a5bc    00000030                  : BIOS.obj (.text:xdc_runtime_System_processAtExit__E)
                  0000a5ec    0000002e     icall_cc2650.obj (.text:ICallPlatform_pwrDispenseImpl$29)
                  0000a61a    0000002e     icall_cc2650.obj (.text:ICallPlatform_pwrRequireImpl$29)
                  0000a648    0000002e     sensortag.obj (.text:ICall_fetchServiceMsg$2)
                  0000a676    0000002e     peripheral.obj (.text:ICall_fetchServiceMsg$56)
                  0000a6a4    0000002e     icall.obj (.text:ICall_msgDequeue$28)
                  0000a6d2    0000002e     simplekeys.obj (.text:SK_writeAttrCB$58)
                  0000a700    0000002e     icall_api.obj (.text:matchProfileAddServiceCS$31)
                  0000a72e    0000002e     sysbios.aem3 : BIOS.obj (.text:ti_sysbios_family_arm_m3_TaskSupport_start__E)
                  0000a75c    0000002c     ExtFlash.obj (.text:ExtFlash_writeEnable$32)
                  0000a788    0000002c     icall_api.obj (.text:GAPBondMgr_Register)
                  0000a7b4    0000002c     drivers_cc26xxware.aem3 : GPTimerCC26XX.oem3 (.text:GPTimerCC26XX_getTimerValue)
                  0000a7e0    0000002c     icall.obj (.text:ICall_heapFree)
                  0000a80c    0000002c     battservice.obj (.text:ICall_malloc$43)
                  0000a838    0000002c     ccservice.obj (.text:ICall_malloc$44)
                  0000a864    0000002c     ioservice.obj (.text:ICall_malloc$49)
                  0000a890    0000002c     oad.obj (.text:ICall_malloc$53)
                  0000a8bc    0000002c     simplekeys.obj (.text:ICall_malloc$58)
                  0000a8e8    0000002c     icall.obj (.text:ICall_msgEnqueue$28)
                  0000a914    0000002c     icall.obj (.text:ICall_primAllocMsg$28)
                  0000a940    0000002c     icall.obj (.text:ICall_primFetchServiceMsg$28)
                  0000a96c    0000002c     icall_api.obj (.text:ICall_sendServiceMsg$31)
                  0000a998    0000002c     driverlib.lib : setup.obj (.text:NOROM_SetupGetTrimForRadcExtCfg)
                  0000a9c4    0000002c     PINCC26XX.obj (.text:PINCC26XX_setMux)
                  0000a9f0    0000002c     PINCC26XX.obj (.text:PIN_setConfig)
                  0000aa1c    0000002c     simplekeys.obj (.text:SK_SetParameter)
                  0000aa48    0000002c     SensorI2C.obj (.text:SensorI2C_writeReg)
                  0000aa74    0000002c     sensortag_batt.obj (.text:SensorTagBatt_init)
                  0000aaa0    0000002c     ExtFlash.obj (.text:extFlashPowerStandby$32)
                  0000aacc    0000002c     RFCC26XX_singleMode.obj (.text:getCmd$23)
                  0000aaf8    0000002c     sysbios.aem3 : BIOS.obj (.text:ti_sysbios_hal_Hwi_initStack)
                  0000ab24    0000002c                  : BIOS.obj (.text:ti_sysbios_knl_Clock_getTicksUntilInterrupt__E)
                  0000ab50    0000002c     app_ble_pem3.oem3 (.text:ti_sysbios_knl_Queue_construct)
                  0000ab7c    0000002c     sysbios.aem3 : BIOS.obj (.text:ti_sysbios_knl_Semaphore_pendTimeout__I)
                  0000aba8    0000002c                  : BIOS.obj (.text:ti_sysbios_knl_Task_unblockI__E)
                  0000abd4    0000002c     st_util.obj (.text:utilExtractUuid16)
                  0000ac00    0000002a     drivers_cc26xxware.aem3 : GPTimerCC26XX.oem3 (.text:GPTimerCC26XXLookupMask)
                  0000ac2a    0000002a     icall_api.obj (.text:ICall_waitMatch$31)
                  0000ac54    0000002a     TRNGCC26XX.obj (.text:TRNGCC26XX_isParamValid)
                  0000ac7e    0000002a     util.obj (.text:Util_enqueueMsg)
                  0000aca8    0000002a     main.obj (.text:main)
                  0000acd2    0000002a     icall_api.obj (.text:matchProfileCS$31)
                  0000acfc    00000028     battservice.obj (.text:Batt_AddService)
                  0000ad24    00000028     ccservice.obj (.text:CcService_addService)
                  0000ad4c    00000028     ccservice.obj (.text:CcService_setParameter)
                  0000ad74    00000028     gattservapp_util.obj (.text:GATTServApp_WriteCharCfg)
                  0000ad9c    00000028     drivers_cc26xxware.aem3 : GPTimerCC26XX.oem3 (.text:GPTimerCC26XX_configureDebugStall)
                  0000adc4    00000028     icall.obj (.text:ICall_init)
                  0000adec    00000028     icall.obj (.text:ICall_msgPrepend$28)
                  0000ae14    00000028     ntp.obj (.text:ICall_registerApp$1)
                  0000ae3c    00000028     sensortag.obj (.text:ICall_registerApp$2)
                  0000ae64    00000028     peripheral.obj (.text:ICall_registerApp$56)
                  0000ae8c    00000028     ioservice.obj (.text:Io_addService)
                  0000aeb4    00000028     driverlib.lib : aon_batmon.obj (.text:NOROM_AONBatMonTemperatureGetDegC)
                  0000aedc    00000028     PINCC26XX.obj (.text:PINCC26XX_getPinCount)
                  0000af04    00000028     drivers_cc26xxware.aem3 : PowerCC26XX.oem3 (.text:PowerCC26XX_switchXOSC_HF)
                  0000af2c    00000028                             : PowerCC26XX.oem3 (.text:Power_registerNotify)
                  0000af54    00000028     simplekeys.obj (.text:SK_AddService)
                  0000af7c    00000028     SPICC26XXDMA.obj (.text:SPICC26XXDMA_flushFifos$25)
                  0000afa4    00000028     driverlib.lib : adi.obj (.text:SafeHapiVoid)
                  0000afcc    00000028     sensortag_buzzer.obj (.text:SensorTagBuzzer_close)
                  0000aff4    00000028     sensortag_conn_ctrl.obj (.text:SensorTagConnControl_paramUpdateCB)
                  0000b01c    00000028     sensortag_keys.obj (.text:SensorTagKeys_init)
                  0000b044    00000028     sensortag_keys.obj (.text:SensorTagKeys_processKeyLeft)
                  0000b06c    00000028     sensortag_oad.obj (.text:SensorTagOad_init)
                  0000b094    00000028     sensortag.obj (.text:SensorTag_enqueueMsg$2)
                  0000b0bc    00000028     sensortag.obj (.text:SensorTag_processCharValueChangeEvt$2)
                  0000b0e4    00000028     TRNGCC26XX.obj (.text:TRNGCC26XX_init)
                  0000b10c    00000028     RFCC26XX_singleMode.obj (.text:clkPowerUpFxn$23)
                  0000b134    00000028     gattservapp_util.obj (.text:gattServApp_FindCharCfgItem$47)
                  0000b15c    00000028     sysbios.aem3 : BIOS.obj (.text:ti_sysbios_family_arm_cc26xx_Timer_getMaxTicks__E)
                  0000b184    00000028                  : BIOS.obj (.text:ti_sysbios_knl_Clock_addI__E)
                  0000b1ac    00000028                  : BIOS.obj (.text:ti_sysbios_knl_Task_restore__E)
                  0000b1d4    00000026     drivers_cc26xxware.aem3 : List.oem3 (.text:List_put)
                  0000b1fa    00000026     sysbios.aem3 : BIOS.obj (.text:ti_sysbios_hal_Hwi_Instance_init__E)
                  0000b220    00000024     icall_api.obj (.text:GAPBondMgr_LinkTerm)
                  0000b244    00000024     drivers_cc26xxware.aem3 : GPTimerCC26XX.oem3 (.text:GPTimerCC26XXReverseLookupMask)
                  0000b268    00000024                             : GPTimerCC26XX.oem3 (.text:GPTimerCC26XX_enableInterrupt)
                  0000b28c    00000024     I2C.obj (.text:I2C_open)
                  0000b2b0    00000024     icall_api.obj (.text:ICall_getLocalMsgEntityId$31)
                  0000b2d4    00000024     icall_api.obj (.text:ICall_threadServes$31)
                  0000b2f8    00000024     SPI.obj (.text:SPI_open)
                  0000b31c    00000024     sensortag_register.obj (.text:SensorTagRegister_update)
                  0000b340    00000024     oad_target_external_flash.obj (.text:getImageFlag)
                  0000b364    00000024     drivers_cc26xxware.aem3 : PowerCC26XX_calibrateRCOSC.oem3 (.text:getTdcSemaphore)
                  0000b388    00000024     RFCC26XX_singleMode.obj (.text:hwiFxnCpe0PowerFsm$23)
                  0000b3ac    00000024     app_ble_pem3.oem3 (.text:ti_sysbios_BIOS_registerRTSLock__I)
                  0000b3d0    00000024     app_ble_pem3.oem3 (.text:ti_sysbios_BIOS_removeRTSLock__I)
                  0000b3f4    00000024     sysbios.aem3 : BIOS.obj (.text:ti_sysbios_family_arm_cc26xx_Timer_Module_startup__E)
                  0000b418    00000024                  : BIOS.obj (.text:ti_sysbios_family_arm_cc26xx_Timer_startup__E)
                  0000b43c    00000024                  : BIOS.obj (.text:ti_sysbios_knl_Semaphore_Instance_init__E)
                  0000b460    00000024                  : BIOS.obj (.text:ti_sysbios_knl_Swi_Module_startup__E)
                  0000b484    00000022     icall.obj (.text:ICall_dispatch$28)
                  0000b4a6    00000022     sensortag_oad.obj (.text:ICall_malloc$13)
                  0000b4c8    00000022     util.obj (.text:ICall_malloc$17)
                  0000b4ea    00000022     sensortag.obj (.text:ICall_malloc$2)
                  0000b50c    00000022     rtsv7M3_T_le_eabi.lib : memcmp.obj (.text)
                  0000b52e    00000022     sysbios.aem3 : BIOS.obj (.text:ti_sysbios_family_arm_cc26xx_Timer_postInit__I)
                  0000b550    00000020     gattservapp_util.obj (.text:GATTServApp_InitCharCfg)
                  0000b570    00000020     icall_api.obj (.text:ICall_allocMsg$31)
                  0000b590    00000020     icall_api.obj (.text:ICall_getEntityId$31)
                  0000b5b0    00000020     devinfoservice.obj (.text:ICall_malloc$45)
                  0000b5d0    00000020     icall.obj (.text:ICall_primService$28)
                  0000b5f0    00000020     icall.obj (.text:ICall_searchService$28)
                  0000b610    00000020     driverlib.lib : rfc.obj (.text:NOROM_RFCDoorbellSendTo)
                  0000b630    00000020                   : rfc.obj (.text:NOROM_RFCRfTrimRead)
                  0000b650    00000020                   : setup.obj (.text:NOROM_SetupGetTrimForXoscHfCtl)
                  0000b670    00000020     drivers_cc26xxware.aem3 : PowerCC26XX.oem3 (.text:Power_unregisterNotify)
                  0000b690    00000020     sensortag_batt.obj (.text:SensorTagBatt_reset)
                  0000b6b0    00000020     sensortag_io.obj (.text:SensorTagIO_init)
                  0000b6d0    00000020     sensortag.obj (.text:SensorTag_callback$2)
                  0000b6f0    00000020     UDMACC26XX.obj (.text:UDMACC26XX_initHw$27)
                  0000b710    00000020     RFCC26XX_singleMode.obj (.text:allocCmd$23)
                  0000b730    00000020     app_ble_pem3.oem3 (.text:ti_sysbios_BIOS_rtsLock__I)
                  0000b750    00000020     sysbios.aem3 : BIOS.obj (.text:ti_sysbios_family_arm_cc26xx_Timer_dynamicStub__E)
                  0000b770    00000020                  : m3_Hwi_asm.obj (.text:ti_sysbios_family_arm_m3_Hwi_excHandlerAsm__I)
                  0000b790    00000020                  : BIOS.obj (.text:ti_sysbios_family_arm_m3_Hwi_excHandler__I)
                  0000b7b0    00000020                  : BIOS.obj (.text:ti_sysbios_knl_Clock_Module_startup__E)
                  0000b7d0    00000020                  : BIOS.obj (.text:ti_sysbios_knl_Clock_getTicks__E)
                  0000b7f0    00000020                  : BIOS.obj (.text:ti_sysbios_knl_Clock_stop__E)
                  0000b810    00000020                  : BIOS.obj (.text:ti_sysbios_knl_Idle_run__E)
                  0000b830    00000020     app_ble_pem3.oem3 (.text:ti_sysbios_knl_Semaphore_Object__destruct__S)
                  0000b850    00000020     sysbios.aem3 : BIOS.obj (.text:ti_sysbios_knl_Task_restoreHwi__E)
                  0000b870    0000001e     icall.obj (.text:ICall_primSendServiceMsg$28)
                  0000b88e    0000001e     PINCC26XX.obj (.text:PIN_close)
                  0000b8ac    0000001e     drivers_cc26xxware.aem3 : PowerCC26XX.oem3 (.text:Power_getTransitionLatency)
                  0000b8ca    0000001e     icall_api.obj (.text:matchHciCS$31)
                  0000b8e8    0000001e     sysbios.aem3 : m3_Hwi_asm_switch.obj (.text:ti_sysbios_family_xxx_Hwi_switchAndRunFunc)
                  0000b906    0000001e     icall_api.obj (.text:waitMatchCS$31)
                  0000b924    0000001c     battservice.obj (.text:Batt_MeasLevel)
                  0000b940    0000001c     icall_api.obj (.text:GATT_bm_alloc)
                  0000b95c    0000001c     icall_api.obj (.text:GATT_bm_free)
                  0000b978    0000001c     icall.obj (.text:ICall_initPrim$28)
                  0000b994    0000001c     sensortag.obj (.text:ICall_wait$2)
                  0000b9b0    0000001c     peripheral.obj (.text:ICall_wait$56)
                  0000b9cc    0000001c     driverlib.lib : osc.obj (.text:NOROM_OSCClockSourceGet)
                  0000b9e8    0000001c                   : setup.obj (.text:NOROM_SetupGetTrimForAmpcompTh2)
                  0000ba04    0000001c                   : setup.obj (.text:NOROM_SetupGetTrimForRcOscLfRtuneCtuneTrim)
                  0000ba20    0000001c     PINCC26XX.obj (.text:PINCC26XX_setIoCfgMux$22)
                  0000ba3c    0000001c     PINCC26XX.obj (.text:PIN_hwi$22)
                  0000ba58    0000001c     RFCC26XX_singleMode.obj (.text:RF_runDirectCmd)
                  0000ba74    0000001c     RFCC26XX_singleMode.obj (.text:RF_runImmediateCmd)
                  0000ba90    0000001c     SPI.obj (.text:SPI_Params_init)
                  0000baac    0000001c     sensortag_batt.obj (.text:SensorTagBatt_processCharChangeEvt)
                  0000bac8    0000001c     sensortag.obj (.text:SensorTag_processAppMsg$2)
                  0000bae4    0000001c     TRNGCC26XX.obj (.text:TRNGCC26XX_open)
                  0000bb00    0000001c     icall_api.obj (.text:getStatusValueFromErrNo$31)
                  0000bb1c    0000001c     TRNGCC26XX.obj (.text:openTRNG)
                  0000bb38    0000001c     app_ble_pem3.oem3 (.text:ti_sysbios_family_arm_m3_Hwi_Object__destruct__S)
                  0000bb54    0000001c     sysbios.aem3 : BIOS.obj (.text:ti_sysbios_family_arm_m3_Hwi_setPriority__E)
                  0000bb70    0000001c                  : BIOS.obj (.text:ti_sysbios_gates_GateMutex_Instance_init__E)
                  0000bb8c    0000001c     app_ble_pem3.oem3 (.text:ti_sysbios_hal_Hwi_HwiProxy_create)
                  0000bba8    0000001c     sysbios.aem3 : BIOS.obj (.text:ti_sysbios_knl_Clock_scheduleNextTick__E)
                  0000bbc4    0000001c     app_ble_pem3.oem3 (.text:ti_sysbios_knl_Queue_Object__destruct__S)
                  0000bbe0    0000001c     sysbios.aem3 : BIOS.obj (.text:ti_sysbios_knl_Queue_get__E)
                  0000bbfc    0000001c                  : BIOS.obj (.text:ti_sysbios_knl_Queue_put__E)
                  0000bc18    0000001c     app_ble_pem3.oem3 (.text:ti_sysbios_knl_Swi_Object__destruct__S)
                  0000bc34    0000001c     sysbios.aem3 : BIOS.obj (.text:ti_sysbios_knl_Task_enter__I)
                  0000bc50    0000001c                  : BIOS.obj (.text:xdc_runtime_Error_check__E)
                  0000bc6c    0000001c                  : BIOS.obj (.text:xdc_runtime_Error_raiseX__E)
                  0000bc88    0000001c                  : BIOS.obj (.text:xdc_runtime_Memory_valloc__E)
                  0000bca4    0000001c                  : BIOS.obj (.text:xdc_runtime_System_abort__E)
                  0000bcc0    0000001a     icall_api.obj (.text:GATT_Notification)
                  0000bcda    0000001a     icall.obj (.text:ICall_enterCSImpl)
                  0000bcf4    0000001a     icall.obj (.text:ICall_primSetTimerMSecs$28)
                  0000bd0e    0000001a     drivers_cc26xxware.aem3 : List.oem3 (.text:List_remove)
                  0000bd28    0000001a     util.obj (.text:Util_dequeueMsg)
                  0000bd42    0000001a     ExtFlash.obj (.text:extFlashPowerDown$32)
                  0000bd5c    0000001a     icall_api.obj (.text:matchGattIndNotiCS$31)
                  0000bd76    0000001a     sysbios.aem3 : m3_Hwi_asm.obj (.text:ti_sysbios_family_arm_m3_Hwi_pendSV__I)
                  0000bd90    0000001a                  : BIOS.obj (.text:ti_sysbios_knl_Task_sleepTimeout__I)
                  0000bdaa    00000002                  : BIOS.obj (.text:xdc_runtime_SysCallback_defaultExit)
                  0000bdac    00000018     battservice.obj (.text:Batt_SetParameter)
                  0000bdc4    00000018     oad.obj (.text:CheckImageDownloadCount$53)
                  0000bddc    00000018     peripheral.obj (.text:GAPRole_StartDevice)
                  0000bdf4    00000018     peripheral.obj (.text:GAPRole_TerminateConnection)
                  0000be0c    00000018     gptimer.obj (.text:GPT_int_count)
                  0000be24    00000018     I2C.obj (.text:I2C_Params_init)
                  0000be3c    00000018     icall_cc2650.obj (.text:ICallPlatform_pwrDispense)
                  0000be54    00000018     icall_cc2650.obj (.text:ICallPlatform_pwrRequire)
                  0000be6c    00000018     sensortag_oad.obj (.text:ICall_free$13)
                  0000be84    00000018     util.obj (.text:ICall_free$17)
                  0000be9c    00000018     sensortag.obj (.text:ICall_free$2)
                  0000beb4    00000018     devinfoservice.obj (.text:ICall_free$45)
                  0000becc    00000018     oad.obj (.text:ICall_free$53)
                  0000bee4    00000018     icall.obj (.text:ICall_freeMsg$28)
                  0000befc    00000018     sensortag.obj (.text:ICall_freeMsg$2)
                  0000bf14    00000018     icall_api.obj (.text:ICall_freeMsg$31)
                  0000bf2c    00000018     peripheral.obj (.text:ICall_freeMsg$56)
                  0000bf44    00000018     icall.obj (.text:ICall_primMalloc$28)
                  0000bf5c    00000018     driverlib.lib : aon_rtc.obj (.text:NOROM_AONRTCCurrentCompareValueGet)
                  0000bf74    00000018                   : chipinfo.obj (.text:NOROM_ChipInfo_GetPackageType)
                  0000bf8c    00000018                   : osc.obj (.text:NOROM_OSCHF_TurnOnXosc)
                  0000bfa4    00000018                   : rfc.obj (.text:NOROM_RFCCpeIntGetAndClear)
                  0000bfbc    00000018                   : setup.obj (.text:NOROM_SetupGetTrimForAdcShModeEn)
                  0000bfd4    00000018                   : setup.obj (.text:NOROM_SetupGetTrimForAdcShVbufEn)
                  0000bfec    00000018                   : setup.obj (.text:NOROM_SetupGetTrimForAmpcompTh1)
                  0000c004    00000018                   : setup.obj (.text:NOROM_SetupGetTrimForDblrLoopFilterResetVoltage)
                  0000c01c    00000018                   : setup.obj (.text:NOROM_SetupGetTrimForRcOscLfIBiasTrim)
                  0000c034    00000018                   : setup.obj (.text:NOROM_SetupGetTrimForXoscLfRegulatorAndCmirrwrRatio)
                  0000c04c    00000018     oad_target_external_flash.obj (.text:OADTarget_close)
                  0000c064    00000018     oad_target_external_flash.obj (.text:OADTarget_open)
                  0000c07c    00000018     oad.obj (.text:OAD_register)
                  0000c094    00000018     PINCC26XX.obj (.text:PIN_getConfig)
                  0000c0ac    00000018     drivers_cc26xxware.aem3 : PowerCC26XX.oem3 (.text:Power_idleFunc)
                  0000c0c4    00000018     RFCC26XX_singleMode.obj (.text:Q_pop$23)
                  0000c0dc    00000018     registerservice.obj (.text:Register_registerAppCBs)
                  0000c0f4    00000018     sensortag_batt.obj (.text:SensorTagBatt_clockHandler$5)
                  0000c10c    00000018     sensortag_keys.obj (.text:SensorTagKeys_reset)
                  0000c124    00000018     sensortag.obj (.text:SensorTag_clockHandler$2)
                  0000c13c    00000018     sensortag.obj (.text:SensorTag_updateAdvertisingData)
                  0000c154    00000018     ExtFlash.obj (.text:Spi_close$32)
                  0000c16c    00000018     ExtFlash.obj (.text:Spi_flash$32)
                  0000c184    00000018     drivers_cc26xxware.aem3 : PowerCC26XX.oem3 (.text:configureRFCoreClocks)
                  0000c19c    00000018     peripheral.obj (.text:gapRole_setEvent$56)
                  0000c1b4    00000018     rtsv7M3_T_le_eabi.lib : args_main.obj (.text)
                  0000c1cc    00000018                           : ll_mul_t2.obj (.text)
                  0000c1e4    00000018     RFCC26XX_singleMode.obj (.text:swiFxnFsm$23)
                  0000c1fc    00000018     app_ble_pem3.oem3 (.text:ti_sysbios_BIOS_rtsUnlock__I)
                  0000c214    00000018     app_ble_pem3.oem3 (.text:ti_sysbios_family_arm_cc26xx_Timer_Module__startupDone__F)
                  0000c22c    00000018     app_ble_pem3.oem3 (.text:ti_sysbios_family_arm_m3_Hwi_Module__startupDone__F)
                  0000c244    00000018     sysbios.aem3 : BIOS.obj (.text:ti_sysbios_family_arm_m3_Hwi_plug__E)
                  0000c25c    00000018                  : BIOS.obj (.text:ti_sysbios_gates_GateMutex_leave__E)
                  0000c274    00000018                  : BIOS.obj (.text:ti_sysbios_knl_Swi_or__E)
                  0000c28c    00000018                  : BIOS.obj (.text:ti_sysbios_knl_Task_unblock__E)
                  0000c2a4    00000018                  : BIOS.obj (.text:xdc_runtime_Core_destructObject__I)
                  0000c2bc    00000018                  : BIOS.obj (.text:xdc_runtime_System_exit__E)
                  0000c2d4    00000016     main.obj (.text:AssertHandler)
                  0000c2ea    00000016     icall.obj (.text:ICall_abort$28)
                  0000c300    00000016     icall.obj (.text:ICall_leaveCSImpl)
                  0000c316    00000016     icall.obj (.text:ICall_primStopTimer$28)
                  0000c32c    00000016     ble_user_config.obj (.text:driverTable_fnSpinlock)
                  0000c342    00000016     app_ble_pem3.oem3 (.text:ti_sysbios_BIOS_exitFunc__I)
                  0000c358    00000016     sysbios.aem3 : BIOS.obj (.text:ti_sysbios_knl_Clock_start__E)
                  0000c36e    00000002                  : BIOS.obj (.text:xdc_runtime_System_abortSpin__E)
                  0000c370    00000014     battservice.obj (.text:Batt_Register)
                  0000c384    00000014     ccservice.obj (.text:CcService_registerAppCBs)
                  0000c398    00000014     devinfoservice.obj (.text:DevInfo_AddService)
                  0000c3ac    00000014     ExtFlash.obj (.text:ExtFlash_powerDown$32)
                  0000c3c0    00000014     icall_api.obj (.text:HCI_LE_WriteSuggestedDefaultDataLenCmd)
                  0000c3d4    00000014     ioservice.obj (.text:Io_getParameter)
                  0000c3e8    00000014     ioservice.obj (.text:Io_registerAppCBs)
                  0000c3fc    00000014     driverlib.lib : aon_rtc.obj (.text:NOROM_AONRTCCurrent64BitValueGet)
                  0000c410    00000014                   : chipinfo.obj (.text:NOROM_ThisCodeIsBuiltForCC26xxHwRev22AndLater_HaltIfViolated)
                  0000c424    00000014     oad_target_external_flash.obj (.text:OADTarget_writeFlash)
                  0000c438    00000014     PINCC26XX.obj (.text:PINCC26XX_getInputValue$22)
                  0000c44c    00000014     PINCC26XX.obj (.text:PINCC26XX_getOutputValue$22)
                  0000c460    00000014     RFCC26XX_singleMode.obj (.text:RF_Params_init)
                  0000c474    00000014     registerservice.obj (.text:Register_addService)
                  0000c488    00000014     SensorMpu9250.obj (.text:SensorMpu9250_powerIsOn)
                  0000c49c    00000014     sensortag_batt.obj (.text:SensorTagBatt_processSensorEvent)
                  0000c4b0    00000014     sensortag.obj (.text:SensorTag_resetAllModules$2)
                  0000c4c4    00000014     ExtFlash.obj (.text:extFlashDeselect$32)
                  0000c4d8    00000014     ExtFlash.obj (.text:extFlashSelect$32)
                  0000c4ec    00000014     rtsv7M3_T_le_eabi.lib : _lock.obj (.text)
                  0000c500    00000014                           : strlen.obj (.text)
                  0000c514    00000014     icall_api.obj (.text:setICallCmdEvtHdr$31)
                  0000c528    00000014     app_ble_pem3.oem3 (.text:ti_sysbios_family_arm_m3_Hwi_Object__get__S)
                  0000c53c    00000014     sysbios.aem3 : BIOS.obj (.text:ti_sysbios_family_arm_m3_Hwi_switchFromBootStack__E)
                  0000c550    00000014     app_ble_pem3.oem3 (.text:ti_sysbios_knl_Clock_doTick__I)
                  0000c564    00000014     app_ble_pem3.oem3 (.text:ti_sysbios_knl_Swi_Object__get__S)
                  0000c578    00000012     ExtFlash.obj (.text:ExtFlash_test)
                  0000c58a    00000012     gattservapp_util.obj (.text:GATTServApp_FindAttr)
                  0000c59c    00000012     RFCC26XX_singleMode.obj (.text:RF_getCmdOp)
                  0000c5ae    00000012     sysbios.aem3 : BIOS.obj (.text:ti_sysbios_hal_Hwi_Module_startup__E)
                  0000c5c0    00000012     app_ble_pem3.oem3 (.text:xdc_runtime_Startup_exec__I)
                  0000c5d2    00000002     sysbios.aem3 : BIOS.obj (.text:xdc_runtime_System_exitSpin__E)
                  0000c5d4    00000010     ccservice.obj (.text:CcService_getParameter)
                  0000c5e4    00000010     RFCC26XX_singleMode.obj (.text:FsmDispatch$23)
                  0000c5f4    00000010     peripheral.obj (.text:GAPRole_RegisterAppCBs)
                  0000c604    00000010     icall_api.obj (.text:GAP_EndDiscoverable)
                  0000c614    00000010     gattservapp_util.obj (.text:GATTServApp_ReadCharCfg)
                  0000c624    00000010     icall_cc2650.obj (.text:ICallPlatform_pwrGetXOSCStartupTime)
                  0000c634    00000010     icall.obj (.text:ICall_primGetTickPeriod$28)
                  0000c644    00000010     icall.obj (.text:ICall_taskEntry$28)
                  0000c654    00000010     driverlib.lib : rfc.obj (.text:NOROM_RFCRfTrimSet)
                  0000c664    00000010                   : setup.obj (.text:NOROM_SetupGetTrimForXoscHfFastStart)
                  0000c674    00000010                   : setup.obj (.text:NOROM_SetupGetTrimForXoscHfIbiastherm)
                  0000c684    00000010     oad_target_external_flash.obj (.text:OADTarget_getCrc)
                  0000c694    00000010     oad_target_external_flash.obj (.text:OADTarget_setCrc)
                  0000c6a4    00000010     oad_target_external_flash.obj (.text:OADTarget_systemReset)
                  0000c6b4    00000010     ble_user_config.obj (.text:RegisterAssertCback)
                  0000c6c4    00000010     sensortag_register.obj (.text:SensorTagRegister_init)
                  0000c6d4    00000010     util.obj (.text:Util_isActive)
                  0000c6e4    00000010     I2CCC26XX.obj (.text:i2cPostNotify$20)
                  0000c6f4    00000010     sysbios.aem3 : BIOS.obj (.text:ti_sysbios_BIOS_exit__E)
                  0000c704    00000010                  : BIOS.obj (.text:ti_sysbios_BIOS_getCpuFreq__E)
                  0000c714    00000010                  : BIOS.obj (.text:ti_sysbios_BIOS_setThreadType__E)
                  0000c724    00000010                  : BIOS.obj (.text:ti_sysbios_BIOS_start__E)
                  0000c734    00000010                  : BIOS.obj (.text:ti_sysbios_family_arm_m3_Hwi_post__E)
                  0000c744    00000010                  : m3_TaskSupport_asm.obj (.text:ti_sysbios_family_arm_m3_TaskSupport_glue)
                  0000c754    00000010                  : m3_TaskSupport_asm.obj (.text:ti_sysbios_family_arm_m3_TaskSupport_swap__E)
                  0000c764    00000010     app_ble_pem3.oem3 (.text:ti_sysbios_hal_Hwi_HwiProxy_Object__create__S)
                  0000c774    00000010     sysbios.aem3 : BIOS.obj (.text:ti_sysbios_knl_Semaphore_Instance_finalize__E)
                  0000c784    00000010                  : BIOS.obj (.text:ti_sysbios_knl_Swi_disable__E)
                  0000c794    00000010                  : BIOS.obj (.text:ti_sysbios_knl_Swi_enabled__E)
                  0000c7a4    00000010     app_ble_pem3.oem3 (.text:ti_sysbios_knl_Task_Object__get__S)
                  0000c7b4    00000010     sysbios.aem3 : BIOS.obj (.text:ti_sysbios_knl_Task_disable__E)
                  0000c7c4    00000010     gptimer.obj (.text:timerCallback$0)
                  0000c7d4    00000010     sysbios.aem3 : BIOS.obj (.text:xdc_runtime_Gate_leaveSystem__E)
                  0000c7e4    00000010                  : BIOS.obj (.text:xdc_runtime_SysCallback_abort__E)
                  0000c7f4    00000010                  : BIOS.obj (.text:xdc_runtime_SysCallback_exit__E)
                  0000c804    0000000e     icall_api.obj (.text:GATT_Indication)
                  0000c812    0000000e     icall_cc2650.obj (.text:ICallPlatform_pwrGetTransitionState)
                  0000c820    0000000e     icall_cc2650.obj (.text:ICallPlatform_pwrIsStableXOSCHF)
                  0000c82e    0000000e     icall.obj (.text:ICall_primDisableMInt$28)
                  0000c83c    0000000e     icall.obj (.text:ICall_primEnableMInt$28)
                  0000c84a    0000000e     icall.obj (.text:ICall_primFreeMsg$28)
                  0000c858    0000000e     icall.obj (.text:ICall_primGetTicks$28)
                  0000c866    0000000e     driverlib.lib : setup.obj (.text:NOROM_SetupSignExtendVddrTrimValue)
                  0000c874    0000000e                   : vims.obj (.text:NOROM_VIMSModeGet)
                  0000c882    0000000e     oad_target_external_flash.obj (.text:OADTarget_imageAddress)
                  0000c890    0000000e     SPICC26XXDMA.obj (.text:SPICC26XXDMA_init)
                  0000c89e    0000000e     SensorI2C.obj (.text:SensorI2C_readReg)
                  0000c8ac    0000000e     util.obj (.text:Util_constructQueue)
                  0000c8ba    0000000e     rtsv7M3_T_le_eabi.lib : copy_decompress_none.obj (.text:decompress:none)
                  0000c8c8    0000000e     icall_api.obj (.text:matchGSARegisterServiceCS$31)
                  0000c8d6    0000000e     icall_api.obj (.text:matchGapLinkEstCS$31)
                  0000c8e4    0000000e     icall_api.obj (.text:matchLinkDBNumConnsCS$31)
                  0000c8f2    0000000e     icall_api.obj (.text:setDispatchCmdEvtHdr$31)
                  0000c900    0000000e     sysbios.aem3 : BIOS.obj (.text:ti_sysbios_knl_Queue_empty__E)
                  0000c90e    0000000e                  : BIOS.obj (.text:ti_sysbios_knl_Queue_remove__E)
                  0000c91c    0000000e                  : BIOS.obj (.text:xdc_runtime_HeapMin_Instance_init__E)
                  0000c92a    00000002     --HOLE-- [fill = 0]
                  0000c92c    0000000c     RFCC26XX_singleMode.obj (.text:FsmNextState$23)
                  0000c938    0000000c     icall_api.obj (.text:GAP_MakeDiscoverable)
                  0000c944    0000000c     icall_api.obj (.text:GAP_TerminateAuth)
                  0000c950    0000000c     icall_api.obj (.text:GAP_UpdateLinkParamReq)
                  0000c95c    0000000c     icall_api.obj (.text:GAP_UpdateLinkParamReqReply)
                  0000c968    0000000c     icall_api.obj (.text:GGS_SetParameter)
                  0000c974    0000000c     drivers_cc26xxware.aem3 : GPTimerCC26XX.oem3 (.text:GPTimerCC26XX_Params_init)
                  0000c980    0000000c     icall.obj (.text:ICall_clockFunc$28)
                  0000c98c    0000000c     icall.obj (.text:ICall_primDisableInt$28)
                  0000c998    0000000c     icall.obj (.text:ICall_primEnableInt$28)
                  0000c9a4    0000000c     icall.obj (.text:ICall_primFree$28)
                  0000c9b0    0000000c     icall.obj (.text:ICall_primSignal$28)
                  0000c9bc    0000000c     driverlib.lib : cpu.obj (.text:NOROM_CPUcpsid)
                  0000c9c8    0000000c                   : cpu.obj (.text:NOROM_CPUcpsie)
                  0000c9d4    0000000c     drivers_cc26xxware.aem3 : PowerCC26XX.oem3 (.text:Power_getConstraintMask)
                  0000c9e0    0000000c                             : PowerCC26XX.oem3 (.text:Power_getDependencyCount)
                  0000c9ec    0000000c                             : PowerCC26XX.oem3 (.text:Power_getTransitionState)
                  0000c9f8    0000000c     SensorI2C.obj (.text:SensorI2C_deselect)
                  0000ca04    0000000c     sensortag_conn_ctrl.obj (.text:SensorTagConnectionControl_init)
                  0000ca10    0000000c     sensortag.obj (.text:SensorTag_processGATTMsg$2)
                  0000ca1c    0000000c     sensortag.obj (.text:SensorTag_processStackMsg$2)
                  0000ca28    0000000c     sensortag.obj (.text:SensorTag_testResult)
                  0000ca34    0000000c     icall_api.obj (.text:matchProfileSetParamCS$31)
                  0000ca40    0000000c     SPICC26XXDMA.obj (.text:spiPostNotify$25)
                  0000ca4c    0000000c     sysbios.aem3 : BIOS.obj (.text:ti_sysbios_BIOS_getThreadType__E)
                  0000ca58    0000000c     app_ble_pem3.oem3 (.text:ti_sysbios_family_arm_m3_Hwi_Params__init__S)
                  0000ca64    0000000c     sysbios.aem3 : BIOS.obj (.text:ti_sysbios_family_arm_m3_Hwi_disableFxn__E)
                  0000ca70    0000000c                  : BIOS.obj (.text:ti_sysbios_family_arm_m3_Hwi_enableFxn__E)
                  0000ca7c    0000000c                  : BIOS.obj (.text:ti_sysbios_family_arm_m3_TaskSupport_getStackAlignment__E)
                  0000ca88    0000000c                  : BIOS.obj (.text:ti_sysbios_gates_GateHwi_enter__E)
                  0000ca94    0000000c     app_ble_pem3.oem3 (.text:ti_sysbios_hal_Hwi_Params__init__S)
                  0000caa0    0000000c     app_ble_pem3.oem3 (.text:ti_sysbios_knl_Clock_Params__init__S)
                  0000caac    0000000c     app_ble_pem3.oem3 (.text:ti_sysbios_knl_Queue_Object__get__S)
                  0000cab8    0000000c     sysbios.aem3 : BIOS.obj (.text:ti_sysbios_knl_Queue_dequeue__E)
                  0000cac4    0000000c                  : BIOS.obj (.text:ti_sysbios_knl_Queue_enqueue__E)
                  0000cad0    0000000c     app_ble_pem3.oem3 (.text:ti_sysbios_knl_Semaphore_Params__init__S)
                  0000cadc    0000000c     app_ble_pem3.oem3 (.text:ti_sysbios_knl_Swi_Params__init__S)
                  0000cae8    0000000c     sysbios.aem3 : BIOS.obj (.text:ti_sysbios_knl_Swi_getTrigger__E)
                  0000caf4    0000000c     app_ble_pem3.oem3 (.text:ti_sysbios_knl_Task_Params__init__S)
                  0000cb00    0000000c     sysbios.aem3 : BIOS.obj (.text:ti_sysbios_knl_Task_self__E)
                  0000cb0c    0000000c                  : BIOS.obj (.text:xdc_runtime_Gate_enterSystem__E)
                  0000cb18    0000000c                  : BIOS.obj (.text:xdc_runtime_HeapMin_getStats__E)
                  0000cb24    0000000c                  : BIOS.obj (.text:xdc_runtime_Memory_calloc__E)
                  0000cb30    0000000c                  : BIOS.obj (.text:xdc_runtime_Memory_getMaxDefaultTypeAlign__E)
                  0000cb3c    0000000c                  : BIOS.obj (.text:xdc_runtime_Startup_rtsDone__E)
                  0000cb48    0000000a     I2CCC26XX.obj (.text:I2CCC26XX_init)
                  0000cb52    0000000a     I2C.obj (.text:I2C_close)
                  0000cb5c    0000000a     I2C.obj (.text:I2C_transfer)
                  0000cb66    0000000a     icall_cc2650.obj (.text:ICallPlatform_pwrSwitchXOSCHF)
                  0000cb70    0000000a     icall.obj (.text:ICall_primE2S$28)
                  0000cb7a    0000000a     drivers_cc26xxware.aem3 : List.oem3 (.text:List_empty)
                  0000cb84    0000000a     oad_target_external_flash.obj (.text:OADTarget_readFlash)
                  0000cb8e    0000000a     SPI.obj (.text:SPI_close)
                  0000cb98    0000000a     SPI.obj (.text:SPI_transfer)
                  0000cba2    0000000a     sensortag.obj (.text:SensorTag_charValueChangeCB)
                  0000cbac    0000000a     sensortag.obj (.text:SensorTag_stateChangeCB$2)
                  0000cbb6    0000000a     UDMACC26XX.obj (.text:UDMACC26XX_hwiIntFxn)
                  0000cbc0    0000000a     app_ble_pem3.oem3 (.text:xdc_runtime_IHeap_alloc)
                  0000cbca    00000008     icall_api.obj (.text:GATT_RegisterForMsgs)
                  0000cbd2    00000008     drivers_cc26xxware.aem3 : GPTimerCC26XX.oem3 (.text:GPTimerCC26XX_setLoadValue)
                  0000cbda    00000008     I2CCC26XX.obj (.text:I2CCC26XX_blockingCallback$20)
                  0000cbe2    00000008     RFCC26XX_singleMode.obj (.text:RF_flushCmd)
                  0000cbea    00000008     SPICC26XXDMA.obj (.text:SPICC26XXDMA_transferCallback$25)
                  0000cbf2    00000008     sensortag_conn_ctrl.obj (.text:ccChangeCB$7)
                  0000cbfa    00000008     sensortag_io.obj (.text:ioChangeCB$10)
                  0000cc02    00000008     icall_api.obj (.text:matchHciLeWriteSuggestedDefaultDataLenCS$31)
                  0000cc0a    00000008     sensortag_register.obj (.text:registerChangeCB$15)
                  0000cc12    00000008     ntp.obj (.text:sensorConfigChangeCB$1)
                  0000cc1a    00000008     sensortag_batt.obj (.text:sensorConfigChangeCB$5)
                  0000cc22    00000008     sysbios.aem3 : BIOS.obj (.text:ti_sysbios_family_arm_m3_Hwi_doSwiRestore__I)
                  0000cc2a    00000008                  : BIOS.obj (.text:ti_sysbios_family_arm_m3_Hwi_startup__E)
                  0000cc32    00000008                  : BIOS.obj (.text:ti_sysbios_knl_Idle_loop__E)
                  0000cc3a    00000006     icall_api.obj (.text:GGS_AddService)
                  0000cc40    00000006     drivers_cc26xxware.aem3 : GPTimerCC26XX.oem3 (.text:GPTimerCC26XX_getValue)
                  0000cc46    00000006     I2CCC26XX.obj (.text:I2CCC26XX_control)
                  0000cc4c    00000006     icall.obj (.text:ICall_mallocImpl)
                  0000cc52    00000006     driverlib.lib : cpu.obj (.text:NOROM_CPUdelay)
                  0000cc58    00000006     oad_target_external_flash.obj (.text:OADTarget_eraseFlash)
                  0000cc5e    00000006     PINCC26XX.obj (.text:PIN_registerIntCb)
                  0000cc64    00000006     RFCC26XX_singleMode.obj (.text:clkInactivityFxn$23)
                  0000cc6a    00000006     rtsv7M3_T_le_eabi.lib : copy_decompress_rle.obj (.text:decompress:rle24)
                  0000cc70    00000006     icall_api.obj (.text:gattAddService$31)
                  0000cc76    00000006     icall_api.obj (.text:matchBondMgrSetParamCS$31)
                  0000cc7c    00000006     icall_api.obj (.text:matchGGSSetParamCS$31)
                  0000cc82    00000006     icall_api.obj (.text:matchGapConnParamUpdateReplyCS$31)
                  0000cc88    00000006     icall_api.obj (.text:matchGapDeviceInitCS$31)
                  0000cc8e    00000006     icall_api.obj (.text:matchGapEndDiscoverableCS$31)
                  0000cc94    00000006     icall_api.obj (.text:matchGapGetParamCS$31)
                  0000cc9a    00000006     icall_api.obj (.text:matchGapMakeDiscoverableCS$31)
                  0000cca0    00000006     icall_api.obj (.text:matchGapSetParamCS$31)
                  0000cca6    00000006     icall_api.obj (.text:matchGapTerminateAuthCS$31)
                  0000ccac    00000006     icall_api.obj (.text:matchGapTerminateLinkReqCS$31)
                  0000ccb2    00000006     icall_api.obj (.text:matchGapUpdateAdvDataCS$31)
                  0000ccb8    00000006     icall_api.obj (.text:matchGapUpdateLinkParamReqCS$31)
                  0000ccbe    00000006     icall_api.obj (.text:matchUtilNvReadCS$31)
                  0000ccc4    00000006     icall_api.obj (.text:matchUtilNvWriteCS$31)
                  0000ccca    00000006     sysbios.aem3 : BIOS.obj (.text:ti_sysbios_family_arm_m3_Hwi_doTaskRestore__I)
                  0000ccd0    00000006                  : BIOS.obj (.text:ti_sysbios_family_arm_m3_Hwi_restoreFxn__E)
                  0000ccd6    00000006                  : BIOS.obj (.text:ti_sysbios_family_arm_m3_Hwi_setFunc__E)
                  0000ccdc    00000006                  : BIOS.obj (.text:ti_sysbios_gates_GateHwi_leave__E)
                  0000cce2    00000006                  : BIOS.obj (.text:ti_sysbios_knl_Queue_Instance_init__E)
                  0000cce8    00000006                  : BIOS.obj (.text:ti_sysbios_knl_Queue_elemClear__E)
                  0000ccee    00000006                  : BIOS.obj (.text:ti_sysbios_knl_Swi_startup__E)
                  0000ccf4    00000006                  : BIOS.obj (.text:ti_sysbios_knl_Task_enable__E)
                  0000ccfa    00000006                  : BIOS.obj (.text:xdc_runtime_System_Module_startup__E)
                  0000cd00    00000004     icall_api.obj (.text:GATTServApp_AddService)
                  0000cd04    00000004     tirtosport.aem3 : HwiP_tirtos.oem3 (.text:HwiP_disable)
                  0000cd08    00000004     icall.obj (.text:ICall_primAbort$28)
                  0000cd0c    00000004     drivers_cc26xxware.aem3 : List.oem3 (.text:List_head)
                  0000cd10    00000004                             : List.oem3 (.text:List_next)
                  0000cd14    00000004     RFCC26XX_singleMode.obj (.text:Q_peek$23)
                  0000cd18    00000004     util.obj (.text:Util_startClock)
                  0000cd1c    00000004     util.obj (.text:Util_stopClock)
                  0000cd20    00000004     peripheral.obj (.text:gapRole_SetupGAP$56)
                  0000cd24    00000004     drivers_cc26xxware.aem3 : PowerCC26XX.oem3 (.text:nopResourceHandler)
                  0000cd28    00000004     app_ble_pem3.oem3 (.text:ti_sysbios_BIOS_RtsGateProxy_enter__E)
                  0000cd2c    00000004     app_ble_pem3.oem3 (.text:ti_sysbios_BIOS_RtsGateProxy_leave__E)
                  0000cd30    00000004     sysbios.aem3 : BIOS.obj (.text:ti_sysbios_family_arm_cc26xx_Timer_getCount64__E)
                  0000cd34    00000004                  : BIOS.obj (.text:ti_sysbios_family_arm_cc26xx_Timer_setPeriod__E)
                  0000cd38    00000004     app_ble_pem3.oem3 (.text:ti_sysbios_family_arm_m3_Hwi_destruct)
                  0000cd3c    00000004     app_ble_pem3.oem3 (.text:ti_sysbios_family_arm_m3_TaskSupport_Module__startupDone__S)
                  0000cd40    00000004     sysbios.aem3 : BIOS.obj (.text:ti_sysbios_gates_GateHwi_query__E)
                  0000cd44    00000004                  : BIOS.obj (.text:ti_sysbios_gates_GateMutex_query__E)
[...]
0000d886  skServUUID                                                  
0000d88a  ti_sysbios_family_arm_m3_Hwi_Module__id__C                  
0000d88c  xdc_runtime_HeapMin_Module__id__C                           
0000d88e  xdc_runtime_HeapMin_freeError__C                            
0000d890  xdc_runtime_Memory_Module__id__C                            
0000d898  __TI_static_base__                                          
0000e0ea  __checksum_value_CommonROM                                  
0000e214  __TI_Handler_Table_Base                                     
0000e21c  __TI_CINIT_Base                                             
0000e21c  __TI_Handler_Table_Limit                                    
0000e24c  __TI_CINIT_Limit                                            
10014c00  A1_rw                                                       
10014c00  __checksum_begin_CommonROM                                  
10014c01  COMMON_ROM_BASE_ADDR                                        
10014c04  P1_ro                                                       
10014c05  SCALARMUL_init                                              
10014ced  SCALARMUL_core                                              
10015019  SCALARMUL_final                                             
100150e5  SCALARMUL                                                   
10015101  SAVEPOINT                                                   
10015141  GETBIT                                                      
10015155  GETDIGIT                                                    
100151a5  GETDIGITL2R                                                 
10015215  SelectReg                                                   
10015229  ATOMICPATTERN                                               
100154f5  JACADD                                                      
1001568d  INVERT                                                      
10015821  SQUAREMULTIPLYWORD                                          
1001588c  LUTOPCODE                                                   
10015894  LUTOPSIGN                                                   
100158ac  LUTC                                                        
100158c4  LUTSE                                                       
100158dc  LUTINCI                                                     
100158f4  LUTJ                                                        
1001596c  LUTSTATE                                                    
100159a9  IMPORTLENGTH                                                
100159ad  IMPORTMODULUS                                               
100159d1  IMPORTOPERAND                                               
10015a11  EXPORTOPERAND                                               
10015a35  IMPORTDATA                                                  
10015a51  SETOPERAND                                                  
10015a6d  COPY                                                        
10015a85  ZERO                                                        
10015a91  SETWORD                                                     
10015a9d  mSET                                                        
10015bcd  zSET                                                        
10015bd5  mINVK                                                       
10015d19  zADD                                                        
10015d5d  zSUB                                                        
10015de9  zMACC32                                                     
10015e69  zSUB32                                                      
10015eb5  zADD32                                                      
10015f0d  zMULT32                                                     
10015f81  mMULT                                                       
10016551  mADD                                                        
1001664d  mSUB                                                        
10016749  mOUT                                                        
10016975  ssp_KeyInit_Sw                                              
10016979  sspAesEncrypt_Sw                                            
10016985  sspKeyExpansion_Sw                                          
10016a99  sspAesEncryptKeyExp_Sw                                      
10016af5  sspAesEncryptBasic_Sw                                       
10016b79  RoundKey_Sw                                                 
10016c29  AddRoundKeySubBytes_Sw                                      
10016c45  ShiftRows_Sw                                                
10016c79  MixColumns_Sw                                               
10016d05  FFMult_Sw                                                   
10016d29  sspAesDecrypt_Sw                                            
10016da1  InvAddRoundKey_Sw                                           
10016dc9  InvRoundKey_Sw                                              
10016e8d  InvSubBytes_Sw                                              
10016ea1  InvShiftRows_Sw                                             
10016ed5  InvMixColumns_Sw                                            
10016f58  FFMult2                                                     
10017058  FFMult3                                                     
10017158  RCon                                                        
10017164  Sbox                                                        
10017264  InvSbox                                                     
10017365  SSP_CCM_Auth_Sw                                             
100174fd  SSP_CCM_Encrypt_Sw                                          
100175ed  SSP_CTR_Encrypt_Sw                                          
1001767d  SSP_CCM_Decrypt_Sw                                          
10017771  SSP_CTR_Decrypt_Sw                                          
10017839  SSP_CCM_InvAuth_Sw                                          
10017895  SSP_CCM_Auth_Encrypt_Sw                                     
100178f5  SSP_CCM_InvAuth_Decrypt_Sw                                  
10017959  ECC_allocWorkzone                                           
10017961  ECC_setWin                                                  
10017969  ECDSA_sign                                                  
10017b01  ECDSA_verif                                                 
10017dbd  eccRom_genKeys                                              
10017ded  eccRom_genSharedSecret                                      
10017e39  SHA256_updateW                                              
10017e75  SHA256_round                                                
10017ef1  SHA256_nextState                                            
10017f49  SHA256_saveBuffer                                           
10017ffd  SHA256_init                                                 
10018019  SHA256_process                                              
10018089  SHA256_final                                                
10018129  SHA256_full                                                 
100182ad  RFHAL_InitRfHal                                             
10018315  RFHAL_AllocRatChan                                          
1001833d  RFHAL_FreeRatChan                                           
10018369  RFHAL_MapRatChansToInt                                      
10018391  RFHAL_RegisterRatChanCallback                               
100183b9  RFHAL_InitDataQueue                                         
100183c5  RFHAL_QueueRFDataEntries                                    
10018415  RFHAL_AddTxDataEntry                                        
10018485  RFHAL_FreeNextTxDataEntry                                   
100184a9  RFHAL_AllocDataEntryQueue                                   
100184c5  RFHAL_FreeDataEntryQueue                                    
100184cd  RFHAL_GetNextDataEntry                                      
100184d1  RFHAL_GetTempDataEntry                                      
100184d5  RFHAL_NextDataEntryDone                                     
100184f9  RFHAL_AllocDataEntry                                        
10018549  RFHAL_FreeDataEntry                                         
10018551  RFHAL_BuildRingBuffer                                       
100185e1  RFHAL_BuildDataEntryRingBuffer                              
10018669  RFHAL_BuildLinkedBuffer                                     
10018755  MB_Init                                                     
10018799  MB_EnableInts                                               
100187f5  MB_DisableInts                                              
10018825  MB_ClearInts                                                
10018835  MB_EnableHWInts                                             
10018865  MB_SendCommand                                              
100188a5  MB_SendCommandSynch                                         
10018935  MB_ReadMailboxStatus                                        
1001893d  MB_RegisterIsrCback                                         
10018945  MB_FwDebugDump                                              
10018949  mbCmdAckIsr                                                 
1001895d  mbCpe0Isr                                                   
10018985  mbCpe1Isr                                                   
100189e5  mbHwIsr                                                     
10018a19  AesCcm_authEncrypt_Sw                                       
10018a35  AesCcm_decryptAuth_Sw                                       
10018a99  Aes_encrypt_Sw                                              
10018ac5  Aes_decrypt_Sw                                              
10018b09  AesCcm_getNumBlocks_Sw                                      
10018b0c  NIST_Curve_P256_p                                           
10018b30  NIST_Curve_P256_r                                           
10018b54  NIST_Curve_P256_a                                           
10018b78  NIST_Curve_P256_b                                           
10018b9c  NIST_Curve_P256_Gx                                          
10018bc0  NIST_Curve_P256_Gy                                          
10018ced  __exit                                                      
10018d6c  Fill1                                                       
10019ffc  A3_rw                                                       
10019ffd  __checksum_end_CommonROM                                    
10019ffe  A2_rw                                                       
10019ffe  P1_ro_2                                                     
10019ffe  __checksum_CommonROM                                        
20000000  ti_sysbios_family_arm_m3_Hwi_ramVectors                     
20000520  gapProfileState                                             
20000521  selfEntityMain                                              
20000528  sem                                                         
2000052c  hGpioPin                                                    
20000548  pinGpioState                                                
200008e0  linkDBNumConns                                              
200009f4  gapRoleTask                                                 
20000a44  gapRoleTaskStack                                            
20000c14  tx_time                                                     
20000ec4  overflow_count_loc                                          
20001644  PowerCC26XX_module                                          
20001754  ICall_dispatcher                                            
2000175c  ICall_enterCriticalSection                                  
20001760  ICall_leaveCriticalSection                                  
20001778  HEAPMGR_SIZE                                                
20001bdc  rfRegTbl                                                    
20001c2c  ti_sysbios_knl_Task_Object__table__V                        
20001c78  ti_sysbios_family_arm_cc26xx_Timer_Object__table__V         
20001cc0  ti_sysbios_knl_Task_Module__state__V                        
20001d0c  time                                                        
20001d6c  ti_sysbios_family_arm_m3_Hwi_Module__state__V               
20001dd0  ti_sysbios_knl_Swi_Module_State_0_readyQ__A                 
20001e00  ti_sysbios_knl_Swi_Object__table__V                         
20001e30  ti_sysbios_knl_Task_Module_State_0_readyQ__A                
20001e60  user0Cfg                                                    
20001e90  ti_sysbios_knl_Clock_Module__state__V                       
20001ebc  ti_sysbios_BIOS_Module__state__V                            
20001ee0  ti_sysbios_knl_Clock_Object__table__V                       
20001f00  ti_sysbios_gates_GateMutex_Object__table__V                 
20001f1c  ti_sysbios_knl_Swi_Module__state__V                         
20001f50  ti_sysbios_family_arm_m3_Hwi_Object__table__V               
20001f8c  xdc_runtime_HeapMin_Object__table__V                        
20001f9c  __TI_cleanup_ptr                                            
20001fa0  __TI_dtors_ptr                                              
20001fa4  __TI_enable_exit_profile_output                             
20001fa8  lastAppOpcodeSent                                           
20001fac  pfnBMAlloc                                                  
20001fb0  pfnBMFree                                                   
20001fc8  _lock                                                       
20001fcc  _unlock                                                     
20001fe0  ti_sysbios_family_arm_cc26xx_Timer_Module__state__V         
20001fe8  ti_sysbios_family_arm_m3_Hwi_Module__root__V                
20001ff0  ti_sysbios_gates_GateHwi_Module__root__V                    
20001ff8  ti_sysbios_gates_GateMutex_Module__root__V                  
20002000  ti_sysbios_hal_Hwi_Module__root__V                          
20002008  ti_sysbios_knl_Clock_Module__root__V                        
20002010  ti_sysbios_knl_Queue_Module__root__V                        
20002018  ti_sysbios_knl_Semaphore_Module__root__V                    
20002020  ti_sysbios_knl_Swi_Module__root__V                          
20002028  ti_sysbios_knl_Task_Module__root__V                         
20002030  xdc_runtime_HeapMin_Module__root__V                         
20002038  xdc_runtime_Startup_Module__state__V                        
20002040  xdc_runtime_System_Module__state__V                         
2000204c  appAssertCback                                              
20002050  main_func_sp                                                
2000205c  ti_sysbios_family_arm_m3_Hwi_Module_State_0_excContext__A   
20002060  ti_sysbios_family_arm_m3_Hwi_Module_State_0_excStack__A     
20002064  ti_sysbios_gates_GateHwi_Object__table__V                   
20002068  ti_sysbios_knl_Task_Module_State_0_idleTask__A              
2000206c  xdc_runtime_Memory_Module__state__V                         
2000207c  ti_sysbios_family_arm_m3_Hwi_Module_State_0_excActive__A    
20002080  xdc_runtime_HeapMin_Instance_State_0_buf__A                 
20002704  trngCC26XXObjects                                           
20002708  ti_sysbios_knl_Task_Instance_State_0_stack__A               
20002908  spiCC26XXDMAObjects                                         
20002ac0  gptimerCC26XXObjects                                        
20002be0  PIN_NumPins                                                 
20002c74  PIN_HandleTable                                             
20002e00  i2cCC26xxObjects                                            
20002ee0  ti_sysbios_family_arm_m3_Hwi_dispatchTable                  
20003020  udmaObjects                                                 
2000306f  driverlib_release_0_46593                                   
20003070  heapStart                                                   
20004228  __stack                                                     
20004228  heapEnd                                                     
20004428  __STACK_END                                                 
20004428  __STACK_TOP                                                 
20004f2c  A4_rw                                                       
20004f2c  COMMON_RAM_BASE_ADDR                                        
20004f40  P2_rw                                                       
20004f40  P2_s0                                                       
20004f40  eccRom_windowSize                                           
20004f44  eccRom_workzone                                             
20004f48  eccRom_param_p                                              
20004f4c  eccRom_param_r                                              
20004f50  eccRom_param_a                                              
20004f54  inScalar                                                    
20004f58  inPointX                                                    
20004f5c  inPointY                                                    
20004f60  outPointX                                                   
20004f64  outPointY                                                   
20004f68  SCAL                                                        
20004f6c  EXPX                                                        
20004f70  EXPY                                                        
20004f74  EXPZ                                                        
20004f78  EXPW                                                        
20004f7c  ACCX                                                        
20004f80  ACCY                                                        
20004f84  ACCZ                                                        
20004f88  TMP1                                                        
20004f8c  TMP2                                                        
20004f90  TMP3                                                        
20004f94  TMP4                                                        
20004f98  TMP5                                                        
20004f9c  TMP6                                                        
20004fa0  eccRom_param_Gx                                             
20004fa4  eccRom_param_Gy                                             
20004fa8  eccRom_param_b                                              
20004fac  P2_zi                                                       
20004fac  ratChanInfo                                                 
20004fcc  fwInfoCmd                                                   
20004fd8  MSBMOD                                                      
20004fdc  aux64                                                       
20004fe4  MOD                                                         
20004fe8  LEN                                                         
20004ffc  pSspAesEncrypt_Sw                                           
e000e000  ti_sysbios_family_arm_m3_Hwi_nvic                           
ffffffff  __TI_pprof_out_hndl                                         
ffffffff  __TI_prof_data_size                                         
ffffffff  __TI_prof_data_start                                        
ffffffff  __binit__                                                   
ffffffff  __c_args__                                                  
ffffffff  binit                                                       
UNDEFED   SHT$$INIT_ARRAY$$Base                                       
UNDEFED   SHT$$INIT_ARRAY$$Limit                                      

[1015 symbols]
