******************************************************************************
                  TI ARM Linker PC v15.12.3                    
******************************************************************************
>> Linked Tue Jul 07 17:40:25 2020

OUTPUT FILE NAME:   <sensortag_cc2650stk_app.out>
ENTRY POINT SYMBOL: "ResetISR"  address: 00007f85


MEMORY CONFIGURATION

         name            origin    length      used     unused   attr    fill
----------------------  --------  ---------  --------  --------  ----  --------
  FLASH                 00000000   00011000  0000c4dc  00004b24  R  X
  FLASH_LAST_PAGE       0001f000   00001000  00000058  00000fa8  R  X
  SRAM                  20000000   00004428  000036b7  00000d71  RW X


SEGMENT ALLOCATION MAP

run origin  load origin   length   init length attrs members
----------  ----------- ---------- ----------- ----- -------
00000000    00000000    0000c4e4   0000c4e4    r-x
  00000000    00000000    0000003c   0000003c    r-- .resetVecs
  0000003c    0000003c    000000c4   000000c4    r-x .text.1
  00000100    00000100    0000003c   0000003c    r-- .const:ti_sysbios_knl_Task_Object__PARAMS__C
  0000013c    0000013c    00000034   00000034    r-- .const:ti_sysbios_knl_Mailbox_Object__PARAMS__C
  00000170    00000170    00000030   00000030    r-- .const:ti_sysbios_family_arm_m3_Hwi_Object__PARAMS__C
  000001a0    000001a0    0000002c   0000002c    r-- .const:ti_sysbios_hal_Hwi_Object__PARAMS__C
  000001cc    000001cc    00000028   00000028    r-- .const:ti_sysbios_heaps_HeapMem_Module__FXNS__C
  000001f4    000001f4    00000028   00000028    r-- .const:ti_sysbios_knl_Swi_Object__PARAMS__C
  0000021c    0000021c    00000024   00000024    r-- .const:ti_sysbios_gates_GateHwi_Module__FXNS__C
  00000240    00000240    00000024   00000024    r-- .const:ti_sysbios_gates_GateMutex_Module__FXNS__C
  00000264    00000264    00000024   00000024    r-- .const:ti_sysbios_heaps_HeapMem_Object__PARAMS__C
  00000288    00000288    00000024   00000024    r-- .const:ti_sysbios_knl_Clock_Object__PARAMS__C
  000002ac    000002ac    00000024   00000024    r-- .const:ti_sysbios_knl_Semaphore_Object__PARAMS__C
  000002d0    000002d0    00000020   00000020    r-- .const:ti_sysbios_family_arm_m3_Hwi_Object__DESC__C
  000002f0    000002f0    00000020   00000020    r-- .const:ti_sysbios_gates_GateHwi_Object__DESC__C
  00000310    00000310    00000020   00000020    r-- .const:ti_sysbios_gates_GateMutex_Object__DESC__C
  00000330    00000330    00000020   00000020    r-- .const:ti_sysbios_hal_Hwi_Object__DESC__C
  00000350    00000350    00000020   00000020    r-- .const:ti_sysbios_heaps_HeapMem_Object__DESC__C
  00000370    00000370    00000020   00000020    r-- .const:ti_sysbios_knl_Clock_Object__DESC__C
  00000390    00000390    00000020   00000020    r-- .const:ti_sysbios_knl_Mailbox_Object__DESC__C
  000003b0    000003b0    00000020   00000020    r-- .const:ti_sysbios_knl_Queue_Object__DESC__C
  000003d0    000003d0    00000020   00000020    r-- .const:ti_sysbios_knl_Semaphore_Object__DESC__C
  000003f0    000003f0    00000020   00000020    r-- .const:ti_sysbios_knl_Swi_Object__DESC__C
  00000410    00000410    00000020   00000020    r-- .const:ti_sysbios_knl_Task_Object__DESC__C
  00000430    00000430    00000018   00000018    r-- .const:ti_sysbios_gates_GateHwi_Object__PARAMS__C
  00000448    00000448    00000018   00000018    r-- .const:ti_sysbios_gates_GateMutex_Object__PARAMS__C
  00000460    00000460    00000018   00000018    r-- .const:ti_sysbios_knl_Queue_Object__PARAMS__C
  00000478    00000478    00000008   00000008    r-- .const:ti_sysbios_knl_Idle_funcList__C
  00000480    00000480    00000004   00000004    r-x .text.2
  00000484    00000484    00000004   00000004    r-- .const:ti_sysbios_family_arm_cc26xx_Timer_startupNeeded__C
  00000488    00000488    00000004   00000004    r-- .const:ti_sysbios_family_arm_m3_Hwi_E_alreadyDefined__C
  0000048c    0000048c    00000004   00000004    r-- .const:ti_sysbios_family_arm_m3_Hwi_E_hwiLimitExceeded__C
  00000490    00000490    00000004   00000004    r-- .const:ti_sysbios_family_arm_m3_Hwi_NUM_INTERRUPTS__C
  00000494    00000494    00000004   00000004    r-- .const:ti_sysbios_family_arm_m3_Hwi_Object__count__C
  00000498    00000498    00000004   00000004    r-- .const:ti_sysbios_family_arm_m3_Hwi_Object__table__C
  0000049c    0000049c    00000004   00000004    r-- .const:ti_sysbios_family_arm_m3_Hwi_ccr__C
  000004a0    000004a0    00000004   00000004    r-- .const:ti_sysbios_family_arm_m3_Hwi_excHandlerFunc__C
  000004a4    000004a4    00000004   00000004    r-- .const:ti_sysbios_family_arm_m3_Hwi_nullIsrFunc__C
  000004a8    000004a8    00000004   00000004    r-- .const:ti_sysbios_family_arm_m3_Hwi_numSparseInterrupts__C
  000004ac    000004ac    00000004   00000004    r-- .const:ti_sysbios_family_arm_m3_Hwi_priGroup__C
  000004b0    000004b0    00000004   00000004    r-- .const:ti_sysbios_family_arm_m3_TaskSupport_stackAlignment__C
  000004b4    000004b4    00000004   00000004    r-- .const:ti_sysbios_heaps_HeapMem_E_memory__C
  000004b8    000004b8    00000004   00000004    r-- .const:ti_sysbios_heaps_HeapMem_Module__gateObj__C
  000004bc    000004bc    00000004   00000004    r-- .const:ti_sysbios_heaps_HeapMem_Object__count__C
  000004c0    000004c0    00000004   00000004    r-- .const:ti_sysbios_heaps_HeapMem_Object__table__C
  000004c4    000004c4    00000004   00000004    r-- .const:ti_sysbios_heaps_HeapMem_reqAlign__C
  000004c8    000004c8    00000004   00000004    r-- .const:ti_sysbios_knl_Clock_serviceMargin__C
  000004cc    000004cc    00000004   00000004    r-- .const:ti_sysbios_knl_Mailbox_Object__count__C
  000004d0    000004d0    00000004   00000004    r-- .const:ti_sysbios_knl_Mailbox_Object__table__C
  000004d4    000004d4    00000004   00000004    r-- .const:ti_sysbios_knl_Queue_Object__count__C
  000004d8    000004d8    00000004   00000004    r-- .const:ti_sysbios_knl_Queue_Object__table__C
  000004dc    000004dc    00000004   00000004    r-- .const:ti_sysbios_knl_Swi_Object__count__C
  000004e0    000004e0    00000004   00000004    r-- .const:ti_sysbios_knl_Swi_Object__table__C
  000004e4    000004e4    00000004   00000004    r-- .const:ti_sysbios_knl_Swi_numPriorities__C
  000004e8    000004e8    00000004   00000004    r-- .const:ti_sysbios_knl_Task_Object__count__C
  000004ec    000004ec    00000004   00000004    r-- .const:ti_sysbios_knl_Task_Object__table__C
  000004f0    000004f0    00000004   00000004    r-- .const:ti_sysbios_knl_Task_allBlockedFunc__C
  000004f4    000004f4    00000004   00000004    r-- .const:ti_sysbios_knl_Task_defaultStackHeap__C
  000004f8    000004f8    00000004   00000004    r-- .const:ti_sysbios_knl_Task_defaultStackSize__C
  000004fc    000004fc    00000004   00000004    r-- .const:ti_sysbios_knl_Task_numConstructedTasks__C
  00000500    00000500    00000002   00000002    r-x .text.3
  00000502    00000502    00000002   00000002    r-- .const:ti_sysbios_family_arm_cc26xx_Timer_Module__id__C
  00000504    00000504    00000002   00000002    r-- .const:ti_sysbios_family_arm_cc26xx_TimestampProvider_useClockTimer__C
  00000506    00000506    00000002   00000002    r-- .const:ti_sysbios_family_arm_m3_Hwi_Module__id__C
  00000508    00000508    00000002   00000002    r-- .const:ti_sysbios_gates_GateHwi_Module__id__C
  0000050a    0000050a    00000002   00000002    r-- .const:ti_sysbios_gates_GateMutex_Module__id__C
  0000050c    0000050c    00000002   00000002    r-- .const:ti_sysbios_heaps_HeapMem_Module__id__C
  0000050e    0000050e    00000002   00000002    r-- .const:ti_sysbios_knl_Task_initStackFlag__C
  00000510    00000510    00000001   00000001    r-- .const:ti_sysbios_knl_Clock_tickMode__C
  00000514    00000514    00000008   00000008    r-- .const:xdc_runtime_Startup_firstFxns__C
  0000051c    0000051c    00000008   00000008    r-- .const:xdc_runtime_Startup_lastFxns__C
  00000524    00000524    00000004   00000004    r-- .const:xdc_runtime_Assert_E_assertFailed__C
  00000528    00000528    00000004   00000004    r-- .const:xdc_runtime_Error_E_memory__C
  0000052c    0000052c    00000004   00000004    r-- .const:xdc_runtime_Error_policyFxn__C
  00000530    00000530    00000004   00000004    r-- .const:xdc_runtime_IGateProvider_Interface__BASE__C
  00000534    00000534    00000004   00000004    r-- .const:xdc_runtime_IHeap_Interface__BASE__C
  00000538    00000538    00000004   00000004    r-- .const:xdc_runtime_IModule_Interface__BASE__C
  0000053c    0000053c    00000004   00000004    r-- .const:xdc_runtime_Main_Module__diagsEnabled__C
  00000540    00000540    00000004   00000004    r-- .const:xdc_runtime_Main_Module__diagsIncluded__C
  00000544    00000544    00000004   00000004    r-- .const:xdc_runtime_Main_Module__diagsMask__C
  00000548    00000548    00000004   00000004    r-- .const:xdc_runtime_Memory_defaultHeapInstance__C
  0000054c    0000054c    00000004   00000004    r-- .const:xdc_runtime_Startup_execImpl__C
  00000550    00000550    00000004   00000004    r-- .const:xdc_runtime_Startup_maxPasses__C
  00000554    00000554    00000004   00000004    r-- .const:xdc_runtime_Startup_sfxnRts__C
  00000558    00000558    00000004   00000004    r-- .const:xdc_runtime_Startup_sfxnTab__C
  0000055c    0000055c    00000004   00000004    r-- .const:xdc_runtime_Startup_startModsFxn__C
  00000560    00000560    00000004   00000004    r-- .const:xdc_runtime_SysCallback_abortFxn__C
  00000564    00000564    00000004   00000004    r-- .const:xdc_runtime_SysCallback_exitFxn__C
  00000568    00000568    00000004   00000004    r-- .const:xdc_runtime_System_abortFxn__C
  0000056c    0000056c    00000004   00000004    r-- .const:xdc_runtime_System_exitFxn__C
  00000570    00000570    00000004   00000004    r-- .const:xdc_runtime_System_maxAtexitHandlers__C
  00000574    00000574    00000004   00000004    r-- .const:xdc_runtime_Text_charTab__C
  00000578    00000578    00000004   00000004    r-- .const:xdc_runtime_Text_nameEmpty__C
  0000057c    0000057c    00000004   00000004    r-- .const:xdc_runtime_Text_nameStatic__C
  00000580    00000580    00000004   00000004    r-- .const:xdc_runtime_Text_nameUnknown__C
  00000584    00000584    00000002   00000002    r-- .const:xdc_runtime_Main_Module__id__C
  00000586    00000586    00000002   00000002    r-- .const:xdc_runtime_Memory_Module__id__C
  00000588    00000588    00000002   00000002    r-- .const:xdc_runtime_Text_charCnt__C
  0000058a    0000058a    00000002   00000002    r-- .const:xdc_runtime_Text_isLoaded__C
  0000058c    0000058c    00000001   00000001    r-- .const:xdc_runtime_Error_policy__C
  00000590    00000590    00000004   00000004    r-- .const:ti_sysbios_rom_ROM_AONRTCChannelEnable
  00000594    00000594    00000004   00000004    r-- .const:ti_sysbios_rom_ROM_AONRTCCompareValueSet
  00000598    00000598    00000004   00000004    r-- .const:ti_sysbios_rom_ROM_AONRTCCurrentCompareValueGet
  0000059c    0000059c    00000004   00000004    r-- .const:ti_sysbios_rom_ROM_AONRTCEventClear
  000005a0    000005a0    00000004   00000004    r-- .const:ti_sysbios_rom_ROM_ti_sysbios_family_arm_cc26xx_Timer_getCount64__E
  000005a4    000005a4    00000004   00000004    r-- .const:ti_sysbios_rom_ROM_ti_sysbios_family_arm_cc26xx_Timer_getCurrentTick__E
  000005a8    000005a8    00000004   00000004    r-- .const:ti_sysbios_rom_ROM_ti_sysbios_family_arm_cc26xx_Timer_getMaxTicks__E
  000005ac    000005ac    00000004   00000004    r-- .const:ti_sysbios_rom_ROM_ti_sysbios_family_arm_cc26xx_Timer_initDevice__I
  000005b0    000005b0    00000004   00000004    r-- .const:ti_sysbios_rom_ROM_ti_sysbios_family_arm_cc26xx_Timer_setNextTick__E
  000005b4    000005b4    00000004   00000004    r-- .const:ti_sysbios_rom_ROM_ti_sysbios_family_arm_cc26xx_Timer_setThreshold__I
  000005b8    000005b8    00000004   00000004    r-- .const:ti_sysbios_rom_ROM_ti_sysbios_family_arm_cc26xx_Timer_start__E
  000005bc    000005bc    00000004   00000004    r-- .const:ti_sysbios_rom_ROM_ti_sysbios_family_arm_cc26xx_TimestampProvider_get32__E
  000005c0    000005c0    00000004   00000004    r-- .const:ti_sysbios_rom_ROM_xdc_runtime_Startup_getState__I
  000005c4    000005c4    00000004   00000004    r-- .const:ti_sysbios_rom_ROM_xdc_runtime_System_SupportProxy_abort__E
  000005c8    000005c8    00000004   00000004    r-- .const:ti_sysbios_rom_ROM_xdc_runtime_System_SupportProxy_exit__E
  000005cc    000005cc    00000004   00000004    r-- .const:ti_sysbios_gates_GateMutex_Instance_State_sem__O
  000005d0    000005d0    00000004   00000004    r-- .const:ti_sysbios_knl_Clock_Module_State_clockQ__O
  000005d4    000005d4    00000004   00000004    r-- .const:ti_sysbios_knl_Mailbox_Instance_State_dataQue__O
  000005d8    000005d8    00000004   00000004    r-- .const:ti_sysbios_knl_Mailbox_Instance_State_dataSem__O
  000005dc    000005dc    00000004   00000004    r-- .const:ti_sysbios_knl_Mailbox_Instance_State_freeQue__O
  000005e0    000005e0    00000004   00000004    r-- .const:ti_sysbios_knl_Mailbox_Instance_State_freeSem__O
  000005e4    000005e4    00000004   00000004    r-- .const:ti_sysbios_knl_Semaphore_Instance_State_pendQ__O
  000005e8    000005e8    00000004   00000004    r-- .const:ti_sysbios_knl_Task_Module_State_inactiveQ__O
  000005ec    000005ec    0000ae00   0000ae00    r-x .text.4
  0000b3ec    0000b3ec    0000084a   0000084a    r-- .const
  0000bc38    0000bc38    000008ac   000008ac    r-- .cinit
0001ffa8    0001ffa8    00000058   00000058    r--
  0001ffa8    0001ffa8    00000058   00000058    r-- .ccfg
20000100    20000100    00000104   00000000    rw-
  20000100    20000100    00000044   00000000    rw- .data:ti_sysbios_knl_Task_Module__state__V
  20000144    20000144    00000034   00000000    rw- .data:ti_sysbios_family_arm_m3_Hwi_Module__state__V
  20000178    20000178    0000002c   00000000    rw- .data:ti_sysbios_knl_Clock_Module__state__V
  200001a4    200001a4    00000024   00000000    rw- .data:ti_sysbios_BIOS_Module__state__V
  200001c8    200001c8    0000001c   00000000    rw- .data:ti_sysbios_knl_Swi_Module__state__V
  200001e4    200001e4    00000008   00000000    rw- .data:ti_sysbios_family_arm_cc26xx_Timer_Module__state__V
  200001ec    200001ec    00000004   00000000    rw- .data:ti_sysbios_family_arm_cc26xx_TimestampProvider_Module__state__V
  200001f0    200001f0    00000008   00000000    rw- .data:xdc_runtime_Startup_Module__state__V
  200001f8    200001f8    00000008   00000000    rw- .data:xdc_runtime_System_Module__state__V
  20000200    20000200    00000004   00000000    rw- .data:xdc_runtime_Memory_Module__state__V
20000430    20000430    00000010   00000000    rw-
  20000430    20000430    00000010   00000000    rw- .TI.bound:dmaSpi0RxControlTableEntry$25
20000440    20000440    00000010   00000000    rw-
  20000440    20000440    00000010   00000000    rw- .TI.bound:dmaSpi0TxControlTableEntry$25
20000500    20000500    00000010   00000000    rw-
  20000500    20000500    00000010   00000000    rw- .TI.bound:dmaSpi1RxControlTableEntry$25
20000510    20000510    000030bb   00000000    rw-
  20000510    20000510    00000010   00000000    rw- .TI.bound:dmaSpi1TxControlTableEntry$25
  20000520    20000520    00001fde   00000000    rw- .data
  20002500    20002500    000010cb   00000000    rw- .bss
20004028    20004028    00000400   00000000    rw-
  20004028    20004028    00000400   00000000    rw- .stack


SECTION ALLOCATION MAP

 output                                  attributes/
section   page    origin      length       input sections
--------  ----  ----------  ----------   ----------------
.resetVecs 
*          0    00000000    0000003c     
                  00000000    0000003c     app_ble_pem3.oem3 (.resetVecs)

.text.1    0    0000003c    000000c4     
                  0000003c    000000c0     ioservice.obj (.text:io_WriteAttrCB$49)
                  000000fc    00000004     icall_api.obj (.text:GATTServApp_AddService)

.const:ti_sysbios_knl_Task_Object__PARAMS__C 
*          0    00000100    0000003c     
                  00000100    0000003c     app_ble_pem3.oem3 (.const:ti_sysbios_knl_Task_Object__PARAMS__C)

.const:ti_sysbios_knl_Mailbox_Object__PARAMS__C 
*          0    0000013c    00000034     
                  0000013c    00000034     app_ble_pem3.oem3 (.const:ti_sysbios_knl_Mailbox_Object__PARAMS__C)

.const:ti_sysbios_family_arm_m3_Hwi_Object__PARAMS__C 
*          0    00000170    00000030     
                  00000170    00000030     app_ble_pem3.oem3 (.const:ti_sysbios_family_arm_m3_Hwi_Object__PARAMS__C)

.const:ti_sysbios_hal_Hwi_Object__PARAMS__C 
*          0    000001a0    0000002c     
                  000001a0    0000002c     app_ble_pem3.oem3 (.const:ti_sysbios_hal_Hwi_Object__PARAMS__C)

.const:ti_sysbios_heaps_HeapMem_Module__FXNS__C 
*          0    000001cc    00000028     
                  000001cc    00000028     app_ble_pem3.oem3 (.const:ti_sysbios_heaps_HeapMem_Module__FXNS__C)

.const:ti_sysbios_knl_Swi_Object__PARAMS__C 
*          0    000001f4    00000028     
                  000001f4    00000028     app_ble_pem3.oem3 (.const:ti_sysbios_knl_Swi_Object__PARAMS__C)

.const:ti_sysbios_gates_GateHwi_Module__FXNS__C 
*          0    0000021c    00000024     
                  0000021c    00000024     app_ble_pem3.oem3 (.const:ti_sysbios_gates_GateHwi_Module__FXNS__C)

.const:ti_sysbios_gates_GateMutex_Module__FXNS__C 
*          0    00000240    00000024     
                  00000240    00000024     app_ble_pem3.oem3 (.const:ti_sysbios_gates_GateMutex_Module__FXNS__C)

.const:ti_sysbios_heaps_HeapMem_Object__PARAMS__C 
*          0    00000264    00000024     
                  00000264    00000024     app_ble_pem3.oem3 (.const:ti_sysbios_heaps_HeapMem_Object__PARAMS__C)

.const:ti_sysbios_knl_Clock_Object__PARAMS__C 
*          0    00000288    00000024     
                  00000288    00000024     app_ble_pem3.oem3 (.const:ti_sysbios_knl_Clock_Object__PARAMS__C)

.const:ti_sysbios_knl_Semaphore_Object__PARAMS__C 
*          0    000002ac    00000024     
                  000002ac    00000024     app_ble_pem3.oem3 (.const:ti_sysbios_knl_Semaphore_Object__PARAMS__C)

.const:ti_sysbios_family_arm_m3_Hwi_Object__DESC__C 
*          0    000002d0    00000020     
                  000002d0    00000020     app_ble_pem3.oem3 (.const:ti_sysbios_family_arm_m3_Hwi_Object__DESC__C)

.const:ti_sysbios_gates_GateHwi_Object__DESC__C 
*          0    000002f0    00000020     
                  000002f0    00000020     app_ble_pem3.oem3 (.const:ti_sysbios_gates_GateHwi_Object__DESC__C)

.const:ti_sysbios_gates_GateMutex_Object__DESC__C 
*          0    00000310    00000020     
                  00000310    00000020     app_ble_pem3.oem3 (.const:ti_sysbios_gates_GateMutex_Object__DESC__C)

.const:ti_sysbios_hal_Hwi_Object__DESC__C 
*          0    00000330    00000020     
                  00000330    00000020     app_ble_pem3.oem3 (.const:ti_sysbios_hal_Hwi_Object__DESC__C)

.const:ti_sysbios_heaps_HeapMem_Object__DESC__C 
*          0    00000350    00000020     
                  00000350    00000020     app_ble_pem3.oem3 (.const:ti_sysbios_heaps_HeapMem_Object__DESC__C)

.const:ti_sysbios_knl_Clock_Object__DESC__C 
*          0    00000370    00000020     
                  00000370    00000020     app_ble_pem3.oem3 (.const:ti_sysbios_knl_Clock_Object__DESC__C)

.const:ti_sysbios_knl_Mailbox_Object__DESC__C 
*          0    00000390    00000020     
                  00000390    00000020     app_ble_pem3.oem3 (.const:ti_sysbios_knl_Mailbox_Object__DESC__C)

.const:ti_sysbios_knl_Queue_Object__DESC__C 
*          0    000003b0    00000020     
                  000003b0    00000020     app_ble_pem3.oem3 (.const:ti_sysbios_knl_Queue_Object__DESC__C)

.const:ti_sysbios_knl_Semaphore_Object__DESC__C 
*          0    000003d0    00000020     
                  000003d0    00000020     app_ble_pem3.oem3 (.const:ti_sysbios_knl_Semaphore_Object__DESC__C)

.const:ti_sysbios_knl_Swi_Object__DESC__C 
*          0    000003f0    00000020     
                  000003f0    00000020     app_ble_pem3.oem3 (.const:ti_sysbios_knl_Swi_Object__DESC__C)

.const:ti_sysbios_knl_Task_Object__DESC__C 
*          0    00000410    00000020     
                  00000410    00000020     app_ble_pem3.oem3 (.const:ti_sysbios_knl_Task_Object__DESC__C)

.const:ti_sysbios_gates_GateHwi_Object__PARAMS__C 
*          0    00000430    00000018     
                  00000430    00000018     app_ble_pem3.oem3 (.const:ti_sysbios_gates_GateHwi_Object__PARAMS__C)

.const:ti_sysbios_gates_GateMutex_Object__PARAMS__C 
*          0    00000448    00000018     
                  00000448    00000018     app_ble_pem3.oem3 (.const:ti_sysbios_gates_GateMutex_Object__PARAMS__C)

.const:ti_sysbios_knl_Queue_Object__PARAMS__C 
*          0    00000460    00000018     
                  00000460    00000018     app_ble_pem3.oem3 (.const:ti_sysbios_knl_Queue_Object__PARAMS__C)

.const:ti_sysbios_knl_Idle_funcList__C 
*          0    00000478    00000008     
                  00000478    00000008     app_ble_pem3.oem3 (.const:ti_sysbios_knl_Idle_funcList__C)

.text.2    0    00000480    00000004     
                  00000480    00000004     sensortag_audio.obj (.text:HIDAdvRemote_streamLimitCB$3)

.const:ti_sysbios_family_arm_cc26xx_Timer_startupNeeded__C 
*          0    00000484    00000004     
                  00000484    00000004     app_ble_pem3.oem3 (.const:ti_sysbios_family_arm_cc26xx_Timer_startupNeeded__C)

.const:ti_sysbios_family_arm_m3_Hwi_E_alreadyDefined__C 
*          0    00000488    00000004     
                  00000488    00000004     app_ble_pem3.oem3 (.const:ti_sysbios_family_arm_m3_Hwi_E_alreadyDefined__C)

.const:ti_sysbios_family_arm_m3_Hwi_E_hwiLimitExceeded__C 
*          0    0000048c    00000004     
                  0000048c    00000004     app_ble_pem3.oem3 (.const:ti_sysbios_family_arm_m3_Hwi_E_hwiLimitExceeded__C)

.const:ti_sysbios_family_arm_m3_Hwi_NUM_INTERRUPTS__C 
*          0    00000490    00000004     
                  00000490    00000004     app_ble_pem3.oem3 (.const:ti_sysbios_family_arm_m3_Hwi_NUM_INTERRUPTS__C)

.const:ti_sysbios_family_arm_m3_Hwi_Object__count__C 
*          0    00000494    00000004     
                  00000494    00000004     app_ble_pem3.oem3 (.const:ti_sysbios_family_arm_m3_Hwi_Object__count__C)

.const:ti_sysbios_family_arm_m3_Hwi_Object__table__C 
*          0    00000498    00000004     
                  00000498    00000004     app_ble_pem3.oem3 (.const:ti_sysbios_family_arm_m3_Hwi_Object__table__C)

.const:ti_sysbios_family_arm_m3_Hwi_ccr__C 
*          0    0000049c    00000004     
                  0000049c    00000004     app_ble_pem3.oem3 (.const:ti_sysbios_family_arm_m3_Hwi_ccr__C)

.const:ti_sysbios_family_arm_m3_Hwi_excHandlerFunc__C 
*          0    000004a0    00000004     
                  000004a0    00000004     app_ble_pem3.oem3 (.const:ti_sysbios_family_arm_m3_Hwi_excHandlerFunc__C)

.const:ti_sysbios_family_arm_m3_Hwi_nullIsrFunc__C 
*          0    000004a4    00000004     
                  000004a4    00000004     app_ble_pem3.oem3 (.const:ti_sysbios_family_arm_m3_Hwi_nullIsrFunc__C)

.const:ti_sysbios_family_arm_m3_Hwi_numSparseInterrupts__C 
*          0    000004a8    00000004     
                  000004a8    00000004     app_ble_pem3.oem3 (.const:ti_sysbios_family_arm_m3_Hwi_numSparseInterrupts__C)

.const:ti_sysbios_family_arm_m3_Hwi_priGroup__C 
*          0    000004ac    00000004     
                  000004ac    00000004     app_ble_pem3.oem3 (.const:ti_sysbios_family_arm_m3_Hwi_priGroup__C)

.const:ti_sysbios_family_arm_m3_TaskSupport_stackAlignment__C 
*          0    000004b0    00000004     
                  000004b0    00000004     app_ble_pem3.oem3 (.const:ti_sysbios_family_arm_m3_TaskSupport_stackAlignment__C)

.const:ti_sysbios_heaps_HeapMem_E_memory__C 
*          0    000004b4    00000004     
                  000004b4    00000004     app_ble_pem3.oem3 (.const:ti_sysbios_heaps_HeapMem_E_memory__C)

.const:ti_sysbios_heaps_HeapMem_Module__gateObj__C 
*          0    000004b8    00000004     
                  000004b8    00000004     app_ble_pem3.oem3 (.const:ti_sysbios_heaps_HeapMem_Module__gateObj__C)

.const:ti_sysbios_heaps_HeapMem_Object__count__C 
*          0    000004bc    00000004     
                  000004bc    00000004     app_ble_pem3.oem3 (.const:ti_sysbios_heaps_HeapMem_Object__count__C)

.const:ti_sysbios_heaps_HeapMem_Object__table__C 
*          0    000004c0    00000004     
                  000004c0    00000004     app_ble_pem3.oem3 (.const:ti_sysbios_heaps_HeapMem_Object__table__C)

.const:ti_sysbios_heaps_HeapMem_reqAlign__C 
*          0    000004c4    00000004     
                  000004c4    00000004     app_ble_pem3.oem3 (.const:ti_sysbios_heaps_HeapMem_reqAlign__C)

.const:ti_sysbios_knl_Clock_serviceMargin__C 
*          0    000004c8    00000004     
                  000004c8    00000004     app_ble_pem3.oem3 (.const:ti_sysbios_knl_Clock_serviceMargin__C)

.const:ti_sysbios_knl_Mailbox_Object__count__C 
*          0    000004cc    00000004     
                  000004cc    00000004     app_ble_pem3.oem3 (.const:ti_sysbios_knl_Mailbox_Object__count__C)

.const:ti_sysbios_knl_Mailbox_Object__table__C 
*          0    000004d0    00000004     
                  000004d0    00000004     app_ble_pem3.oem3 (.const:ti_sysbios_knl_Mailbox_Object__table__C)

.const:ti_sysbios_knl_Queue_Object__count__C 
*          0    000004d4    00000004     
                  000004d4    00000004     app_ble_pem3.oem3 (.const:ti_sysbios_knl_Queue_Object__count__C)

.const:ti_sysbios_knl_Queue_Object__table__C 
*          0    000004d8    00000004     
                  000004d8    00000004     app_ble_pem3.oem3 (.const:ti_sysbios_knl_Queue_Object__table__C)

.const:ti_sysbios_knl_Swi_Object__count__C 
*          0    000004dc    00000004     
                  000004dc    00000004     app_ble_pem3.oem3 (.const:ti_sysbios_knl_Swi_Object__count__C)

.const:ti_sysbios_knl_Swi_Object__table__C 
*          0    000004e0    00000004     
                  000004e0    00000004     app_ble_pem3.oem3 (.const:ti_sysbios_knl_Swi_Object__table__C)

.const:ti_sysbios_knl_Swi_numPriorities__C 
*          0    000004e4    00000004     
                  000004e4    00000004     app_ble_pem3.oem3 (.const:ti_sysbios_knl_Swi_numPriorities__C)

.const:ti_sysbios_knl_Task_Object__count__C 
*          0    000004e8    00000004     
                  000004e8    00000004     app_ble_pem3.oem3 (.const:ti_sysbios_knl_Task_Object__count__C)

.const:ti_sysbios_knl_Task_Object__table__C 
*          0    000004ec    00000004     
                  000004ec    00000004     app_ble_pem3.oem3 (.const:ti_sysbios_knl_Task_Object__table__C)

.const:ti_sysbios_knl_Task_allBlockedFunc__C 
*          0    000004f0    00000004     
                  000004f0    00000004     app_ble_pem3.oem3 (.const:ti_sysbios_knl_Task_allBlockedFunc__C)

.const:ti_sysbios_knl_Task_defaultStackHeap__C 
*          0    000004f4    00000004     
                  000004f4    00000004     app_ble_pem3.oem3 (.const:ti_sysbios_knl_Task_defaultStackHeap__C)

.const:ti_sysbios_knl_Task_defaultStackSize__C 
*          0    000004f8    00000004     
                  000004f8    00000004     app_ble_pem3.oem3 (.const:ti_sysbios_knl_Task_defaultStackSize__C)

.const:ti_sysbios_knl_Task_numConstructedTasks__C 
*          0    000004fc    00000004     
                  000004fc    00000004     app_ble_pem3.oem3 (.const:ti_sysbios_knl_Task_numConstructedTasks__C)

.text.3    0    00000500    00000002     
                  00000500    00000002     ble_user_config.obj (.text:DefaultAssertCback)

.const:ti_sysbios_family_arm_cc26xx_Timer_Module__id__C 
*          0    00000502    00000002     
                  00000502    00000002     app_ble_pem3.oem3 (.const:ti_sysbios_family_arm_cc26xx_Timer_Module__id__C)

.const:ti_sysbios_family_arm_cc26xx_TimestampProvider_useClockTimer__C 
*          0    00000504    00000002     
                  00000504    00000002     app_ble_pem3.oem3 (.const:ti_sysbios_family_arm_cc26xx_TimestampProvider_useClockTimer__C)

.const:ti_sysbios_family_arm_m3_Hwi_Module__id__C 
*          0    00000506    00000002     
                  00000506    00000002     app_ble_pem3.oem3 (.const:ti_sysbios_family_arm_m3_Hwi_Module__id__C)

.const:ti_sysbios_gates_GateHwi_Module__id__C 
*          0    00000508    00000002     
                  00000508    00000002     app_ble_pem3.oem3 (.const:ti_sysbios_gates_GateHwi_Module__id__C)

.const:ti_sysbios_gates_GateMutex_Module__id__C 
*          0    0000050a    00000002     
                  0000050a    00000002     app_ble_pem3.oem3 (.const:ti_sysbios_gates_GateMutex_Module__id__C)

.const:ti_sysbios_heaps_HeapMem_Module__id__C 
*          0    0000050c    00000002     
                  0000050c    00000002     app_ble_pem3.oem3 (.const:ti_sysbios_heaps_HeapMem_Module__id__C)

.const:ti_sysbios_knl_Task_initStackFlag__C 
*          0    0000050e    00000002     
                  0000050e    00000002     app_ble_pem3.oem3 (.const:ti_sysbios_knl_Task_initStackFlag__C)

.const:ti_sysbios_knl_Clock_tickMode__C 
*          0    00000510    00000001     
                  00000510    00000001     app_ble_pem3.oem3 (.const:ti_sysbios_knl_Clock_tickMode__C)

.const:xdc_runtime_Startup_firstFxns__C 
*          0    00000514    00000008     
                  00000514    00000008     app_ble_pem3.oem3 (.const:xdc_runtime_Startup_firstFxns__C)

.const:xdc_runtime_Startup_lastFxns__C 
*          0    0000051c    00000008     
                  0000051c    00000008     app_ble_pem3.oem3 (.const:xdc_runtime_Startup_lastFxns__C)

.const:xdc_runtime_Assert_E_assertFailed__C 
*          0    00000524    00000004     
                  00000524    00000004     app_ble_pem3.oem3 (.const:xdc_runtime_Assert_E_assertFailed__C)

.const:xdc_runtime_Error_E_memory__C 
*          0    00000528    00000004     
                  00000528    00000004     app_ble_pem3.oem3 (.const:xdc_runtime_Error_E_memory__C)

.const:xdc_runtime_Error_policyFxn__C 
*          0    0000052c    00000004     
                  0000052c    00000004     app_ble_pem3.oem3 (.const:xdc_runtime_Error_policyFxn__C)

.const:xdc_runtime_IGateProvider_Interface__BASE__C 
*          0    00000530    00000004     
                  00000530    00000004     app_ble_pem3.oem3 (.const:xdc_runtime_IGateProvider_Interface__BASE__C)

.const:xdc_runtime_IHeap_Interface__BASE__C 
*          0    00000534    00000004     
                  00000534    00000004     app_ble_pem3.oem3 (.const:xdc_runtime_IHeap_Interface__BASE__C)

.const:xdc_runtime_IModule_Interface__BASE__C 
*          0    00000538    00000004     
                  00000538    00000004     app_ble_pem3.oem3 (.const:xdc_runtime_IModule_Interface__BASE__C)

.const:xdc_runtime_Main_Module__diagsEnabled__C 
*          0    0000053c    00000004     
                  0000053c    00000004     app_ble_pem3.oem3 (.const:xdc_runtime_Main_Module__diagsEnabled__C)

.const:xdc_runtime_Main_Module__diagsIncluded__C 
*          0    00000540    00000004     
                  00000540    00000004     app_ble_pem3.oem3 (.const:xdc_runtime_Main_Module__diagsIncluded__C)

.const:xdc_runtime_Main_Module__diagsMask__C 
*          0    00000544    00000004     
                  00000544    00000004     app_ble_pem3.oem3 (.const:xdc_runtime_Main_Module__diagsMask__C)

.const:xdc_runtime_Memory_defaultHeapInstance__C 
*          0    00000548    00000004     
                  00000548    00000004     app_ble_pem3.oem3 (.const:xdc_runtime_Memory_defaultHeapInstance__C)

.const:xdc_runtime_Startup_execImpl__C 
*          0    0000054c    00000004     
                  0000054c    00000004     app_ble_pem3.oem3 (.const:xdc_runtime_Startup_execImpl__C)

.const:xdc_runtime_Startup_maxPasses__C 
*          0    00000550    00000004     
                  00000550    00000004     app_ble_pem3.oem3 (.const:xdc_runtime_Startup_maxPasses__C)

.const:xdc_runtime_Startup_sfxnRts__C 
*          0    00000554    00000004     
                  00000554    00000004     app_ble_pem3.oem3 (.const:xdc_runtime_Startup_sfxnRts__C)

.const:xdc_runtime_Startup_sfxnTab__C 
*          0    00000558    00000004     
                  00000558    00000004     app_ble_pem3.oem3 (.const:xdc_runtime_Startup_sfxnTab__C)

.const:xdc_runtime_Startup_startModsFxn__C 
*          0    0000055c    00000004     
                  0000055c    00000004     app_ble_pem3.oem3 (.const:xdc_runtime_Startup_startModsFxn__C)

.const:xdc_runtime_SysCallback_abortFxn__C 
*          0    00000560    00000004     
                  00000560    00000004     app_ble_pem3.oem3 (.const:xdc_runtime_SysCallback_abortFxn__C)

.const:xdc_runtime_SysCallback_exitFxn__C 
*          0    00000564    00000004     
                  00000564    00000004     app_ble_pem3.oem3 (.const:xdc_runtime_SysCallback_exitFxn__C)

.const:xdc_runtime_System_abortFxn__C 
*          0    00000568    00000004     
                  00000568    00000004     app_ble_pem3.oem3 (.const:xdc_runtime_System_abortFxn__C)

.const:xdc_runtime_System_exitFxn__C 
*          0    0000056c    00000004     
                  0000056c    00000004     app_ble_pem3.oem3 (.const:xdc_runtime_System_exitFxn__C)

.const:xdc_runtime_System_maxAtexitHandlers__C 
*          0    00000570    00000004     
                  00000570    00000004     app_ble_pem3.oem3 (.const:xdc_runtime_System_maxAtexitHandlers__C)

.const:xdc_runtime_Text_charTab__C 
*          0    00000574    00000004     
                  00000574    00000004     app_ble_pem3.oem3 (.const:xdc_runtime_Text_charTab__C)

.const:xdc_runtime_Text_nameEmpty__C 
*          0    00000578    00000004     
                  00000578    00000004     app_ble_pem3.oem3 (.const:xdc_runtime_Text_nameEmpty__C)

.const:xdc_runtime_Text_nameStatic__C 
*          0    0000057c    00000004     
                  0000057c    00000004     app_ble_pem3.oem3 (.const:xdc_runtime_Text_nameStatic__C)

.const:xdc_runtime_Text_nameUnknown__C 
*          0    00000580    00000004     
                  00000580    00000004     app_ble_pem3.oem3 (.const:xdc_runtime_Text_nameUnknown__C)

.const:xdc_runtime_Main_Module__id__C 
*          0    00000584    00000002     
                  00000584    00000002     app_ble_pem3.oem3 (.const:xdc_runtime_Main_Module__id__C)

.const:xdc_runtime_Memory_Module__id__C 
*          0    00000586    00000002     
                  00000586    00000002     app_ble_pem3.oem3 (.const:xdc_runtime_Memory_Module__id__C)

.const:xdc_runtime_Text_charCnt__C 
*          0    00000588    00000002     
                  00000588    00000002     app_ble_pem3.oem3 (.const:xdc_runtime_Text_charCnt__C)

.const:xdc_runtime_Text_isLoaded__C 
*          0    0000058a    00000002     
                  0000058a    00000002     app_ble_pem3.oem3 (.const:xdc_runtime_Text_isLoaded__C)

.const:xdc_runtime_Error_policy__C 
*          0    0000058c    00000001     
                  0000058c    00000001     app_ble_pem3.oem3 (.const:xdc_runtime_Error_policy__C)

.const:ti_sysbios_rom_ROM_AONRTCChannelEnable 
*          0    00000590    00000004     
                  00000590    00000004     app_ble_pem3.oem3 (.const:ti_sysbios_rom_ROM_AONRTCChannelEnable)

.const:ti_sysbios_rom_ROM_AONRTCCompareValueSet 
*          0    00000594    00000004     
                  00000594    00000004     app_ble_pem3.oem3 (.const:ti_sysbios_rom_ROM_AONRTCCompareValueSet)

.const:ti_sysbios_rom_ROM_AONRTCCurrentCompareValueGet 
*          0    00000598    00000004     
                  00000598    00000004     app_ble_pem3.oem3 (.const:ti_sysbios_rom_ROM_AONRTCCurrentCompareValueGet)

.const:ti_sysbios_rom_ROM_AONRTCEventClear 
*          0    0000059c    00000004     
                  0000059c    00000004     app_ble_pem3.oem3 (.const:ti_sysbios_rom_ROM_AONRTCEventClear)

.const:ti_sysbios_rom_ROM_ti_sysbios_family_arm_cc26xx_Timer_getCount64__E 
*          0    000005a0    00000004     
                  000005a0    00000004     app_ble_pem3.oem3 (.const:ti_sysbios_rom_ROM_ti_sysbios_family_arm_cc26xx_Timer_getCount64__E)

.const:ti_sysbios_rom_ROM_ti_sysbios_family_arm_cc26xx_Timer_getCurrentTick__E 
*          0    000005a4    00000004     
                  000005a4    00000004     app_ble_pem3.oem3 (.const:ti_sysbios_rom_ROM_ti_sysbios_family_arm_cc26xx_Timer_getCurrentTick__E)

.const:ti_sysbios_rom_ROM_ti_sysbios_family_arm_cc26xx_Timer_getMaxTicks__E 
*          0    000005a8    00000004     
                  000005a8    00000004     app_ble_pem3.oem3 (.const:ti_sysbios_rom_ROM_ti_sysbios_family_arm_cc26xx_Timer_getMaxTicks__E)

.const:ti_sysbios_rom_ROM_ti_sysbios_family_arm_cc26xx_Timer_initDevice__I 
*          0    000005ac    00000004     
                  000005ac    00000004     app_ble_pem3.oem3 (.const:ti_sysbios_rom_ROM_ti_sysbios_family_arm_cc26xx_Timer_initDevice__I)

.const:ti_sysbios_rom_ROM_ti_sysbios_family_arm_cc26xx_Timer_setNextTick__E 
*          0    000005b0    00000004     
                  000005b0    00000004     app_ble_pem3.oem3 (.const:ti_sysbios_rom_ROM_ti_sysbios_family_arm_cc26xx_Timer_setNextTick__E)

.const:ti_sysbios_rom_ROM_ti_sysbios_family_arm_cc26xx_Timer_setThreshold__I 
*          0    000005b4    00000004     
                  000005b4    00000004     app_ble_pem3.oem3 (.const:ti_sysbios_rom_ROM_ti_sysbios_family_arm_cc26xx_Timer_setThreshold__I)

.const:ti_sysbios_rom_ROM_ti_sysbios_family_arm_cc26xx_Timer_start__E 
*          0    000005b8    00000004     
                  000005b8    00000004     app_ble_pem3.oem3 (.const:ti_sysbios_rom_ROM_ti_sysbios_family_arm_cc26xx_Timer_start__E)

.const:ti_sysbios_rom_ROM_ti_sysbios_family_arm_cc26xx_TimestampProvider_get32__E 
*          0    000005bc    00000004     
                  000005bc    00000004     app_ble_pem3.oem3 (.const:ti_sysbios_rom_ROM_ti_sysbios_family_arm_cc26xx_TimestampProvider_get32__E)

.const:ti_sysbios_rom_ROM_xdc_runtime_Startup_getState__I 
*          0    000005c0    00000004     
                  000005c0    00000004     app_ble_pem3.oem3 (.const:ti_sysbios_rom_ROM_xdc_runtime_Startup_getState__I)

.const:ti_sysbios_rom_ROM_xdc_runtime_System_SupportProxy_abort__E 
*          0    000005c4    00000004     
                  000005c4    00000004     app_ble_pem3.oem3 (.const:ti_sysbios_rom_ROM_xdc_runtime_System_SupportProxy_abort__E)

.const:ti_sysbios_rom_ROM_xdc_runtime_System_SupportProxy_exit__E 
*          0    000005c8    00000004     
                  000005c8    00000004     app_ble_pem3.oem3 (.const:ti_sysbios_rom_ROM_xdc_runtime_System_SupportProxy_exit__E)

.const:ti_sysbios_gates_GateMutex_Instance_State_sem__O 
*          0    000005cc    00000004     
                  000005cc    00000004     app_ble_pem3.oem3 (.const:ti_sysbios_gates_GateMutex_Instance_State_sem__O)

.const:ti_sysbios_knl_Clock_Module_State_clockQ__O 
*          0    000005d0    00000004     
                  000005d0    00000004     app_ble_pem3.oem3 (.const:ti_sysbios_knl_Clock_Module_State_clockQ__O)

.const:ti_sysbios_knl_Mailbox_Instance_State_dataQue__O 
*          0    000005d4    00000004     
                  000005d4    00000004     app_ble_pem3.oem3 (.const:ti_sysbios_knl_Mailbox_Instance_State_dataQue__O)

.const:ti_sysbios_knl_Mailbox_Instance_State_dataSem__O 
*          0    000005d8    00000004     
                  000005d8    00000004     app_ble_pem3.oem3 (.const:ti_sysbios_knl_Mailbox_Instance_State_dataSem__O)

.const:ti_sysbios_knl_Mailbox_Instance_State_freeQue__O 
*          0    000005dc    00000004     
                  000005dc    00000004     app_ble_pem3.oem3 (.const:ti_sysbios_knl_Mailbox_Instance_State_freeQue__O)

.const:ti_sysbios_knl_Mailbox_Instance_State_freeSem__O 
*          0    000005e0    00000004     
                  000005e0    00000004     app_ble_pem3.oem3 (.const:ti_sysbios_knl_Mailbox_Instance_State_freeSem__O)

.const:ti_sysbios_knl_Semaphore_Instance_State_pendQ__O 
*          0    000005e4    00000004     
                  000005e4    00000004     app_ble_pem3.oem3 (.const:ti_sysbios_knl_Semaphore_Instance_State_pendQ__O)

.const:ti_sysbios_knl_Task_Module_State_inactiveQ__O 
*          0    000005e8    00000004     
                  000005e8    00000004     app_ble_pem3.oem3 (.const:ti_sysbios_knl_Task_Module_State_inactiveQ__O)

.text.4    0    000005ec    0000ae00     
                  000005ec    0000090c     pdm_cc26xxware.aem3 : pdm2pcm_ccs.oem3 (.text:pdm2pcm16k)
                  00000ef8    00000314     RFCC26XX_singleMode.obj (.text:fsmActiveState$23)
                  0000120c    000002ec     peripheral.obj (.text:gapRole_processGAPMsg$56)
                  000014f8    000002d8     PDMCC26XX.obj (.text:PDMCC26XX_taskFxn$21)
                  000017d0    0000023c     peripheral.obj (.text:GAPRole_SetParameter)
                  00001a0c    00000228     drivers_cc26xxware.aem3 : PowerCC26XX.oem3 (.text:Power_sleep)
                  00001c34    00000204     driverlib.lib : sys_ctrl.obj (.text:NOROM_SysCtrlSetRechargeBeforePowerDown)
                  00001e38    000001f4     rtsv7M3_T_le_eabi.lib : ull_div_t2.obj (.text)
                  0000202c    000001d0     drivers_cc26xxware.aem3 : PowerCC26XX_calibrateRCOSC.oem3 (.text:calibrateRcoscHf1)
                  000021fc    000001bc     sensortag.obj (.text:SensorTag_init$2)
                  000023b8    000001b8     PDMCC26XX_util.obj (.text:PDMCC26XX_I2S_open)
                  00002570    000001a8     PINCC26XX.obj (.text:PIN_init)
                  00002718    000001a8     RFCC26XX_singleMode.obj (.text:abortCmd$23)
                  000028c0    00000184     drivers_cc26xxware.aem3 : PowerCC26XX_calibrateRCOSC.oem3 (.text:PowerCC26XX_doCalibrate)
                  00002a44    00000170     RFCC26XX_singleMode.obj (.text:RF_postCmd)
                  00002bb4    00000158     SPICC26XXDMA.obj (.text:SPICC26XXDMA_initIO$25)
                  00002d0c    0000014c     SPICC26XXDMA.obj (.text:SPICC26XXDMA_open)
                  00002e58    00000130     driverlib.lib : setup.obj (.text:NOROM_SetupAfterColdResetWakeupFromShutDownCfg3)
                  00002f88    00000130     PDMCC26XX.obj (.text:PDMCC26XX_open)
                  000030b8    00000120     peripheral.obj (.text:GAPRole_GetParameter)
                  000031d8    0000011c     drivers_cc26xxware.aem3 : PowerCC26XX.oem3 (.text:Power_init)
                  000032f4    00000114     RFCC26XX_singleMode.obj (.text:fsmSetupState$23)
                  00003408    00000110     RFCC26XX_singleMode.obj (.text:hwiFxnCpe0Active$23)
                  00003518    000000fc     I2CCC26XX.obj (.text:I2CCC26XX_open)
                  00003614    000000fc     sensortag_keys.obj (.text:SensorTagKeys_processEvent)
                  00003710    000000fc     peripheral.obj (.text:gapRole_taskFxn$56)
                  0000380c    000000f0     SPICC26XXDMA.obj (.text:SPICC26XXDMA_transferCancel)
                  000038fc    000000ec     icall.obj (.text:ICall_primWaitMatch$28)
                  000039e8    000000ec     RFCC26XX_singleMode.obj (.text:rf_init$23)
                  00003ad4    000000e8     rom_sysbios.aem3 : rom_sysbios.obj (.text:ti_sysbios_knl_Event_pend__E)
                  00003bbc    000000e0     I2CCC26XX.obj (.text:I2CCC26XX_hwiFxn$20)
                  00003c9c    000000e0     sensortag.obj (.text:SensorTag_processStateChangeEvt$2)
                  00003d7c    000000d8     driverlib.lib : i2s.obj (.text:NOROM_I2SChannelConfigure)
                  00003e54    000000d4                   : setup.obj (.text:NOROM_SetupAfterColdResetWakeupFromShutDownCfg2)
                  00003f28    000000d4     PDMCC26XX_util.obj (.text:PDMCC26XX_I2S_startStream)
                  00003ffc    000000d4     drivers_cc26xxware.aem3 : PowerCC26XX.oem3 (.text:Power_releaseDependency)
                  000040d0    000000d0                             : PowerCC26XX.oem3 (.text:Power_setDependency)
                  000041a0    000000cc     PDMCC26XX_util.obj (.text:PDMCC26XX_I2S_initIO)
                  0000426c    000000cc     SPICC26XXDMA.obj (.text:SPICC26XXDMA_transfer)
                  00004338    000000cc     driverlib.lib : setup.obj (.text:TrimAfterColdResetWakeupFromShutDown$87)
                  00004404    000000c8     SPICC26XXDMA.obj (.text:SPICC26XXDMA_configDMA$25)
                  000044cc    000000c8     RFCC26XX_singleMode.obj (.text:fsmPowerUpState$23)
                  00004594    000000c4     I2CCC26XX.obj (.text:I2CCC26XX_transfer)
                  00004658    000000c4     RFCC26XX_singleMode.obj (.text:swiFxnHw$23)
                  0000471c    000000c0     RFCC26XX_singleMode.obj (.text:RF_open)
                  000047dc    000000bc     power_cc26xx_tirtos.aem3 : PowerCC26XX_tirtos.oem3 (.text:PowerCC26XX_standbyPolicy)
                  00004898    000000b4     PINCC26XX.obj (.text:PINCC26XX_setIoCfg$22)
                  0000494c    000000b0     devinfoservice.obj (.text:devInfo_ReadAttrCB$45)
                  000049fc    000000b0     peripheral.obj (.text:gapRole_init$56)
                  00004aac    000000ac     drivers_cc26xxware.aem3 : Codec1.oem3 (.text:Codec1_encodeSingle)
                  00004b58    000000ac     PDMCC26XX_util.obj (.text:PDMCC26XX_I2S_hwiFxn)
                  00004c04    000000ac     sensortag.obj (.text:SensorTag_taskFxn$2)
                  00004cb0    000000a8     sensortag_io.obj (.text:SensorTagIO_processCharChangeEvt)
                  00004d58    000000a4     driverlib.lib : setup.obj (.text:NOROM_SetupTrimDevice)
                  00004dfc    000000a0     SPICC26XXDMA.obj (.text:SPICC26XXDMA_hwiFxn$25)
                  00004e9c    000000a0     auto_init.aem3 : auto_init.oem3 (.text)
                  00004f3c    0000009c     sensortag_keys.obj (.text:SensorTagKeys_clockHandler$11)
                  00004fd8    0000009c     SensorTmp007.obj (.text:SensorTmp007_test)
                  00005074    0000009c     rtsv7M3_T_le_eabi.lib : memcpy_t2.obj (.text)
                  00005110    00000098     PDMCC26XX_util.obj (.text:PDMCC26XX_I2S_initHw)
                  000051a8    00000098     PDMCC26XX.obj (.text:PDMCC26XX_startStream)
                  00005240    00000098     PINCC26XX.obj (.text:PIN_open)
                  000052d8    00000098     rom_sysbios.aem3 : rom_sysbios.obj (.text:ti_sysbios_knl_Clock_workFuncDynamic__E)
                  00005370    00000096     SensorBmp280.obj (.text:SensorBmp280_test)
                  00005406    00000002     SPICC26XXDMA.obj (.text:SPICC26XXDMA_serviceISR$25)
                  00005408    00000094     gattservapp_util.obj (.text:GATTServApp_ProcessCharCfg)
                  0000549c    00000094     SPICC26XXDMA.obj (.text:SPICC26XXDMA_control)
                  00005530    00000090     I2CCC26XX.obj (.text:I2CCC26XX_primeTransfer$20)
                  000055c0    00000090     drivers_cc26xxware.aem3 : PowerCC26XX.oem3 (.text:switchXOSCHFclockFunc)
                  00005650    0000008c     devinfoservice.obj (.text:DevInfo_SetParameter)
                  000056dc    0000008c     drivers_cc26xxware.aem3 : GPTimerCC26XX.oem3 (.text:GPTimerCC26XX_open)
                  00005768    00000088     I2CCC26XX.obj (.text:I2CCC26XX_cancel)
                  000057f0    00000088     driverlib.lib : osc.obj (.text:NOROM_OSCHF_GetStartupTime)
                  00005878    00000084     icall.obj (.text:ICall_heapMalloc)
                  000058fc    00000084     icall.obj (.text:ICall_primSetTimer$28)
                  00005980    00000084     PDMCC26XX_util.obj (.text:PDMCC26XX_I2S_stopStream)
                  00005a04    00000084     TRNGCC26XX.obj (.text:TRNGCC26XX_getNumber)
                  00005a88    00000080     RFCC26XX_singleMode.obj (.text:RF_pendCmd)
                  00005b08    0000007c     drivers_cc26xxware.aem3 : PowerCC26XX.oem3 (.text:disableLFClockQualifiers)
                  00005b84    0000007a     rtsv7M3_T_le_eabi.lib : memset_t2.obj (.text)
                  00005bfe    00000002     RFCC26XX_singleMode.obj (.text:defaultErrCb$23)
                  00005c00    00000078     drivers_cc26xxware.aem3 : Codec1.oem3 (.text:Codec1_encodeBuff)
                  00005c78    00000078     driverlib.lib : setup.obj (.text:NOROM_SetupAfterColdResetWakeupFromShutDownCfg1)
                  00005cf0    00000078     SensorTagTest.obj (.text:SensorTag_testExecute)
                  00005d68    00000074     icall_cc2650.obj (.text:ICallPlatform_pwrUpdActivityCounter)
                  00005ddc    00000074     icall.obj (.text:ICall_primSend$28)
                  00005e50    00000074     drivers_cc26xxware.aem3 : PowerCC26XX_calibrateRCOSC.oem3 (.text:PowerCC26XX_auxISR)
                  00005ec4    00000074                             : PowerCC26XX_calibrateRCOSC.oem3 (.text:calibrateRcoscHf2)
                  00005f38    00000074     peripheral.obj (.text:gapRole_startConnUpdate$56)
                  00005fac    00000070     driverlib.lib : chipinfo.obj (.text:NOROM_ChipInfo_GetHwRevision)
                  0000601c    00000070     PDMCC26XX_util.obj (.text:PDMCC26XX_I2S_close)
                  0000608c    00000070     SensorI2C.obj (.text:SensorI2C_select)
                  000060fc    00000070     rom_sysbios.aem3 : rom_sysbios.obj (.text:ti_sysbios_knl_Event_post__E)
                  0000616c    0000006c     icall.obj (.text:ICall_createRemoteTasks)
                  000061d8    0000006c     icall.obj (.text:ICall_heapInit)
                  00006244    0000006c     driverlib.lib : setup.obj (.text:NOROM_SetupGetTrimForAmpcompCtrl)
                  000062b0    0000006c     PDMCC26XX_util.obj (.text:PDMCC26XX_I2S_requestBuffer)
                  0000631c    0000006c     drivers_cc26xxware.aem3 : PowerCC26XX.oem3 (.text:PowerCC26XX_calibrate)
                  00006388    0000006c     sensortag_audio.obj (.text:SensorTagAudio_processEvent)
                  000063f4    0000006c     gattservapp_util.obj (.text:gattServApp_SendNotiInd$47)
                  00006460    0000006a     rtsv7M3_T_le_eabi.lib : copy_decompress_rle.obj (.text)
                  000064ca    00000002     drivers_cc26xxware.aem3 : PowerCC26XX.oem3 (.text:emptyClockFunc)
                  000064cc    00000068     driverlib.lib : setup.obj (.text:NOROM_SetupGetTrimForAnabypassValue1)
                  00006534    00000068                   : sys_ctrl.obj (.text:NOROM_SysCtrl_DCDC_VoltageConditionalControl)
                  0000659c    00000068     RFCC26XX_singleMode.obj (.text:fsmPowerDownState$23)
                  00006604    00000066     SensorHdc1000.obj (.text:SensorHdc1000_test)
                  0000666a    00000002     rom_sysbios.aem3 : rom_sysbios.obj (.text:ti_sysbios_BIOS_linkedWithIncorrectBootLibrary__E)
                  0000666c    00000064     I2CCC26XX.obj (.text:I2CCC26XX_close)
                  000066d0    00000064     PINCC26XX.obj (.text:PIN_add)
                  00006734    00000064     rom_sysbios.aem3 : rom_sysbios.obj (.text:ti_sysbios_family_arm_cc26xx_Timer_start__E)
                  00006798    00000060     drivers_cc26xxware.aem3 : GPTimerCC26XX.oem3 (.text:GPTimerCC26XX_registerInterrupt)
                  000067f8    00000060     sensortag_audio.obj (.text:HIDAdvRemote_processPdmData$3)
                  00006858    00000060     I2CCC26XX.obj (.text:I2CCC26XX_initIO$20)
                  000068b8    00000060     icall.obj (.text:ICall_primEnroll$28)
                  00006918    00000060     PDMCC26XX.obj (.text:PDMCC26XX_init)
                  00006978    00000060     drivers_cc26xxware.aem3 : PowerCC26XX_calibrateRCOSC.oem3 (.text:PowerCC26XX_RCOSC_clockFunc)
                  000069d8    00000060     RFCC26XX_singleMode.obj (.text:RF_getCurrentTime)
                  00006a38    00000060     ntp.obj (.text:sensorTaskFxn$1)
                  00006a98    00000060     drivers_cc26xxware.aem3 : PowerCC26XX_calibrateRCOSC.oem3 (.text:updateSubSecInc)
                  00006af8    0000005c     gptimer.obj (.text:GPT_taskFxn$0)
                  00006b54    0000005c     icall.obj (.text:ICall_primThreadServes$28)
                  00006bb0    0000005c     driverlib.lib : osc.obj (.text:NOROM_OSCHF_AttemptToSwitchToXosc)
                  00006c0c    0000005c                   : sys_ctrl.obj (.text:NOROM_SysCtrlAdjustRechargeAfterPowerDown)
                  00006c68    0000005c     ntpservice.obj (.text:Ntp_setParameter)
                  00006cc4    0000005c     PINCC26XX.obj (.text:PIN_remove)
                  00006d20    0000005c     SensorMpu9250.obj (.text:SensorMpu9250_test)
                  00006d7c    0000005c     UDMACC26XX.obj (.text:UDMACC26XX_open)
                  00006dd8    0000005c     RFCC26XX_singleMode.obj (.text:applyRfCorePatch$23)
                  00006e34    0000005c     RFCC26XX_singleMode.obj (.text:decActiveClientCnt$23)
                  00006e90    0000005c     app_ble_pem3.oem3 (.text:xdc_runtime_Startup_getState__I)
                  00006eec    0000005a     SPICC26XXDMA.obj (.text:SPICC26XXDMA_close)
                  00006f46    00000002     app_ble_pem3.oem3 (.text:ti_sysbios_BIOS_nullFunc__I)
                  00006f48    00000058     PDMCC26XX.obj (.text:PDMCC26XX_rollbackDriverInitialisation$21)
                  00006fa0    00000058     drivers_cc26xxware.aem3 : PowerCC26XX_calibrateRCOSC.oem3 (.text:PowerCC26XX_initiateCalibration)
                  00006ff8    00000058     SPICC26XXDMA.obj (.text:SPICC26XXDMA_initHw$25)
                  00007050    00000058     sensortag_keys.obj (.text:processGapStateChange$11)
                  000070a8    00000056     audio_profile.obj (.text:audioProfile_ReadAttrCB$41)
                  000070fe    00000002     rom_sysbios.aem3 : rom_sysbios.obj (.text:ti_sysbios_knl_Clock_triggerFunc__I)
                  00007100    00000054     audio_profile.obj (.text:Audio_SetParameter)
                  00007154    00000054     sensortag_audio.obj (.text:HIDAdvRemote_audioMalloc$3)
                  000071a8    00000054     I2CCC26XX.obj (.text:I2CCC26XX_swiFxn$20)
                  000071fc    00000054     PDMCC26XX.obj (.text:PDMCC26XX_stopStream)
                  00007250    00000054     SensorI2C.obj (.text:SensorI2C_open)
                  000072a4    00000054     drivers_cc26xxware.aem3 : PowerCC26XX.oem3 (.text:configureXOSCHF)
                  000072f8    00000054     RFCC26XX_singleMode.obj (.text:fsmXOSCState$23)
                  0000734c    00000054     RFCC26XX_singleMode.obj (.text:hwiFxnHw$23)
                  000073a0    00000054     RFCC26XX_singleMode.obj (.text:ratChanFree$23)
                  000073f4    00000054     rtsv7M3_T_le_eabi.lib : exit.obj (.text)
                  00007448    00000052     icall.obj (.text:ICall_primWait$28)
                  0000749a    00000052     SPICC26XXDMA.obj (.text:SPICC26XXDMA_swiFxn$25)
                  000074ec    00000052     audio_profile.obj (.text:audioProfile_WriteAttrCB$41)
                  0000753e    00000002     app_ble_pem3.oem3 (.text:ti_sysbios_rom_cortexm_cc26xx_CC26xx_badRomRevision__E)
                  00007540    00000050     icall_api.obj (.text:GAP_DeviceInit)
                  00007590    00000050     icall_api.obj (.text:GAP_UpdateAdvertisingData)
                  000075e0    00000050     icall.obj (.text:ICall_primRegisterApp$28)
                  00007630    00000050     driverlib.lib : setup.obj (.text:NOROM_SetupSetCacheModeAccordingToCcfgSetting)
                  00007680    00000050     PDMCC26XX.obj (.text:PDMCC26XX_setPcmBufferReady$21)
                  000076d0    00000050     RFCC26XX_singleMode.obj (.text:RF_getInfo)
                  00007720    00000050     RFCC26XX_singleMode.obj (.text:syncCb$23)
                  00007770    0000004e     SensorOpt3001.obj (.text:SensorOpt3001_test)
                  000077be    0000004e     ioservice.obj (.text:io_ReadAttrCB$49)
                  0000780c    0000004e     ntpservice.obj (.text:sensor_ReadAttrCB$52)
                  0000785a    00000002     rom_sysbios.aem3 : rom_sysbios.obj (.text:xdc_runtime_SysCallback_defaultAbort)
                  0000785c    0000004c     ExtFlash.obj (.text:ExtFlash_waitReady$32)
                  000078a8    0000004c     drivers_cc26xxware.aem3 : GPTimerCC26XX.oem3 (.text:GPTimerCC26XX_start)
                  000078f4    0000004c     sensortag_audio.obj (.text:HIDAdvRemote_finishStream$3)
                  00007940    0000004c     icall.obj (.text:ICall_newTask$28)
                  0000798c    0000004c     icall.obj (.text:ICall_primGetEntityId$28)
                  000079d8    0000004c     driverlib.lib : osc.obj (.text:NOROM_OSCClockSourceSet)
                  00007a24    0000004c     sensortag.obj (.text:SensorTag_setDeviceInfo$2)
                  00007a70    0000004c     util.obj (.text:Util_constructClock)
                  00007abc    0000004c     RFCC26XX_singleMode.obj (.text:dispatchOpWhen$23)
                  00007b08    0000004c     peripheral.obj (.text:gapRole_processStackMsg$56)
                  00007b54    0000004c     rtsv7M3_T_le_eabi.lib : cpy_tbl.obj (.text)
                  00007ba0    0000004a     gattservapp_util.obj (.text:GATTServApp_ProcessCCCWriteReq)
                  00007bea    00000002     rom_sysbios.aem3 : rom_sysbios.obj (.text:xdc_runtime_SysCallback_defaultExit)
                  00007bec    00000048     drivers_cc26xxware.aem3 : GPTimerCC26XX.oem3 (.text:GPTimerCC26XXHwiFxn)
                  00007c34    00000048     I2CCC26XX.obj (.text:I2CCC26XX_initHw$20)
                  00007c7c    00000048     driverlib.lib : chipinfo.obj (.text:NOROM_ChipInfo_GetChipFamily)
                  00007cc4    00000048                   : ddi.obj (.text:NOROM_DDI16BitfieldWrite)
                  00007d0c    00000048     PDMCC26XX.obj (.text:PDMCC26XX_requestBuffer)
                  00007d54    00000048     sensortag_audio.obj (.text:SensorTagAudio_init)
                  00007d9c    00000048     icall_api.obj (.text:gattIndNoti$31)
                  00007de4    00000048     drivers_cc26xxware.aem3 : PowerCC26XX.oem3 (.text:notify)
                  00007e2c    00000046     simplekeys.obj (.text:SK_readAttrCB$58)
                  00007e72    00000002     --HOLE-- [fill = 0]
                  00007e74    00000044     icall_api.obj (.text:GAP_TerminateLinkReq)
                  00007eb8    00000044     PINCC26XX.obj (.text:PIN_swi$22)
                  00007efc    00000044     sensortag_io.obj (.text:SensorTagIO_blinkLed)
                  00007f40    00000044     sensortag_io.obj (.text:SensorTagIO_reset)
                  00007f84    00000044     boot.aem3 : boot.oem3 (.text)
                  00007fc8    00000044     icall_api.obj (.text:gapSendParamAndPtrCmd$31)
                  0000800c    00000044     SensorMpu9250.obj (.text:sensorMpu9250SetBypass$36)
                  00008050    00000042     icall.obj (.text:ICall_primCreateTask$28)
                  00008092    00000002     --HOLE-- [fill = 0]
                  00008094    00000040     ExtFlash.obj (.text:ExtFlash_open)
                  000080d4    00000040     ExtFlash.obj (.text:ExtFlash_readInfo$32)
                  00008114    00000040     peripheral.obj (.text:GAPRole_SendUpdateParam)
                  00008154    00000040     peripheral.obj (.text:GAPRole_createTask)
                  00008194    00000040     sensortag_audio.obj (.text:HIDAdvRemote_transmitAudioFrame$3)
                  000081d4    00000040     driverlib.lib : ddi.obj (.text:NOROM_DDI16BitfieldRead)
                  00008214    00000040     RFCC26XX_singleMode.obj (.text:RF_getRssi)
                  00008254    00000040     SensorMpu9250.obj (.text:SensorMpu9250_magTest)
                  00008294    00000040     ExtFlash.obj (.text:extFlashVerifyPart$32)
                  000082d4    0000003e     icall_api.obj (.text:hciSendParamsCmd$31)
                  00008312    00000002     --HOLE-- [fill = 0]
                  00008314    0000003c     icall_api.obj (.text:GAP_GetParamValue)
                  00008350    0000003c     icall_api.obj (.text:GATTServApp_RegisterService)
                  0000838c    0000003c     gptimer.obj (.text:GPT_createTask)
                  000083c8    0000003c     sensortag_audio.obj (.text:HIDAdvRemote_sendStopCmd$3)
                  00008404    0000003c     icall_cc2650.obj (.text:ICallPlatform_pwrConfigACAction)
                  00008440    0000003c     driverlib.lib : osc.obj (.text:NOROM_OSC_HPOSCRelativeFrequencyOffsetGet)
                  0000847c    0000003c                   : rfc.obj (.text:NOROM_RFCSynthPowerDown)
                  000084b8    0000003c     PINCC26XX.obj (.text:PINCC26XX_getConfig)
                  000084f4    0000003c     RFCC26XX_singleMode.obj (.text:RF_runCmd)
                  00008530    0000003c     SPICC26XXDMA.obj (.text:SPICC26XXDMA_csnCallback$25)
                  0000856c    0000003c     SensorI2C.obj (.text:SensorI2C_writeRead)
                  000085a8    0000003c     sensortag_buzzer.obj (.text:SensorTagBuzzer_open)
                  000085e4    0000003c     sensortag_buzzer.obj (.text:SensorTagBuzzer_setFrequency)
                  00008620    0000003c     ntp.obj (.text:SensorTagNtp_createTask)
                  0000865c    0000003c     sensortag.obj (.text:SensorTag_createTask)
                  00008698    0000003c     RFCC26XX_singleMode.obj (.text:postDirImmCmd$23)
                  000086d4    0000003c     icall_api.obj (.text:profileSetParameter$31)
                  00008710    0000003c     icall_api.obj (.text:sendWaitMatchCS$31)
                  0000874c    0000003c     icall_api.obj (.text:sendWaitMatchValueCS$31)
                  00008788    00000038     icall_api.obj (.text:GAPBondMgr_LinkEst)
                  000087c0    00000038     sensortag_audio.obj (.text:HIDAdvRemote_stopStreamingVoice$3)
                  000087f8    00000038     I2C.obj (.text:I2C_init)
                  00008830    00000038     icall.obj (.text:ICall_primGetMaxMSecs$28)
                  00008868    00000038     PDMCC26XX.obj (.text:PDMCC26XX_initIO$21)
                  000088a0    00000038     SensorI2C.obj (.text:SensorI2C_write)
                  000088d8    00000038     util.obj (.text:Util_restartClock)
                  00008910    00000038     icall_api.obj (.text:linkDB_NumConns)
                  00008948    00000038     icall_api.obj (.text:registerTask$31)
                  00008980    00000038     rom_sysbios.aem3 : rom_sysbios.obj (.text:ti_sysbios_family_arm_cc26xx_Timer_getCurrentTick__E)
                  000089b8    00000036     UDMACC26XX.obj (.text:UDMACC26XX_close)
                  000089ee    00000036     RFCC26XX_singleMode.obj (.text:updateImplicitState$23)
                  00008a24    00000034     audio_profile.obj (.text:Audio_AddService)
                  00008a58    00000034     icall_api.obj (.text:GAPBondMgr_SetParameter)
                  00008a8c    00000034     icall_api.obj (.text:GAP_SetParamValue)
                  00008ac0    00000034     drivers_cc26xxware.aem3 : GPTimerCC26XX.oem3 (.text:GPTimerCC26XXSetLoadMatch)
                  00008af4    00000034                             : GPTimerCC26XX.oem3 (.text:GPTimerCC26XX_initHw)
                  00008b28    00000034     icall.obj (.text:ICall_primEntityId2ServiceId$28)
                  00008b5c    00000034     icall.obj (.text:ICall_primFetchMsg$28)
                  00008b90    00000034     icall.obj (.text:ICall_primRegisterISR$28)
                  00008bc4    00000034     icall.obj (.text:ICall_primRegisterISR_Ext$28)
                  00008bf8    00000034     icall.obj (.text:ICall_searchServiceEntity)
                  00008c2c    00000034     ioservice.obj (.text:Io_setParameter)
                  00008c60    00000034     driverlib.lib : ddi.obj (.text:NOROM_DDI32RegWrite)
                  00008c94    00000034                   : osc.obj (.text:NOROM_OSCHF_SwitchToRcOscTurnOffXosc)
                  00008cc8    00000034     PINCC26XX.obj (.text:PIN_setOutputValue)
                  00008cfc    00000034     drivers_cc26xxware.aem3 : PowerCC26XX.oem3 (.text:PowerCC26XX_isStableXOSC_HF)
                  00008d30    00000034     RFCC26XX_singleMode.obj (.text:Q_push$23)
                  00008d64    00000034     sensortag_keys.obj (.text:SensorTagKeys_processKeyRight)
                  00008d98    00000034     sensortag_keys.obj (.text:SensorTagKeys_processRelay)
                  00008dcc    00000034     icall_api.obj (.text:osal_snv_read)
                  00008e00    00000034     icall_api.obj (.text:osal_snv_write)
                  00008e34    00000034     icall_api.obj (.text:profileAddService$31)
                  00008e68    00000032     icall_api.obj (.text:gapSendParamsCmd$31)
                  00008e9a    00000032     icall_api.obj (.text:gapSendPtrParamsCmd$31)
                  00008ecc    00000032     icall_api.obj (.text:matchGapSetGetParamCS$31)
                  00008efe    00000032     icall_api.obj (.text:matchGattCmdStatus$31)
                  00008f30    00000032     icall_api.obj (.text:matchUtilNvCS$31)
                  00008f62    00000032     rom_sysbios.aem3 : rom_sysbios.obj (.text:ti_sysbios_family_arm_cc26xx_Timer_setNextTick__E)
                  00008f94    00000030     ExtFlash.obj (.text:ExtFlash_close)
                  00008fc4    00000030     icall_cc2650.obj (.text:ICallPlatform_pwrNotify$29)
                  00008ff4    00000030     icall_cc2650.obj (.text:ICallPlatform_pwrRegisterNotify)
                  00009024    00000030     icall.obj (.text:ICall_msecs2Ticks$28)
                  00009054    00000030     icall.obj (.text:ICall_searchTask$28)
                  00009084    00000030     driverlib.lib : prcm.obj (.text:NOROM_PRCMAudioClockConfigSetOverride)
                  000090b4    00000030                   : setup.obj (.text:NOROM_SetupSetAonRtcSubSecInc)
                  000090e4    00000030                   : trng.obj (.text:NOROM_TRNGConfigure)
                  00009114    00000030     PINCC26XX.obj (.text:PIN_setInterrupt)
                  00009144    00000030     drivers_cc26xxware.aem3 : PowerCC26XX.oem3 (.text:Power_releaseConstraint)
                  00009174    00000030                             : PowerCC26XX.oem3 (.text:Power_setConstraint)
                  000091a4    00000030     ExtFlash.obj (.text:Spi_open$32)
                  000091d4    00000030     ExtFlash.obj (.text:Spi_read$32)
                  00009204    00000030     ExtFlash.obj (.text:Spi_write$32)
                  00009234    00000030     app_ble_pem3.oem3 (.text:ti_sysbios_BIOS_atExitFunc__I)
                  00009264    00000030     app_ble_pem3.oem3 (.text:ti_sysbios_BIOS_startFunc__I)
                  00009294    00000030     rom_sysbios.aem3 : rom_sysbios.obj (.text:ti_sysbios_family_arm_cc26xx_Timer_initDevice__I)
                  000092c4    00000030                      : rom_sysbios.obj (.text:ti_sysbios_family_arm_cc26xx_Timer_setThreshold__I)
                  000092f4    0000002e     icall_cc2650.obj (.text:ICallPlatform_pwrDispenseImpl$29)
                  00009322    0000002e     icall_cc2650.obj (.text:ICallPlatform_pwrRequireImpl$29)
                  00009350    0000002e     sensortag.obj (.text:ICall_fetchServiceMsg$2)
                  0000937e    0000002e     peripheral.obj (.text:ICall_fetchServiceMsg$56)
                  000093ac    0000002e     icall.obj (.text:ICall_msgDequeue$28)
                  000093da    0000002e     PDMCC26XX.obj (.text:PDMCC26XX_getNewPcmBuffer$21)
                  00009408    0000002e     simplekeys.obj (.text:SK_writeAttrCB$58)
                  00009436    0000002e     icall_api.obj (.text:matchProfileAddServiceCS$31)
                  00009464    0000002c     icall_api.obj (.text:GAPBondMgr_Register)
                  00009490    0000002c     drivers_cc26xxware.aem3 : GPTimerCC26XX.oem3 (.text:GPTimerCC26XX_getTimerValue)
                  000094bc    0000002c     sensortag_audio.obj (.text:HIDAdvRemote_startStreamingVoice$3)
                  000094e8    0000002c     icall.obj (.text:ICall_heapFree)
                  00009514    0000002c     audio_profile.obj (.text:ICall_malloc$41)
                  00009540    0000002c     ioservice.obj (.text:ICall_malloc$49)
                  0000956c    0000002c     simplekeys.obj (.text:ICall_malloc$58)
                  00009598    0000002c     icall.obj (.text:ICall_msgEnqueue$28)
                  000095c4    0000002c     icall.obj (.text:ICall_primAllocMsg$28)
                  000095f0    0000002c     icall.obj (.text:ICall_primFetchServiceMsg$28)
                  0000961c    0000002c     icall_api.obj (.text:ICall_sendServiceMsg$31)
                  00009648    0000002c     driverlib.lib : i2s.obj (.text:NOROM_I2SEnable)
                  00009674    0000002c                   : i2s.obj (.text:NOROM_I2SSampleStampConfigure)
                  000096a0    0000002c                   : setup.obj (.text:NOROM_SetupGetTrimForRadcExtCfg)
                  000096cc    0000002c     PINCC26XX.obj (.text:PINCC26XX_setMux)
                  000096f8    0000002c     PINCC26XX.obj (.text:PIN_setConfig)
                  00009724    0000002c     simplekeys.obj (.text:SK_SetParameter)
                  00009750    0000002c     SensorI2C.obj (.text:SensorI2C_writeReg)
                  0000977c    0000002c     ExtFlash.obj (.text:extFlashPowerStandby$32)
                  000097a8    0000002c     RFCC26XX_singleMode.obj (.text:getCmd$23)
                  000097d4    0000002c     sensortag_audio.obj (.text:pdm_stream)
                  00009800    0000002c     rom_sysbios.aem3 : rom_sysbios.obj (.text:ti_sysbios_knl_Clock_getTicksUntilInterrupt__E)
                  0000982c    0000002c     app_ble_pem3.oem3 (.text:ti_sysbios_knl_Event_construct)
                  00009858    0000002c     rom_sysbios.aem3 : rom_sysbios.obj (.text:ti_sysbios_knl_Event_pendTimeout__I)
                  00009884    0000002c     st_util.obj (.text:utilExtractUuid16)
                  000098b0    0000002a     drivers_cc26xxware.aem3 : GPTimerCC26XX.oem3 (.text:GPTimerCC26XXLookupMask)
                  000098da    0000002a     icall_api.obj (.text:ICall_waitMatch$31)
                  00009904    0000002a     TRNGCC26XX.obj (.text:TRNGCC26XX_isParamValid)
                  0000992e    0000002a     util.obj (.text:Util_enqueueMsg)
                  00009958    0000002a     main.obj (.text:main)
                  00009982    0000002a     icall_api.obj (.text:matchProfileCS$31)
                  000099ac    00000028     gattservapp_util.obj (.text:GATTServApp_WriteCharCfg)
                  000099d4    00000028     drivers_cc26xxware.aem3 : GPTimerCC26XX.oem3 (.text:GPTimerCC26XX_configureDebugStall)
                  000099fc    00000028     sensortag_audio.obj (.text:HIDAdvRemote_signalStopStreamEvt$3)
                  00009a24    00000028     icall.obj (.text:ICall_init)
                  00009a4c    00000028     icall.obj (.text:ICall_msgPrepend$28)
                  00009a74    00000028     ntp.obj (.text:ICall_registerApp$1)
                  00009a9c    00000028     sensortag.obj (.text:ICall_registerApp$2)
                  00009ac4    00000028     peripheral.obj (.text:ICall_registerApp$56)
                  00009aec    00000028     ioservice.obj (.text:Io_addService)
                  00009b14    00000028     driverlib.lib : aon_batmon.obj (.text:NOROM_AONBatMonTemperatureGetDegC)
                  00009b3c    00000028     PDMCC26XX_util.obj (.text:PDMCC26XX_I2S_cleanUpQueues)
                  00009b64    00000028     PINCC26XX.obj (.text:PINCC26XX_getPinCount)
                  00009b8c    00000028     drivers_cc26xxware.aem3 : PowerCC26XX.oem3 (.text:PowerCC26XX_switchXOSC_HF)
                  00009bb4    00000028                             : PowerCC26XX.oem3 (.text:Power_registerNotify)
                  00009bdc    00000028     simplekeys.obj (.text:SK_AddService)
                  00009c04    00000028     SPICC26XXDMA.obj (.text:SPICC26XXDMA_flushFifos$25)
                  00009c2c    00000028     driverlib.lib : adi.obj (.text:SafeHapiVoid)
                  00009c54    00000028     sensortag_audio.obj (.text:SensorTagAudio_enableStreaming)
                  00009c7c    00000028     sensortag_buzzer.obj (.text:SensorTagBuzzer_close)
                  00009ca4    00000028     sensortag_keys.obj (.text:SensorTagKeys_init)
                  00009ccc    00000028     sensortag_keys.obj (.text:SensorTagKeys_processKeyLeft)
                  00009cf4    00000028     sensortag.obj (.text:SensorTag_enqueueMsg$2)
                  00009d1c    00000028     TRNGCC26XX.obj (.text:TRNGCC26XX_init)
                  00009d44    00000028     RFCC26XX_singleMode.obj (.text:clkPowerUpFxn$23)
                  00009d6c    00000028     gattservapp_util.obj (.text:gattServApp_FindCharCfgItem$47)
                  00009d94    00000028     rom_sysbios.aem3 : rom_sysbios.obj (.text:ti_sysbios_family_arm_cc26xx_Timer_getMaxTicks__E)
                  00009dbc    00000026     drivers_cc26xxware.aem3 : List.oem3 (.text:List_put)
                  00009de2    00000024     icall_api.obj (.text:GAPBondMgr_LinkTerm)
                  00009e06    00000024     drivers_cc26xxware.aem3 : GPTimerCC26XX.oem3 (.text:GPTimerCC26XXReverseLookupMask)
                  00009e2a    00000002     --HOLE-- [fill = 0]
                  00009e2c    00000024                             : GPTimerCC26XX.oem3 (.text:GPTimerCC26XX_enableInterrupt)
                  00009e50    00000024     sensortag_audio.obj (.text:HIDAdvRemote_audioFree$3)
                  00009e74    00000024     sensortag_audio.obj (.text:HIDAdvRemote_pdmCB$3)
                  00009e98    00000024     I2C.obj (.text:I2C_open)
                  00009ebc    00000024     icall_api.obj (.text:ICall_getLocalMsgEntityId$31)
                  00009ee0    00000024     icall_api.obj (.text:ICall_threadServes$31)
                  00009f04    00000024     SPI.obj (.text:SPI_open)
                  00009f28    00000024     drivers_cc26xxware.aem3 : PowerCC26XX_calibrateRCOSC.oem3 (.text:getTdcSemaphore)
                  00009f4c    00000024     RFCC26XX_singleMode.obj (.text:hwiFxnCpe0PowerFsm$23)
                  00009f70    00000024     app_ble_pem3.oem3 (.text:ti_sysbios_BIOS_registerRTSLock__I)
                  00009f94    00000024     app_ble_pem3.oem3 (.text:ti_sysbios_BIOS_removeRTSLock__I)
                  00009fb8    00000022     icall.obj (.text:ICall_dispatch$28)
                  00009fda    00000022     util.obj (.text:ICall_malloc$17)
                  00009ffc    00000022     sensortag.obj (.text:ICall_malloc$2)
                  0000a01e    00000002     --HOLE-- [fill = 0]
                  0000a020    00000020     gattservapp_util.obj (.text:GATTServApp_InitCharCfg)
                  0000a040    00000020     icall_api.obj (.text:ICall_allocMsg$31)
                  0000a060    00000020     icall_api.obj (.text:ICall_getEntityId$31)
                  0000a080    00000020     sensortag_audio.obj (.text:ICall_malloc$3)
                  0000a0a0    00000020     devinfoservice.obj (.text:ICall_malloc$45)
                  0000a0c0    00000020     icall.obj (.text:ICall_primService$28)
                  0000a0e0    00000020     icall.obj (.text:ICall_searchService$28)
                  0000a100    00000020     driverlib.lib : i2s.obj (.text:NOROM_I2SAudioFormatConfigure)
                  0000a120    00000020                   : rfc.obj (.text:NOROM_RFCDoorbellSendTo)
                  0000a140    00000020                   : rfc.obj (.text:NOROM_RFCRfTrimRead)
                  0000a160    00000020                   : setup.obj (.text:NOROM_SetupGetTrimForXoscHfCtl)
                  0000a180    00000020     drivers_cc26xxware.aem3 : PowerCC26XX.oem3 (.text:Power_unregisterNotify)
                  0000a1a0    00000020     sensortag_io.obj (.text:SensorTagIO_init)
                  0000a1c0    00000020     sensortag.obj (.text:SensorTag_callback$2)
                  0000a1e0    00000020     UDMACC26XX.obj (.text:UDMACC26XX_initHw$27)
                  0000a200    00000020     RFCC26XX_singleMode.obj (.text:allocCmd$23)
                  0000a220    00000020     app_ble_pem3.oem3 (.text:ti_sysbios_BIOS_rtsLock__I)
                  0000a240    00000020     rom_sysbios.aem3 : rom_sysbios.obj (.text:ti_sysbios_knl_Clock_stop__E)
                  0000a260    00000020                      : rom_sysbios.obj (.text:ti_sysbios_knl_Event_checkEvents__I)
                  0000a280    0000001e     icall.obj (.text:ICall_primSendServiceMsg$28)
                  0000a29e    0000001e     PINCC26XX.obj (.text:PIN_close)
                  0000a2bc    0000001e     drivers_cc26xxware.aem3 : PowerCC26XX.oem3 (.text:Power_getTransitionLatency)
                  0000a2da    0000001e     icall_api.obj (.text:matchHciCS$31)
                  0000a2f8    0000001e     icall_api.obj (.text:waitMatchCS$31)
                  0000a316    00000002     --HOLE-- [fill = 0]
                  0000a318    0000001c     icall_api.obj (.text:GATT_bm_alloc)
                  0000a334    0000001c     icall_api.obj (.text:GATT_bm_free)
                  0000a350    0000001c     icall.obj (.text:ICall_initPrim$28)
                  0000a36c    0000001c     sensortag.obj (.text:ICall_wait$2)
                  0000a388    0000001c     peripheral.obj (.text:ICall_wait$56)
                  0000a3a4    0000001c     driverlib.lib : i2s.obj (.text:NOROM_I2SBufferConfig)
                  0000a3c0    0000001c                   : osc.obj (.text:NOROM_OSCClockSourceGet)
                  0000a3dc    0000001c                   : setup.obj (.text:NOROM_SetupGetTrimForAmpcompTh2)
                  0000a3f8    0000001c                   : setup.obj (.text:NOROM_SetupGetTrimForRcOscLfRtuneCtuneTrim)
                  0000a414    0000001c     PINCC26XX.obj (.text:PINCC26XX_setIoCfgMux$22)
                  0000a430    0000001c     PINCC26XX.obj (.text:PIN_hwi$22)
                  0000a44c    0000001c     RFCC26XX_singleMode.obj (.text:RF_runDirectCmd)
                  0000a468    0000001c     RFCC26XX_singleMode.obj (.text:RF_runImmediateCmd)
                  0000a484    0000001c     SPI.obj (.text:SPI_Params_init)
[...]
1001c30d  xdc_runtime_Startup_startMods__I                                          
1001c405  xdc_runtime_Core_createObject__I                                          
1001c487  xdc_runtime_Error_policySpin__E                                           
1001c489  xdc_runtime_Memory_alloc__E                                               
1001c4f9  xdc_runtime_Core_deleteObject__I                                          
1001c559  xdc_runtime_Startup_exec__E                                               
1001c5a9  xdc_runtime_Assert_raise__I                                               
1001c5f1  xdc_runtime_Core_assignParams__I                                          
1001c639  xdc_runtime_Core_constructObject__I                                       
1001c681  xdc_runtime_System_atexit__E                                              
1001c6b9  xdc_runtime_System_processAtExit__E                                       
1001c6ed  xdc_runtime_Core_assignLabel__I                                           
1001c71d  xdc_runtime_Text_cordText__E                                              
1001c749  xdc_runtime_System_abort__E                                               
1001c769  xdc_runtime_Error_raiseX__E                                               
1001c785  xdc_runtime_Memory_valloc__E                                              
1001c7a1  xdc_runtime_Core_destructObject__I                                        
1001c7b9  xdc_runtime_Error_check__E                                                
1001c7d1  xdc_runtime_System_exit__E                                                
1001c7e9  xdc_runtime_Text_ropeText__E                                              
1001c801  xdc_runtime_Memory_free__E                                                
1001c811  xdc_runtime_SysCallback_abort__E                                          
1001c821  xdc_runtime_SysCallback_exit__E                                           
1001c831  xdc_runtime_Timestamp_SupportProxy_get32__E                               
1001c831  xdc_runtime_Timestamp_get32__E                                            
1001c841  xdc_runtime_Error_init__E                                                 
1001c84d  xdc_runtime_Memory_calloc__E                                              
1001c859  xdc_runtime_Memory_getMaxDefaultTypeAlign__E                              
1001c879  xdc_runtime_Gate_leaveSystem__E                                           
1001c87f  xdc_runtime_System_Module_startup__E                                      
1001c885  xdc_runtime_Gate_enterSystem__E                                           
1001c889  xdc_runtime_Memory_HeapProxy_alloc__E                                     
1001c88d  xdc_runtime_Memory_HeapProxy_free__E                                      
1001c891  xdc_runtime_System_Module_GateProxy_enter__E                              
1001c895  xdc_runtime_System_Module_GateProxy_leave__E                              
1001c899  xdc_runtime_System_abortSpin__E                                           
1001c89b  xdc_runtime_System_exitSpin__E                                            
1001c89d  ti_sysbios_family_arm_m3_Hwi_dispatch__I                                  
1001c96d  ti_sysbios_family_arm_m3_TaskSupport_buildTaskStack                       
1001c9b9  ti_sysbios_family_arm_m3_Hwi_initStacks__E                                
1001ca01  ti_sysbios_family_arm_m3_Hwi_excHandlerAsm__I                             
1001ca21  ti_sysbios_family_xxx_Hwi_switchAndRunFunc                                
1001ca3f  ti_sysbios_family_arm_m3_Hwi_pendSV__I                                    
1001ca57  ti_sysbios_family_arm_m3_Hwi_return                                       
1001ca59  ti_sysbios_family_arm_m3_TaskSupport_glue                                 
1001ca69  ti_sysbios_family_arm_m3_TaskSupport_swap__E                              
1001ca71  ti_sysbios_knl_Task_swapReturn                                            
1001ca9b  ti_sysbios_rom_cortexm_cc26xx_CC26xx_getRevision__E                       
20000000  ti_sysbios_family_arm_m3_Hwi_ramVectors                                   
20000100  ti_sysbios_knl_Task_Module__state__V                                      
20000144  ti_sysbios_family_arm_m3_Hwi_Module__state__V                             
20000178  ti_sysbios_knl_Clock_Module__state__V                                     
200001a4  ti_sysbios_BIOS_Module__state__V                                          
200001c8  ti_sysbios_knl_Swi_Module__state__V                                       
200001e4  ti_sysbios_family_arm_cc26xx_Timer_Module__state__V                       
200001ec  ti_sysbios_family_arm_cc26xx_TimestampProvider_Module__state__V           
200001f0  xdc_runtime_Startup_Module__state__V                                      
200001f8  xdc_runtime_System_Module__state__V                                       
20000200  xdc_runtime_Memory_Module__state__V                                       
20000540  i2sHandle                                                                 
20000548  streamNotification                                                        
20000550  pdmStream                                                                 
20000578  pdmHwi                                                                    
20000594  pdmContMgtBuffer                                                          
20000638  pdmTask                                                                   
200006f4  pdmTaskStack                                                              
200008e8  pdmContinuousBuffer                                                       
20000be8  gapProfileState                                                           
20000be9  selfEntityMain                                                            
20000bf0  sem                                                                       
20000bf4  hGpioPin                                                                  
20000c10  pinGpioState                                                              
20000fa8  linkDBNumConns                                                            
200010bc  gapRoleTask                                                               
2000110c  gapRoleTaskStack                                                          
200012dc  tx_time                                                                   
2000158c  overflow_count_loc                                                        
20001bec  PowerCC26XX_module                                                        
20001cfc  ICall_dispatcher                                                          
20001d04  ICall_enterCriticalSection                                                
20001d08  ICall_leaveCriticalSection                                                
20001d20  HEAPMGR_SIZE                                                              
20001e20  pdmParams                                                                 
20002158  rfRegTbl                                                                  
200021a8  ti_sysbios_knl_Task_Object__table__V                                      
200021f8  ti_sysbios_family_arm_cc26xx_Timer_Object__table__V                       
20002268  g_ControlTable                                                            
20002280  ti_sysbios_gates_GateMutex_Object__table__V                               
200022f4  time                                                                      
20002320  ti_sysbios_knl_Swi_Module_State_0_readyQ__A                               
20002350  ti_sysbios_knl_Swi_Object__table__V                                       
20002380  ti_sysbios_knl_Task_Module_State_0_readyQ__A                              
200023b0  user0Cfg                                                                  
200023e0  ti_sysbios_knl_Clock_Object__table__V                                     
20002400  ti_sysbios_family_arm_m3_Hwi_Object__table__V                             
20002418  ti_sysbios_heaps_HeapMem_Object__table__V                                 
20002440  __TI_cleanup_ptr                                                          
20002444  __TI_dtors_ptr                                                            
20002448  __TI_enable_exit_profile_output                                           
2000244c  lastAppOpcodeSent                                                         
20002450  pfnBMAlloc                                                                
20002454  pfnBMFree                                                                 
2000246c  _lock                                                                     
20002470  _unlock                                                                   
2000247c  ti_sysbios_family_arm_m3_Hwi_Module__root__V                              
20002484  ti_sysbios_gates_GateHwi_Module__root__V                                  
2000248c  ti_sysbios_gates_GateMutex_Module__root__V                                
20002494  ti_sysbios_hal_Hwi_Module__root__V                                        
2000249c  ti_sysbios_heaps_HeapMem_Module__root__V                                  
200024a4  ti_sysbios_knl_Clock_Module__root__V                                      
200024ac  ti_sysbios_knl_Event_Module__root__V                                      
200024b4  ti_sysbios_knl_Mailbox_Module__root__V                                    
200024bc  ti_sysbios_knl_Queue_Module__root__V                                      
200024c4  ti_sysbios_knl_Semaphore_Module__root__V                                  
200024cc  ti_sysbios_knl_Swi_Module__root__V                                        
200024d4  ti_sysbios_knl_Task_Module__root__V                                       
200024dc  appAssertCback                                                            
200024e0  main_func_sp                                                              
200024e8  ti_sysbios_family_arm_m3_Hwi_Module_State_0_excContext__A                 
200024ec  ti_sysbios_family_arm_m3_Hwi_Module_State_0_excStack__A                   
200024f0  ti_sysbios_knl_Task_Module_State_0_idleTask__A                            
200024fa  ti_sysbios_family_arm_m3_Hwi_Module_State_0_excActive__A                  
20002500  ti_sysbios_heaps_HeapMem_Instance_State_0_buf__A                          
20002b80  ti_sysbios_knl_Task_Instance_State_0_stack__A                             
20002d80  spiCC26XXDMAObjects                                                       
20002f38  gptimerCC26XXObjects                                                      
20003058  PIN_NumPins                                                               
200030ec  PIN_HandleTable                                                           
20003268  i2cCC26xxObjects                                                          
20003348  ti_sysbios_family_arm_m3_Hwi_dispatchTable                                
20003410  pdmCC26XXI2SObjects                                                       
200034ac  pdmCC26XXObjects                                                          
20003570  udmaObjects                                                               
200035bc  g_pControlTable                                                           
200035c0  trngCC26XXObjects                                                         
200035ca  driverlib_release_0_46593                                                 
200035cb  heapStart                                                                 
20004028  __stack                                                                   
20004028  heapEnd                                                                   
20004428  __STACK_END                                                               
20004428  __STACK_TOP                                                               
20004f2c  A4_rw                                                                     
20004f2c  COMMON_RAM_BASE_ADDR                                                      
20004f40  P2_rw                                                                     
20004f40  P2_s0                                                                     
20004f40  eccRom_windowSize                                                         
20004f44  eccRom_workzone                                                           
20004f48  eccRom_param_p                                                            
20004f4c  eccRom_param_r                                                            
20004f50  eccRom_param_a                                                            
20004f54  inScalar                                                                  
20004f58  inPointX                                                                  
20004f5c  inPointY                                                                  
20004f60  outPointX                                                                 
20004f64  outPointY                                                                 
20004f68  SCAL                                                                      
20004f6c  EXPX                                                                      
20004f70  EXPY                                                                      
20004f74  EXPZ                                                                      
20004f78  EXPW                                                                      
20004f7c  ACCX                                                                      
20004f80  ACCY                                                                      
20004f84  ACCZ                                                                      
20004f88  TMP1                                                                      
20004f8c  TMP2                                                                      
20004f90  TMP3                                                                      
20004f94  TMP4                                                                      
20004f98  TMP5                                                                      
20004f9c  TMP6                                                                      
20004fa0  eccRom_param_Gx                                                           
20004fa4  eccRom_param_Gy                                                           
20004fa8  eccRom_param_b                                                            
20004fac  P2_zi                                                                     
20004fac  ratChanInfo                                                               
20004fcc  fwInfoCmd                                                                 
20004fd8  MSBMOD                                                                    
20004fdc  aux64                                                                     
20004fe4  MOD                                                                       
20004fe8  LEN                                                                       
20004ffc  pSspAesEncrypt_Sw                                                         
e000e000  ti_sysbios_family_arm_m3_Hwi_nvic                                         
ffffffff  __TI_pprof_out_hndl                                                       
ffffffff  __TI_prof_data_size                                                       
ffffffff  __TI_prof_data_start                                                      
ffffffff  __binit__                                                                 
ffffffff  __c_args__                                                                
ffffffff  binit                                                                     
UNDEFED   HwiP_restore                                                              
UNDEFED   SHT$$INIT_ARRAY$$Base                                                     
UNDEFED   SHT$$INIT_ARRAY$$Limit                                                    
UNDEFED   ti_sysbios_BIOS_RtsGateProxy_Handle__label__S__mangled__                  
UNDEFED   ti_sysbios_BIOS_RtsGateProxy_Object__delete__S__mangled__                 
UNDEFED   ti_sysbios_BIOS_RtsGateProxy_Params__init__S__mangled__                   
UNDEFED   ti_sysbios_BIOS_RtsGateProxy_query__E__mangled__                          
UNDEFED   ti_sysbios_hal_Hwi_HwiProxy_Module__startupDone__S__mangled__             
UNDEFED   ti_sysbios_hal_Hwi_HwiProxy_Object__delete__S__mangled__                  
UNDEFED   ti_sysbios_hal_Hwi_HwiProxy_Params__init__S__mangled__                    
UNDEFED   ti_sysbios_hal_Hwi_HwiProxy_disableInterrupt__E__mangled__                
UNDEFED   ti_sysbios_hal_Hwi_HwiProxy_enableInterrupt__E__mangled__                 
UNDEFED   ti_sysbios_hal_Hwi_HwiProxy_getStackInfo__E__mangled__                    
UNDEFED   ti_sysbios_hal_Hwi_HwiProxy_startup__E__mangled__                         
UNDEFED   ti_sysbios_hal_Hwi_HwiProxy_switchFromBootStack__E__mangled__             
UNDEFED   ti_sysbios_hal_Hwi_disableInterrupt__E                                    
UNDEFED   ti_sysbios_hal_Hwi_enableInterrupt__E                                     
UNDEFED   ti_sysbios_hal_Hwi_getStackInfo__E                                        
UNDEFED   ti_sysbios_hal_Hwi_startup__E                                             
UNDEFED   ti_sysbios_hal_Hwi_switchFromBootStack__E                                 
UNDEFED   ti_sysbios_heaps_HeapMem_Module_GateProxy_Handle__label__S__mangled__     
UNDEFED   ti_sysbios_heaps_HeapMem_Module_GateProxy_Object__delete__S__mangled__    
UNDEFED   ti_sysbios_heaps_HeapMem_Module_GateProxy_Params__init__S__mangled__      
UNDEFED   ti_sysbios_heaps_HeapMem_Module_GateProxy_query__E__mangled__             
UNDEFED   ti_sysbios_knl_Clock_TimerProxy_Module__startupDone__S__mangled__         
UNDEFED   ti_sysbios_knl_Clock_TimerProxy_startup__E__mangled__                     
UNDEFED   ti_sysbios_knl_Task_SupportProxy_Module__startupDone__S__mangled__        
UNDEFED   ti_sysbios_knl_Task_SupportProxy_getStackAlignment__E__mangled__          
UNDEFED   ti_sysbios_knl_Task_SupportProxy_start__E__mangled__                      
UNDEFED   ti_sysbios_knl_Task_SupportProxy_swap__E__mangled__                       
UNDEFED   xdc_runtime_Main_Module_GateProxy_Handle__label__S                        
UNDEFED   xdc_runtime_Main_Module_GateProxy_Object__delete__S                       
UNDEFED   xdc_runtime_Main_Module_GateProxy_query__E                                
UNDEFED   xdc_runtime_Memory_HeapProxy_Handle__label__S__mangled__                  
UNDEFED   xdc_runtime_Memory_HeapProxy_Object__delete__S__mangled__                 
UNDEFED   xdc_runtime_System_Module_GateProxy_Handle__label__S__mangled__           
UNDEFED   xdc_runtime_System_Module_GateProxy_Object__delete__S__mangled__          
UNDEFED   xdc_runtime_System_Module_GateProxy_query__E__mangled__                   
UNDEFED   xdc_runtime_System_SupportProxy_abort__E                                  
UNDEFED   xdc_runtime_System_SupportProxy_exit__E                                   
UNDEFED   xdc_runtime_Timestamp_SupportProxy_get64__E__mangled__                    
UNDEFED   xdc_runtime_Timestamp_SupportProxy_getFreq__E__mangled__                  
UNDEFED   xdc_runtime_Timestamp_get32__E                                            
UNDEFED   xdc_runtime_Timestamp_get64__E                                            
UNDEFED   xdc_runtime_Timestamp_getFreq__E                                          

[1211 symbols]
