******************************************************************************
                  TI ARM Linker PC v15.12.3                    
******************************************************************************
>> Linked Fri Sep 18 10:23:21 2020

OUTPUT FILE NAME:   <sensortag_cc2650stk_app.out>
ENTRY POINT SYMBOL: "ResetISR"  address: 00006929


MEMORY CONFIGURATION

         name            origin    length      used     unused   attr    fill
----------------------  --------  ---------  --------  --------  ----  --------
  FLASH                 00000000   00010000  0000aaae  00005552  R  X
  FLASH_LAST_PAGE       0001f000   00001000  00000058  00000fa8  R  X
  SRAM                  20000000   000043f8  00002b0a  000018ee  RW X


SEGMENT ALLOCATION MAP

run origin  load origin   length   init length attrs members
----------  ----------- ---------- ----------- ----- -------
00000000    00000000    0000aab4   0000aab4    r-x
  00000000    00000000    0000003c   0000003c    r-- .resetVecs
  0000003c    0000003c    000000c4   000000c4    r-x .text.1
  00000100    00000100    0000003c   0000003c    r-- .const:ti_sysbios_knl_Task_Object__PARAMS__C
  0000013c    0000013c    00000034   00000034    r-- .const:ti_sysbios_knl_Mailbox_Object__PARAMS__C
  00000170    00000170    00000030   00000030    r-- .const:ti_sysbios_family_arm_m3_Hwi_Object__PARAMS__C
  000001a0    000001a0    0000002c   0000002c    r-- .const:ti_sysbios_hal_Hwi_Object__PARAMS__C
  000001cc    000001cc    00000028   00000028    r-- .const:ti_sysbios_heaps_HeapMem_Module__FXNS__C
  000001f4    000001f4    00000028   00000028    r-- .const:ti_sysbios_knl_Swi_Object__PARAMS__C
  0000021c    0000021c    00000024   00000024    r-- .const:ti_sysbios_gates_GateHwi_Module__FXNS__C
  00000240    00000240    00000024   00000024    r-- .const:ti_sysbios_gates_GateMutex_Module__FXNS__C
  00000264    00000264    00000024   00000024    r-- .const:ti_sysbios_heaps_HeapMem_Object__PARAMS__C
  00000288    00000288    00000024   00000024    r-- .const:ti_sysbios_knl_Clock_Object__PARAMS__C
  000002ac    000002ac    00000024   00000024    r-- .const:ti_sysbios_knl_Semaphore_Object__PARAMS__C
  000002d0    000002d0    00000020   00000020    r-- .const:ti_sysbios_family_arm_m3_Hwi_Object__DESC__C
  000002f0    000002f0    00000020   00000020    r-- .const:ti_sysbios_gates_GateHwi_Object__DESC__C
  00000310    00000310    00000020   00000020    r-- .const:ti_sysbios_gates_GateMutex_Object__DESC__C
  00000330    00000330    00000020   00000020    r-- .const:ti_sysbios_hal_Hwi_Object__DESC__C
  00000350    00000350    00000020   00000020    r-- .const:ti_sysbios_heaps_HeapMem_Object__DESC__C
  00000370    00000370    00000020   00000020    r-- .const:ti_sysbios_knl_Clock_Object__DESC__C
  00000390    00000390    00000020   00000020    r-- .const:ti_sysbios_knl_Mailbox_Object__DESC__C
  000003b0    000003b0    00000020   00000020    r-- .const:ti_sysbios_knl_Queue_Object__DESC__C
  000003d0    000003d0    00000020   00000020    r-- .const:ti_sysbios_knl_Semaphore_Object__DESC__C
  000003f0    000003f0    00000020   00000020    r-- .const:ti_sysbios_knl_Swi_Object__DESC__C
  00000410    00000410    00000020   00000020    r-- .const:ti_sysbios_knl_Task_Object__DESC__C
  00000430    00000430    00000018   00000018    r-- .const:ti_sysbios_gates_GateHwi_Object__PARAMS__C
  00000448    00000448    00000018   00000018    r-- .const:ti_sysbios_gates_GateMutex_Object__PARAMS__C
  00000460    00000460    00000018   00000018    r-- .const:ti_sysbios_knl_Queue_Object__PARAMS__C
  00000478    00000478    00000008   00000008    r-- .const:ti_sysbios_knl_Idle_funcList__C
  00000480    00000480    00000004   00000004    r-x .text.2
  00000484    00000484    00000004   00000004    r-- .const:ti_sysbios_family_arm_cc26xx_Timer_startupNeeded__C
  00000488    00000488    00000004   00000004    r-- .const:ti_sysbios_family_arm_m3_Hwi_E_alreadyDefined__C
  0000048c    0000048c    00000004   00000004    r-- .const:ti_sysbios_family_arm_m3_Hwi_E_hwiLimitExceeded__C
  00000490    00000490    00000004   00000004    r-- .const:ti_sysbios_family_arm_m3_Hwi_NUM_INTERRUPTS__C
  00000494    00000494    00000004   00000004    r-- .const:ti_sysbios_family_arm_m3_Hwi_Object__count__C
  00000498    00000498    00000004   00000004    r-- .const:ti_sysbios_family_arm_m3_Hwi_Object__table__C
  0000049c    0000049c    00000004   00000004    r-- .const:ti_sysbios_family_arm_m3_Hwi_ccr__C
  000004a0    000004a0    00000004   00000004    r-- .const:ti_sysbios_family_arm_m3_Hwi_excHandlerFunc__C
  000004a4    000004a4    00000004   00000004    r-- .const:ti_sysbios_family_arm_m3_Hwi_nullIsrFunc__C
  000004a8    000004a8    00000004   00000004    r-- .const:ti_sysbios_family_arm_m3_Hwi_numSparseInterrupts__C
  000004ac    000004ac    00000004   00000004    r-- .const:ti_sysbios_family_arm_m3_Hwi_priGroup__C
  000004b0    000004b0    00000004   00000004    r-- .const:ti_sysbios_family_arm_m3_TaskSupport_stackAlignment__C
  000004b4    000004b4    00000004   00000004    r-- .const:ti_sysbios_heaps_HeapMem_E_memory__C
  000004b8    000004b8    00000004   00000004    r-- .const:ti_sysbios_heaps_HeapMem_Module__gateObj__C
  000004bc    000004bc    00000004   00000004    r-- .const:ti_sysbios_heaps_HeapMem_Object__count__C
  000004c0    000004c0    00000004   00000004    r-- .const:ti_sysbios_heaps_HeapMem_Object__table__C
  000004c4    000004c4    00000004   00000004    r-- .const:ti_sysbios_heaps_HeapMem_reqAlign__C
  000004c8    000004c8    00000004   00000004    r-- .const:ti_sysbios_knl_Clock_serviceMargin__C
  000004cc    000004cc    00000004   00000004    r-- .const:ti_sysbios_knl_Mailbox_Object__count__C
  000004d0    000004d0    00000004   00000004    r-- .const:ti_sysbios_knl_Mailbox_Object__table__C
  000004d4    000004d4    00000004   00000004    r-- .const:ti_sysbios_knl_Queue_Object__count__C
  000004d8    000004d8    00000004   00000004    r-- .const:ti_sysbios_knl_Queue_Object__table__C
  000004dc    000004dc    00000004   00000004    r-- .const:ti_sysbios_knl_Swi_Object__count__C
  000004e0    000004e0    00000004   00000004    r-- .const:ti_sysbios_knl_Swi_Object__table__C
  000004e4    000004e4    00000004   00000004    r-- .const:ti_sysbios_knl_Swi_numPriorities__C
  000004e8    000004e8    00000004   00000004    r-- .const:ti_sysbios_knl_Task_Object__count__C
  000004ec    000004ec    00000004   00000004    r-- .const:ti_sysbios_knl_Task_Object__table__C
  000004f0    000004f0    00000004   00000004    r-- .const:ti_sysbios_knl_Task_allBlockedFunc__C
  000004f4    000004f4    00000004   00000004    r-- .const:ti_sysbios_knl_Task_defaultStackHeap__C
  000004f8    000004f8    00000004   00000004    r-- .const:ti_sysbios_knl_Task_defaultStackSize__C
  000004fc    000004fc    00000004   00000004    r-- .const:ti_sysbios_knl_Task_numConstructedTasks__C
  00000500    00000500    00000002   00000002    r-x .text.3
  00000502    00000502    00000002   00000002    r-- .const:ti_sysbios_family_arm_cc26xx_Timer_Module__id__C
  00000504    00000504    00000002   00000002    r-- .const:ti_sysbios_family_arm_cc26xx_TimestampProvider_useClockTimer__C
  00000506    00000506    00000002   00000002    r-- .const:ti_sysbios_family_arm_m3_Hwi_Module__id__C
  00000508    00000508    00000002   00000002    r-- .const:ti_sysbios_gates_GateHwi_Module__id__C
  0000050a    0000050a    00000002   00000002    r-- .const:ti_sysbios_gates_GateMutex_Module__id__C
  0000050c    0000050c    00000002   00000002    r-- .const:ti_sysbios_heaps_HeapMem_Module__id__C
  0000050e    0000050e    00000002   00000002    r-- .const:ti_sysbios_knl_Task_initStackFlag__C
  00000510    00000510    00000001   00000001    r-- .const:ti_sysbios_knl_Clock_tickMode__C
  00000514    00000514    00000008   00000008    r-- .const:xdc_runtime_Startup_firstFxns__C
  0000051c    0000051c    00000008   00000008    r-- .const:xdc_runtime_Startup_lastFxns__C
  00000524    00000524    00000004   00000004    r-- .const:xdc_runtime_Assert_E_assertFailed__C
  00000528    00000528    00000004   00000004    r-- .const:xdc_runtime_Error_E_memory__C
  0000052c    0000052c    00000004   00000004    r-- .const:xdc_runtime_Error_policyFxn__C
  00000530    00000530    00000004   00000004    r-- .const:xdc_runtime_IGateProvider_Interface__BASE__C
  00000534    00000534    00000004   00000004    r-- .const:xdc_runtime_IHeap_Interface__BASE__C
  00000538    00000538    00000004   00000004    r-- .const:xdc_runtime_IModule_Interface__BASE__C
  0000053c    0000053c    00000004   00000004    r-- .const:xdc_runtime_Main_Module__diagsEnabled__C
  00000540    00000540    00000004   00000004    r-- .const:xdc_runtime_Main_Module__diagsIncluded__C
  00000544    00000544    00000004   00000004    r-- .const:xdc_runtime_Main_Module__diagsMask__C
  00000548    00000548    00000004   00000004    r-- .const:xdc_runtime_Memory_defaultHeapInstance__C
  0000054c    0000054c    00000004   00000004    r-- .const:xdc_runtime_Startup_execImpl__C
  00000550    00000550    00000004   00000004    r-- .const:xdc_runtime_Startup_maxPasses__C
  00000554    00000554    00000004   00000004    r-- .const:xdc_runtime_Startup_sfxnRts__C
  00000558    00000558    00000004   00000004    r-- .const:xdc_runtime_Startup_sfxnTab__C
  0000055c    0000055c    00000004   00000004    r-- .const:xdc_runtime_Startup_startModsFxn__C
  00000560    00000560    00000004   00000004    r-- .const:xdc_runtime_SysCallback_abortFxn__C
  00000564    00000564    00000004   00000004    r-- .const:xdc_runtime_SysCallback_exitFxn__C
  00000568    00000568    00000004   00000004    r-- .const:xdc_runtime_System_abortFxn__C
  0000056c    0000056c    00000004   00000004    r-- .const:xdc_runtime_System_exitFxn__C
  00000570    00000570    00000004   00000004    r-- .const:xdc_runtime_System_maxAtexitHandlers__C
  00000574    00000574    00000004   00000004    r-- .const:xdc_runtime_Text_charTab__C
  00000578    00000578    00000004   00000004    r-- .const:xdc_runtime_Text_nameEmpty__C
  0000057c    0000057c    00000004   00000004    r-- .const:xdc_runtime_Text_nameStatic__C
  00000580    00000580    00000004   00000004    r-- .const:xdc_runtime_Text_nameUnknown__C
  00000584    00000584    00000002   00000002    r-- .const:xdc_runtime_Main_Module__id__C
  00000586    00000586    00000002   00000002    r-- .const:xdc_runtime_Memory_Module__id__C
  00000588    00000588    00000002   00000002    r-- .const:xdc_runtime_Text_charCnt__C
  0000058a    0000058a    00000002   00000002    r-- .const:xdc_runtime_Text_isLoaded__C
  0000058c    0000058c    00000001   00000001    r-- .const:xdc_runtime_Error_policy__C
  00000590    00000590    00000004   00000004    r-- .const:ti_sysbios_rom_ROM_AONRTCChannelEnable
  00000594    00000594    00000004   00000004    r-- .const:ti_sysbios_rom_ROM_AONRTCCompareValueSet
  00000598    00000598    00000004   00000004    r-- .const:ti_sysbios_rom_ROM_AONRTCCurrentCompareValueGet
  0000059c    0000059c    00000004   00000004    r-- .const:ti_sysbios_rom_ROM_AONRTCEventClear
  000005a0    000005a0    00000004   00000004    r-- .const:ti_sysbios_rom_ROM_ti_sysbios_family_arm_cc26xx_Timer_getCount64__E
  000005a4    000005a4    00000004   00000004    r-- .const:ti_sysbios_rom_ROM_ti_sysbios_family_arm_cc26xx_Timer_getCurrentTick__E
  000005a8    000005a8    00000004   00000004    r-- .const:ti_sysbios_rom_ROM_ti_sysbios_family_arm_cc26xx_Timer_getMaxTicks__E
  000005ac    000005ac    00000004   00000004    r-- .const:ti_sysbios_rom_ROM_ti_sysbios_family_arm_cc26xx_Timer_initDevice__I
  000005b0    000005b0    00000004   00000004    r-- .const:ti_sysbios_rom_ROM_ti_sysbios_family_arm_cc26xx_Timer_setNextTick__E
  000005b4    000005b4    00000004   00000004    r-- .const:ti_sysbios_rom_ROM_ti_sysbios_family_arm_cc26xx_Timer_setThreshold__I
  000005b8    000005b8    00000004   00000004    r-- .const:ti_sysbios_rom_ROM_ti_sysbios_family_arm_cc26xx_Timer_start__E
  000005bc    000005bc    00000004   00000004    r-- .const:ti_sysbios_rom_ROM_ti_sysbios_family_arm_cc26xx_TimestampProvider_get32__E
  000005c0    000005c0    00000004   00000004    r-- .const:ti_sysbios_rom_ROM_xdc_runtime_Startup_getState__I
  000005c4    000005c4    00000004   00000004    r-- .const:ti_sysbios_rom_ROM_xdc_runtime_System_SupportProxy_abort__E
  000005c8    000005c8    00000004   00000004    r-- .const:ti_sysbios_rom_ROM_xdc_runtime_System_SupportProxy_exit__E
  000005cc    000005cc    00000004   00000004    r-- .const:ti_sysbios_gates_GateMutex_Instance_State_sem__O
  000005d0    000005d0    00000004   00000004    r-- .const:ti_sysbios_knl_Clock_Module_State_clockQ__O
  000005d4    000005d4    00000004   00000004    r-- .const:ti_sysbios_knl_Mailbox_Instance_State_dataQue__O
  000005d8    000005d8    00000004   00000004    r-- .const:ti_sysbios_knl_Mailbox_Instance_State_dataSem__O
  000005dc    000005dc    00000004   00000004    r-- .const:ti_sysbios_knl_Mailbox_Instance_State_freeQue__O
  000005e0    000005e0    00000004   00000004    r-- .const:ti_sysbios_knl_Mailbox_Instance_State_freeSem__O
  000005e4    000005e4    00000004   00000004    r-- .const:ti_sysbios_knl_Semaphore_Instance_State_pendQ__O
  000005e8    000005e8    00000004   00000004    r-- .const:ti_sysbios_knl_Task_Module_State_inactiveQ__O
  000005ec    000005ec    00009580   00009580    r-x .text.4
  00009b6c    00009b6c    00000694   00000694    r-- .const
  0000a200    0000a200    000008b4   000008b4    r-- .cinit
0001ffa8    0001ffa8    00000058   00000058    r--
  0001ffa8    0001ffa8    00000058   00000058    r-- .ccfg
20000100    20000100    00000104   00000000    rw-
  20000100    20000100    00000044   00000000    rw- .data:ti_sysbios_knl_Task_Module__state__V
  20000144    20000144    00000034   00000000    rw- .data:ti_sysbios_family_arm_m3_Hwi_Module__state__V
  20000178    20000178    0000002c   00000000    rw- .data:ti_sysbios_knl_Clock_Module__state__V
  200001a4    200001a4    00000024   00000000    rw- .data:ti_sysbios_BIOS_Module__state__V
  200001c8    200001c8    0000001c   00000000    rw- .data:ti_sysbios_knl_Swi_Module__state__V
  200001e4    200001e4    00000008   00000000    rw- .data:ti_sysbios_family_arm_cc26xx_Timer_Module__state__V
  200001ec    200001ec    00000004   00000000    rw- .data:ti_sysbios_family_arm_cc26xx_TimestampProvider_Module__state__V
  200001f0    200001f0    00000008   00000000    rw- .data:xdc_runtime_Startup_Module__state__V
  200001f8    200001f8    00000008   00000000    rw- .data:xdc_runtime_System_Module__state__V
  20000200    20000200    00000004   00000000    rw- .data:xdc_runtime_Memory_Module__state__V
20000430    20000430    00000010   00000000    rw-
  20000430    20000430    00000010   00000000    rw- .TI.bound:dmaSpi0RxControlTableEntry$25
20000440    20000440    00000010   00000000    rw-
  20000440    20000440    00000010   00000000    rw- .TI.bound:dmaSpi0TxControlTableEntry$25
20000500    20000500    00000010   00000000    rw-
  20000500    20000500    00000010   00000000    rw- .TI.bound:dmaSpi1RxControlTableEntry$25
20000510    20000510    0000250e   00000000    rw-
  20000510    20000510    00000010   00000000    rw- .TI.bound:dmaSpi1TxControlTableEntry$25
  20000520    20000520    00001641   00000000    rw- .data
  20001b68    20001b68    00000eb6   00000000    rw- .bss
20003ff8    20003ff8    00000400   00000000    rw-
  20003ff8    20003ff8    00000400   00000000    rw- .stack


SECTION ALLOCATION MAP

 output                                  attributes/
section   page    origin      length       input sections
--------  ----  ----------  ----------   ----------------
.resetVecs 
*          0    00000000    0000003c     
                  00000000    0000003c     app_ble_pem3.oem3 (.resetVecs)

.text.1    0    0000003c    000000c4     
                  0000003c    000000c4     opticservice.obj (.text:sensor_WriteAttrCB$55)

.const:ti_sysbios_knl_Task_Object__PARAMS__C 
*          0    00000100    0000003c     
                  00000100    0000003c     app_ble_pem3.oem3 (.const:ti_sysbios_knl_Task_Object__PARAMS__C)

.const:ti_sysbios_knl_Mailbox_Object__PARAMS__C 
*          0    0000013c    00000034     
                  0000013c    00000034     app_ble_pem3.oem3 (.const:ti_sysbios_knl_Mailbox_Object__PARAMS__C)

.const:ti_sysbios_family_arm_m3_Hwi_Object__PARAMS__C 
*          0    00000170    00000030     
                  00000170    00000030     app_ble_pem3.oem3 (.const:ti_sysbios_family_arm_m3_Hwi_Object__PARAMS__C)

.const:ti_sysbios_hal_Hwi_Object__PARAMS__C 
*          0    000001a0    0000002c     
                  000001a0    0000002c     app_ble_pem3.oem3 (.const:ti_sysbios_hal_Hwi_Object__PARAMS__C)

.const:ti_sysbios_heaps_HeapMem_Module__FXNS__C 
*          0    000001cc    00000028     
                  000001cc    00000028     app_ble_pem3.oem3 (.const:ti_sysbios_heaps_HeapMem_Module__FXNS__C)

.const:ti_sysbios_knl_Swi_Object__PARAMS__C 
*          0    000001f4    00000028     
                  000001f4    00000028     app_ble_pem3.oem3 (.const:ti_sysbios_knl_Swi_Object__PARAMS__C)

.const:ti_sysbios_gates_GateHwi_Module__FXNS__C 
*          0    0000021c    00000024     
                  0000021c    00000024     app_ble_pem3.oem3 (.const:ti_sysbios_gates_GateHwi_Module__FXNS__C)

.const:ti_sysbios_gates_GateMutex_Module__FXNS__C 
*          0    00000240    00000024     
                  00000240    00000024     app_ble_pem3.oem3 (.const:ti_sysbios_gates_GateMutex_Module__FXNS__C)

.const:ti_sysbios_heaps_HeapMem_Object__PARAMS__C 
*          0    00000264    00000024     
                  00000264    00000024     app_ble_pem3.oem3 (.const:ti_sysbios_heaps_HeapMem_Object__PARAMS__C)

.const:ti_sysbios_knl_Clock_Object__PARAMS__C 
*          0    00000288    00000024     
                  00000288    00000024     app_ble_pem3.oem3 (.const:ti_sysbios_knl_Clock_Object__PARAMS__C)

.const:ti_sysbios_knl_Semaphore_Object__PARAMS__C 
*          0    000002ac    00000024     
                  000002ac    00000024     app_ble_pem3.oem3 (.const:ti_sysbios_knl_Semaphore_Object__PARAMS__C)

.const:ti_sysbios_family_arm_m3_Hwi_Object__DESC__C 
*          0    000002d0    00000020     
                  000002d0    00000020     app_ble_pem3.oem3 (.const:ti_sysbios_family_arm_m3_Hwi_Object__DESC__C)

.const:ti_sysbios_gates_GateHwi_Object__DESC__C 
*          0    000002f0    00000020     
                  000002f0    00000020     app_ble_pem3.oem3 (.const:ti_sysbios_gates_GateHwi_Object__DESC__C)

.const:ti_sysbios_gates_GateMutex_Object__DESC__C 
*          0    00000310    00000020     
                  00000310    00000020     app_ble_pem3.oem3 (.const:ti_sysbios_gates_GateMutex_Object__DESC__C)

.const:ti_sysbios_hal_Hwi_Object__DESC__C 
*          0    00000330    00000020     
                  00000330    00000020     app_ble_pem3.oem3 (.const:ti_sysbios_hal_Hwi_Object__DESC__C)

.const:ti_sysbios_heaps_HeapMem_Object__DESC__C 
*          0    00000350    00000020     
                  00000350    00000020     app_ble_pem3.oem3 (.const:ti_sysbios_heaps_HeapMem_Object__DESC__C)

.const:ti_sysbios_knl_Clock_Object__DESC__C 
*          0    00000370    00000020     
                  00000370    00000020     app_ble_pem3.oem3 (.const:ti_sysbios_knl_Clock_Object__DESC__C)

.const:ti_sysbios_knl_Mailbox_Object__DESC__C 
*          0    00000390    00000020     
                  00000390    00000020     app_ble_pem3.oem3 (.const:ti_sysbios_knl_Mailbox_Object__DESC__C)

.const:ti_sysbios_knl_Queue_Object__DESC__C 
*          0    000003b0    00000020     
                  000003b0    00000020     app_ble_pem3.oem3 (.const:ti_sysbios_knl_Queue_Object__DESC__C)

.const:ti_sysbios_knl_Semaphore_Object__DESC__C 
*          0    000003d0    00000020     
                  000003d0    00000020     app_ble_pem3.oem3 (.const:ti_sysbios_knl_Semaphore_Object__DESC__C)

.const:ti_sysbios_knl_Swi_Object__DESC__C 
*          0    000003f0    00000020     
                  000003f0    00000020     app_ble_pem3.oem3 (.const:ti_sysbios_knl_Swi_Object__DESC__C)

.const:ti_sysbios_knl_Task_Object__DESC__C 
*          0    00000410    00000020     
                  00000410    00000020     app_ble_pem3.oem3 (.const:ti_sysbios_knl_Task_Object__DESC__C)

.const:ti_sysbios_gates_GateHwi_Object__PARAMS__C 
*          0    00000430    00000018     
                  00000430    00000018     app_ble_pem3.oem3 (.const:ti_sysbios_gates_GateHwi_Object__PARAMS__C)

.const:ti_sysbios_gates_GateMutex_Object__PARAMS__C 
*          0    00000448    00000018     
                  00000448    00000018     app_ble_pem3.oem3 (.const:ti_sysbios_gates_GateMutex_Object__PARAMS__C)

.const:ti_sysbios_knl_Queue_Object__PARAMS__C 
*          0    00000460    00000018     
                  00000460    00000018     app_ble_pem3.oem3 (.const:ti_sysbios_knl_Queue_Object__PARAMS__C)

.const:ti_sysbios_knl_Idle_funcList__C 
*          0    00000478    00000008     
                  00000478    00000008     app_ble_pem3.oem3 (.const:ti_sysbios_knl_Idle_funcList__C)

.text.2    0    00000480    00000004     
                  00000480    00000004     icall_api.obj (.text:GATTServApp_AddService)

.const:ti_sysbios_family_arm_cc26xx_Timer_startupNeeded__C 
*          0    00000484    00000004     
                  00000484    00000004     app_ble_pem3.oem3 (.const:ti_sysbios_family_arm_cc26xx_Timer_startupNeeded__C)

.const:ti_sysbios_family_arm_m3_Hwi_E_alreadyDefined__C 
*          0    00000488    00000004     
                  00000488    00000004     app_ble_pem3.oem3 (.const:ti_sysbios_family_arm_m3_Hwi_E_alreadyDefined__C)

.const:ti_sysbios_family_arm_m3_Hwi_E_hwiLimitExceeded__C 
*          0    0000048c    00000004     
                  0000048c    00000004     app_ble_pem3.oem3 (.const:ti_sysbios_family_arm_m3_Hwi_E_hwiLimitExceeded__C)

.const:ti_sysbios_family_arm_m3_Hwi_NUM_INTERRUPTS__C 
*          0    00000490    00000004     
                  00000490    00000004     app_ble_pem3.oem3 (.const:ti_sysbios_family_arm_m3_Hwi_NUM_INTERRUPTS__C)

.const:ti_sysbios_family_arm_m3_Hwi_Object__count__C 
*          0    00000494    00000004     
                  00000494    00000004     app_ble_pem3.oem3 (.const:ti_sysbios_family_arm_m3_Hwi_Object__count__C)

.const:ti_sysbios_family_arm_m3_Hwi_Object__table__C 
*          0    00000498    00000004     
                  00000498    00000004     app_ble_pem3.oem3 (.const:ti_sysbios_family_arm_m3_Hwi_Object__table__C)

.const:ti_sysbios_family_arm_m3_Hwi_ccr__C 
*          0    0000049c    00000004     
                  0000049c    00000004     app_ble_pem3.oem3 (.const:ti_sysbios_family_arm_m3_Hwi_ccr__C)

.const:ti_sysbios_family_arm_m3_Hwi_excHandlerFunc__C 
*          0    000004a0    00000004     
                  000004a0    00000004     app_ble_pem3.oem3 (.const:ti_sysbios_family_arm_m3_Hwi_excHandlerFunc__C)

.const:ti_sysbios_family_arm_m3_Hwi_nullIsrFunc__C 
*          0    000004a4    00000004     
                  000004a4    00000004     app_ble_pem3.oem3 (.const:ti_sysbios_family_arm_m3_Hwi_nullIsrFunc__C)

.const:ti_sysbios_family_arm_m3_Hwi_numSparseInterrupts__C 
*          0    000004a8    00000004     
                  000004a8    00000004     app_ble_pem3.oem3 (.const:ti_sysbios_family_arm_m3_Hwi_numSparseInterrupts__C)

.const:ti_sysbios_family_arm_m3_Hwi_priGroup__C 
*          0    000004ac    00000004     
                  000004ac    00000004     app_ble_pem3.oem3 (.const:ti_sysbios_family_arm_m3_Hwi_priGroup__C)

.const:ti_sysbios_family_arm_m3_TaskSupport_stackAlignment__C 
*          0    000004b0    00000004     
                  000004b0    00000004     app_ble_pem3.oem3 (.const:ti_sysbios_family_arm_m3_TaskSupport_stackAlignment__C)

.const:ti_sysbios_heaps_HeapMem_E_memory__C 
*          0    000004b4    00000004     
                  000004b4    00000004     app_ble_pem3.oem3 (.const:ti_sysbios_heaps_HeapMem_E_memory__C)

.const:ti_sysbios_heaps_HeapMem_Module__gateObj__C 
*          0    000004b8    00000004     
                  000004b8    00000004     app_ble_pem3.oem3 (.const:ti_sysbios_heaps_HeapMem_Module__gateObj__C)

.const:ti_sysbios_heaps_HeapMem_Object__count__C 
*          0    000004bc    00000004     
                  000004bc    00000004     app_ble_pem3.oem3 (.const:ti_sysbios_heaps_HeapMem_Object__count__C)

.const:ti_sysbios_heaps_HeapMem_Object__table__C 
*          0    000004c0    00000004     
                  000004c0    00000004     app_ble_pem3.oem3 (.const:ti_sysbios_heaps_HeapMem_Object__table__C)

.const:ti_sysbios_heaps_HeapMem_reqAlign__C 
*          0    000004c4    00000004     
                  000004c4    00000004     app_ble_pem3.oem3 (.const:ti_sysbios_heaps_HeapMem_reqAlign__C)

.const:ti_sysbios_knl_Clock_serviceMargin__C 
*          0    000004c8    00000004     
                  000004c8    00000004     app_ble_pem3.oem3 (.const:ti_sysbios_knl_Clock_serviceMargin__C)

.const:ti_sysbios_knl_Mailbox_Object__count__C 
*          0    000004cc    00000004     
                  000004cc    00000004     app_ble_pem3.oem3 (.const:ti_sysbios_knl_Mailbox_Object__count__C)

.const:ti_sysbios_knl_Mailbox_Object__table__C 
*          0    000004d0    00000004     
                  000004d0    00000004     app_ble_pem3.oem3 (.const:ti_sysbios_knl_Mailbox_Object__table__C)

.const:ti_sysbios_knl_Queue_Object__count__C 
*          0    000004d4    00000004     
                  000004d4    00000004     app_ble_pem3.oem3 (.const:ti_sysbios_knl_Queue_Object__count__C)

.const:ti_sysbios_knl_Queue_Object__table__C 
*          0    000004d8    00000004     
                  000004d8    00000004     app_ble_pem3.oem3 (.const:ti_sysbios_knl_Queue_Object__table__C)

.const:ti_sysbios_knl_Swi_Object__count__C 
*          0    000004dc    00000004     
                  000004dc    00000004     app_ble_pem3.oem3 (.const:ti_sysbios_knl_Swi_Object__count__C)

.const:ti_sysbios_knl_Swi_Object__table__C 
*          0    000004e0    00000004     
                  000004e0    00000004     app_ble_pem3.oem3 (.const:ti_sysbios_knl_Swi_Object__table__C)

.const:ti_sysbios_knl_Swi_numPriorities__C 
*          0    000004e4    00000004     
                  000004e4    00000004     app_ble_pem3.oem3 (.const:ti_sysbios_knl_Swi_numPriorities__C)

.const:ti_sysbios_knl_Task_Object__count__C 
*          0    000004e8    00000004     
                  000004e8    00000004     app_ble_pem3.oem3 (.const:ti_sysbios_knl_Task_Object__count__C)

.const:ti_sysbios_knl_Task_Object__table__C 
*          0    000004ec    00000004     
                  000004ec    00000004     app_ble_pem3.oem3 (.const:ti_sysbios_knl_Task_Object__table__C)

.const:ti_sysbios_knl_Task_allBlockedFunc__C 
*          0    000004f0    00000004     
                  000004f0    00000004     app_ble_pem3.oem3 (.const:ti_sysbios_knl_Task_allBlockedFunc__C)

.const:ti_sysbios_knl_Task_defaultStackHeap__C 
*          0    000004f4    00000004     
                  000004f4    00000004     app_ble_pem3.oem3 (.const:ti_sysbios_knl_Task_defaultStackHeap__C)

.const:ti_sysbios_knl_Task_defaultStackSize__C 
*          0    000004f8    00000004     
                  000004f8    00000004     app_ble_pem3.oem3 (.const:ti_sysbios_knl_Task_defaultStackSize__C)

.const:ti_sysbios_knl_Task_numConstructedTasks__C 
*          0    000004fc    00000004     
                  000004fc    00000004     app_ble_pem3.oem3 (.const:ti_sysbios_knl_Task_numConstructedTasks__C)

.text.3    0    00000500    00000002     
                  00000500    00000002     ble_user_config.obj (.text:DefaultAssertCback)

.const:ti_sysbios_family_arm_cc26xx_Timer_Module__id__C 
*          0    00000502    00000002     
                  00000502    00000002     app_ble_pem3.oem3 (.const:ti_sysbios_family_arm_cc26xx_Timer_Module__id__C)

.const:ti_sysbios_family_arm_cc26xx_TimestampProvider_useClockTimer__C 
*          0    00000504    00000002     
                  00000504    00000002     app_ble_pem3.oem3 (.const:ti_sysbios_family_arm_cc26xx_TimestampProvider_useClockTimer__C)

.const:ti_sysbios_family_arm_m3_Hwi_Module__id__C 
*          0    00000506    00000002     
                  00000506    00000002     app_ble_pem3.oem3 (.const:ti_sysbios_family_arm_m3_Hwi_Module__id__C)

.const:ti_sysbios_gates_GateHwi_Module__id__C 
*          0    00000508    00000002     
                  00000508    00000002     app_ble_pem3.oem3 (.const:ti_sysbios_gates_GateHwi_Module__id__C)

.const:ti_sysbios_gates_GateMutex_Module__id__C 
*          0    0000050a    00000002     
                  0000050a    00000002     app_ble_pem3.oem3 (.const:ti_sysbios_gates_GateMutex_Module__id__C)

.const:ti_sysbios_heaps_HeapMem_Module__id__C 
*          0    0000050c    00000002     
                  0000050c    00000002     app_ble_pem3.oem3 (.const:ti_sysbios_heaps_HeapMem_Module__id__C)

.const:ti_sysbios_knl_Task_initStackFlag__C 
*          0    0000050e    00000002     
                  0000050e    00000002     app_ble_pem3.oem3 (.const:ti_sysbios_knl_Task_initStackFlag__C)

.const:ti_sysbios_knl_Clock_tickMode__C 
*          0    00000510    00000001     
                  00000510    00000001     app_ble_pem3.oem3 (.const:ti_sysbios_knl_Clock_tickMode__C)

.const:xdc_runtime_Startup_firstFxns__C 
*          0    00000514    00000008     
                  00000514    00000008     app_ble_pem3.oem3 (.const:xdc_runtime_Startup_firstFxns__C)

.const:xdc_runtime_Startup_lastFxns__C 
*          0    0000051c    00000008     
                  0000051c    00000008     app_ble_pem3.oem3 (.const:xdc_runtime_Startup_lastFxns__C)

.const:xdc_runtime_Assert_E_assertFailed__C 
*          0    00000524    00000004     
                  00000524    00000004     app_ble_pem3.oem3 (.const:xdc_runtime_Assert_E_assertFailed__C)

.const:xdc_runtime_Error_E_memory__C 
*          0    00000528    00000004     
                  00000528    00000004     app_ble_pem3.oem3 (.const:xdc_runtime_Error_E_memory__C)

.const:xdc_runtime_Error_policyFxn__C 
*          0    0000052c    00000004     
                  0000052c    00000004     app_ble_pem3.oem3 (.const:xdc_runtime_Error_policyFxn__C)

.const:xdc_runtime_IGateProvider_Interface__BASE__C 
*          0    00000530    00000004     
                  00000530    00000004     app_ble_pem3.oem3 (.const:xdc_runtime_IGateProvider_Interface__BASE__C)

.const:xdc_runtime_IHeap_Interface__BASE__C 
*          0    00000534    00000004     
                  00000534    00000004     app_ble_pem3.oem3 (.const:xdc_runtime_IHeap_Interface__BASE__C)

.const:xdc_runtime_IModule_Interface__BASE__C 
*          0    00000538    00000004     
                  00000538    00000004     app_ble_pem3.oem3 (.const:xdc_runtime_IModule_Interface__BASE__C)

.const:xdc_runtime_Main_Module__diagsEnabled__C 
*          0    0000053c    00000004     
                  0000053c    00000004     app_ble_pem3.oem3 (.const:xdc_runtime_Main_Module__diagsEnabled__C)

.const:xdc_runtime_Main_Module__diagsIncluded__C 
*          0    00000540    00000004     
                  00000540    00000004     app_ble_pem3.oem3 (.const:xdc_runtime_Main_Module__diagsIncluded__C)

.const:xdc_runtime_Main_Module__diagsMask__C 
*          0    00000544    00000004     
                  00000544    00000004     app_ble_pem3.oem3 (.const:xdc_runtime_Main_Module__diagsMask__C)

.const:xdc_runtime_Memory_defaultHeapInstance__C 
*          0    00000548    00000004     
                  00000548    00000004     app_ble_pem3.oem3 (.const:xdc_runtime_Memory_defaultHeapInstance__C)

.const:xdc_runtime_Startup_execImpl__C 
*          0    0000054c    00000004     
                  0000054c    00000004     app_ble_pem3.oem3 (.const:xdc_runtime_Startup_execImpl__C)

.const:xdc_runtime_Startup_maxPasses__C 
*          0    00000550    00000004     
                  00000550    00000004     app_ble_pem3.oem3 (.const:xdc_runtime_Startup_maxPasses__C)

.const:xdc_runtime_Startup_sfxnRts__C 
*          0    00000554    00000004     
                  00000554    00000004     app_ble_pem3.oem3 (.const:xdc_runtime_Startup_sfxnRts__C)

.const:xdc_runtime_Startup_sfxnTab__C 
*          0    00000558    00000004     
                  00000558    00000004     app_ble_pem3.oem3 (.const:xdc_runtime_Startup_sfxnTab__C)

.const:xdc_runtime_Startup_startModsFxn__C 
*          0    0000055c    00000004     
                  0000055c    00000004     app_ble_pem3.oem3 (.const:xdc_runtime_Startup_startModsFxn__C)

.const:xdc_runtime_SysCallback_abortFxn__C 
*          0    00000560    00000004     
                  00000560    00000004     app_ble_pem3.oem3 (.const:xdc_runtime_SysCallback_abortFxn__C)

.const:xdc_runtime_SysCallback_exitFxn__C 
*          0    00000564    00000004     
                  00000564    00000004     app_ble_pem3.oem3 (.const:xdc_runtime_SysCallback_exitFxn__C)

.const:xdc_runtime_System_abortFxn__C 
*          0    00000568    00000004     
                  00000568    00000004     app_ble_pem3.oem3 (.const:xdc_runtime_System_abortFxn__C)

.const:xdc_runtime_System_exitFxn__C 
*          0    0000056c    00000004     
                  0000056c    00000004     app_ble_pem3.oem3 (.const:xdc_runtime_System_exitFxn__C)

.const:xdc_runtime_System_maxAtexitHandlers__C 
*          0    00000570    00000004     
                  00000570    00000004     app_ble_pem3.oem3 (.const:xdc_runtime_System_maxAtexitHandlers__C)

.const:xdc_runtime_Text_charTab__C 
*          0    00000574    00000004     
                  00000574    00000004     app_ble_pem3.oem3 (.const:xdc_runtime_Text_charTab__C)

.const:xdc_runtime_Text_nameEmpty__C 
*          0    00000578    00000004     
                  00000578    00000004     app_ble_pem3.oem3 (.const:xdc_runtime_Text_nameEmpty__C)

.const:xdc_runtime_Text_nameStatic__C 
*          0    0000057c    00000004     
                  0000057c    00000004     app_ble_pem3.oem3 (.const:xdc_runtime_Text_nameStatic__C)

.const:xdc_runtime_Text_nameUnknown__C 
*          0    00000580    00000004     
                  00000580    00000004     app_ble_pem3.oem3 (.const:xdc_runtime_Text_nameUnknown__C)

.const:xdc_runtime_Main_Module__id__C 
*          0    00000584    00000002     
                  00000584    00000002     app_ble_pem3.oem3 (.const:xdc_runtime_Main_Module__id__C)

.const:xdc_runtime_Memory_Module__id__C 
*          0    00000586    00000002     
                  00000586    00000002     app_ble_pem3.oem3 (.const:xdc_runtime_Memory_Module__id__C)

.const:xdc_runtime_Text_charCnt__C 
*          0    00000588    00000002     
                  00000588    00000002     app_ble_pem3.oem3 (.const:xdc_runtime_Text_charCnt__C)

.const:xdc_runtime_Text_isLoaded__C 
*          0    0000058a    00000002     
                  0000058a    00000002     app_ble_pem3.oem3 (.const:xdc_runtime_Text_isLoaded__C)

.const:xdc_runtime_Error_policy__C 
*          0    0000058c    00000001     
                  0000058c    00000001     app_ble_pem3.oem3 (.const:xdc_runtime_Error_policy__C)

.const:ti_sysbios_rom_ROM_AONRTCChannelEnable 
*          0    00000590    00000004     
                  00000590    00000004     app_ble_pem3.oem3 (.const:ti_sysbios_rom_ROM_AONRTCChannelEnable)

.const:ti_sysbios_rom_ROM_AONRTCCompareValueSet 
*          0    00000594    00000004     
                  00000594    00000004     app_ble_pem3.oem3 (.const:ti_sysbios_rom_ROM_AONRTCCompareValueSet)

.const:ti_sysbios_rom_ROM_AONRTCCurrentCompareValueGet 
*          0    00000598    00000004     
                  00000598    00000004     app_ble_pem3.oem3 (.const:ti_sysbios_rom_ROM_AONRTCCurrentCompareValueGet)

.const:ti_sysbios_rom_ROM_AONRTCEventClear 
*          0    0000059c    00000004     
                  0000059c    00000004     app_ble_pem3.oem3 (.const:ti_sysbios_rom_ROM_AONRTCEventClear)

.const:ti_sysbios_rom_ROM_ti_sysbios_family_arm_cc26xx_Timer_getCount64__E 
*          0    000005a0    00000004     
                  000005a0    00000004     app_ble_pem3.oem3 (.const:ti_sysbios_rom_ROM_ti_sysbios_family_arm_cc26xx_Timer_getCount64__E)

.const:ti_sysbios_rom_ROM_ti_sysbios_family_arm_cc26xx_Timer_getCurrentTick__E 
*          0    000005a4    00000004     
                  000005a4    00000004     app_ble_pem3.oem3 (.const:ti_sysbios_rom_ROM_ti_sysbios_family_arm_cc26xx_Timer_getCurrentTick__E)

.const:ti_sysbios_rom_ROM_ti_sysbios_family_arm_cc26xx_Timer_getMaxTicks__E 
*          0    000005a8    00000004     
                  000005a8    00000004     app_ble_pem3.oem3 (.const:ti_sysbios_rom_ROM_ti_sysbios_family_arm_cc26xx_Timer_getMaxTicks__E)

.const:ti_sysbios_rom_ROM_ti_sysbios_family_arm_cc26xx_Timer_initDevice__I 
*          0    000005ac    00000004     
                  000005ac    00000004     app_ble_pem3.oem3 (.const:ti_sysbios_rom_ROM_ti_sysbios_family_arm_cc26xx_Timer_initDevice__I)

.const:ti_sysbios_rom_ROM_ti_sysbios_family_arm_cc26xx_Timer_setNextTick__E 
*          0    000005b0    00000004     
                  000005b0    00000004     app_ble_pem3.oem3 (.const:ti_sysbios_rom_ROM_ti_sysbios_family_arm_cc26xx_Timer_setNextTick__E)

.const:ti_sysbios_rom_ROM_ti_sysbios_family_arm_cc26xx_Timer_setThreshold__I 
*          0    000005b4    00000004     
                  000005b4    00000004     app_ble_pem3.oem3 (.const:ti_sysbios_rom_ROM_ti_sysbios_family_arm_cc26xx_Timer_setThreshold__I)

.const:ti_sysbios_rom_ROM_ti_sysbios_family_arm_cc26xx_Timer_start__E 
*          0    000005b8    00000004     
                  000005b8    00000004     app_ble_pem3.oem3 (.const:ti_sysbios_rom_ROM_ti_sysbios_family_arm_cc26xx_Timer_start__E)

.const:ti_sysbios_rom_ROM_ti_sysbios_family_arm_cc26xx_TimestampProvider_get32__E 
*          0    000005bc    00000004     
                  000005bc    00000004     app_ble_pem3.oem3 (.const:ti_sysbios_rom_ROM_ti_sysbios_family_arm_cc26xx_TimestampProvider_get32__E)

.const:ti_sysbios_rom_ROM_xdc_runtime_Startup_getState__I 
*          0    000005c0    00000004     
                  000005c0    00000004     app_ble_pem3.oem3 (.const:ti_sysbios_rom_ROM_xdc_runtime_Startup_getState__I)

.const:ti_sysbios_rom_ROM_xdc_runtime_System_SupportProxy_abort__E 
*          0    000005c4    00000004     
                  000005c4    00000004     app_ble_pem3.oem3 (.const:ti_sysbios_rom_ROM_xdc_runtime_System_SupportProxy_abort__E)

.const:ti_sysbios_rom_ROM_xdc_runtime_System_SupportProxy_exit__E 
*          0    000005c8    00000004     
                  000005c8    00000004     app_ble_pem3.oem3 (.const:ti_sysbios_rom_ROM_xdc_runtime_System_SupportProxy_exit__E)

.const:ti_sysbios_gates_GateMutex_Instance_State_sem__O 
*          0    000005cc    00000004     
                  000005cc    00000004     app_ble_pem3.oem3 (.const:ti_sysbios_gates_GateMutex_Instance_State_sem__O)

.const:ti_sysbios_knl_Clock_Module_State_clockQ__O 
*          0    000005d0    00000004     
                  000005d0    00000004     app_ble_pem3.oem3 (.const:ti_sysbios_knl_Clock_Module_State_clockQ__O)

.const:ti_sysbios_knl_Mailbox_Instance_State_dataQue__O 
*          0    000005d4    00000004     
                  000005d4    00000004     app_ble_pem3.oem3 (.const:ti_sysbios_knl_Mailbox_Instance_State_dataQue__O)

.const:ti_sysbios_knl_Mailbox_Instance_State_dataSem__O 
*          0    000005d8    00000004     
                  000005d8    00000004     app_ble_pem3.oem3 (.const:ti_sysbios_knl_Mailbox_Instance_State_dataSem__O)

.const:ti_sysbios_knl_Mailbox_Instance_State_freeQue__O 
*          0    000005dc    00000004     
                  000005dc    00000004     app_ble_pem3.oem3 (.const:ti_sysbios_knl_Mailbox_Instance_State_freeQue__O)

.const:ti_sysbios_knl_Mailbox_Instance_State_freeSem__O 
*          0    000005e0    00000004     
                  000005e0    00000004     app_ble_pem3.oem3 (.const:ti_sysbios_knl_Mailbox_Instance_State_freeSem__O)

.const:ti_sysbios_knl_Semaphore_Instance_State_pendQ__O 
*          0    000005e4    00000004     
                  000005e4    00000004     app_ble_pem3.oem3 (.const:ti_sysbios_knl_Semaphore_Instance_State_pendQ__O)

.const:ti_sysbios_knl_Task_Module_State_inactiveQ__O 
*          0    000005e8    00000004     
                  000005e8    00000004     app_ble_pem3.oem3 (.const:ti_sysbios_knl_Task_Module_State_inactiveQ__O)

.text.4    0    000005ec    00009580     
                  000005ec    00000314     RFCC26XX_singleMode.obj (.text:fsmActiveState$23)
                  00000900    000002ec     peripheral.obj (.text:gapRole_processGAPMsg$56)
                  00000bec    0000023c     peripheral.obj (.text:GAPRole_SetParameter)
                  00000e28    00000228     drivers_cc26xxware.aem3 : PowerCC26XX.oem3 (.text:Power_sleep)
                  00001050    00000204     driverlib.lib : sys_ctrl.obj (.text:NOROM_SysCtrlSetRechargeBeforePowerDown)
                  00001254    000001f4     rtsv7M3_T_le_eabi.lib : ull_div_t2.obj (.text)
                  00001448    000001d0     drivers_cc26xxware.aem3 : PowerCC26XX_calibrateRCOSC.oem3 (.text:calibrateRcoscHf1)
                  00001618    000001bc     sensortag.obj (.text:SensorTag_init$2)
                  000017d4    000001a8     PINCC26XX.obj (.text:PIN_init)
                  0000197c    000001a8     RFCC26XX_singleMode.obj (.text:abortCmd$23)
                  00001b24    00000184     drivers_cc26xxware.aem3 : PowerCC26XX_calibrateRCOSC.oem3 (.text:PowerCC26XX_doCalibrate)
                  00001ca8    00000170     RFCC26XX_singleMode.obj (.text:RF_postCmd)
                  00001e18    00000158     SPICC26XXDMA.obj (.text:SPICC26XXDMA_initIO$25)
                  00001f70    0000014c     SPICC26XXDMA.obj (.text:SPICC26XXDMA_open)
                  000020bc    00000130     driverlib.lib : setup.obj (.text:NOROM_SetupAfterColdResetWakeupFromShutDownCfg3)
                  000021ec    00000120     peripheral.obj (.text:GAPRole_GetParameter)
                  0000230c    0000011c     drivers_cc26xxware.aem3 : PowerCC26XX.oem3 (.text:Power_init)
                  00002428    00000114     RFCC26XX_singleMode.obj (.text:fsmSetupState$23)
                  0000253c    00000110     RFCC26XX_singleMode.obj (.text:hwiFxnCpe0Active$23)
                  0000264c    000000fc     I2CCC26XX.obj (.text:I2CCC26XX_open)
                  00002748    000000fc     sensortag_keys.obj (.text:SensorTagKeys_processEvent)
                  00002844    000000fc     peripheral.obj (.text:gapRole_taskFxn$56)
                  00002940    000000f0     SPICC26XXDMA.obj (.text:SPICC26XXDMA_transferCancel)
                  00002a30    000000ec     icall.obj (.text:ICall_primWaitMatch$28)
                  00002b1c    000000ec     RFCC26XX_singleMode.obj (.text:rf_init$23)
                  00002c08    000000e0     I2CCC26XX.obj (.text:I2CCC26XX_hwiFxn$20)
                  00002ce8    000000e0     sensortag.obj (.text:SensorTag_processStateChangeEvt$2)
                  00002dc8    000000d4     driverlib.lib : setup.obj (.text:NOROM_SetupAfterColdResetWakeupFromShutDownCfg2)
                  00002e9c    000000d4     drivers_cc26xxware.aem3 : PowerCC26XX.oem3 (.text:Power_releaseDependency)
                  00002f70    000000d0                             : PowerCC26XX.oem3 (.text:Power_setDependency)
                  00003040    000000cc     SPICC26XXDMA.obj (.text:SPICC26XXDMA_transfer)
                  0000310c    000000cc     driverlib.lib : setup.obj (.text:TrimAfterColdResetWakeupFromShutDown$87)
                  000031d8    000000c8     SPICC26XXDMA.obj (.text:SPICC26XXDMA_configDMA$25)
                  000032a0    000000c8     RFCC26XX_singleMode.obj (.text:fsmPowerUpState$23)
                  00003368    000000c4     I2CCC26XX.obj (.text:I2CCC26XX_transfer)
                  0000342c    000000c4     RFCC26XX_singleMode.obj (.text:swiFxnHw$23)
                  000034f0    000000c0     RFCC26XX_singleMode.obj (.text:RF_open)
                  000035b0    000000c0     ioservice.obj (.text:io_WriteAttrCB$49)
                  00003670    000000bc     power_cc26xx_tirtos.aem3 : PowerCC26XX_tirtos.oem3 (.text:PowerCC26XX_standbyPolicy)
                  0000372c    000000b4     PINCC26XX.obj (.text:PINCC26XX_setIoCfg$22)
                  000037e0    000000b0     devinfoservice.obj (.text:devInfo_ReadAttrCB$45)
                  00003890    000000b0     peripheral.obj (.text:gapRole_init$56)
                  00003940    000000a8     sensortag_io.obj (.text:SensorTagIO_processCharChangeEvt)
                  000039e8    000000a4     driverlib.lib : setup.obj (.text:NOROM_SetupTrimDevice)
                  00003a8c    000000a0     SPICC26XXDMA.obj (.text:SPICC26XXDMA_hwiFxn$25)
                  00003b2c    000000a0     auto_init.aem3 : auto_init.oem3 (.text)
                  00003bcc    0000009c     sensortag_keys.obj (.text:SensorTagKeys_clockHandler$11)
                  00003c68    0000009c     SensorTmp007.obj (.text:SensorTmp007_test)
                  00003d04    0000009c     rtsv7M3_T_le_eabi.lib : memcpy_t2.obj (.text)
                  00003da0    00000098     PINCC26XX.obj (.text:PIN_open)
                  00003e38    00000098     sensortag.obj (.text:SensorTag_taskFxn$2)
                  00003ed0    00000098     rom_sysbios.aem3 : rom_sysbios.obj (.text:ti_sysbios_knl_Clock_workFuncDynamic__E)
                  00003f68    00000096     SensorBmp280.obj (.text:SensorBmp280_test)
                  00003ffe    00000002     SPICC26XXDMA.obj (.text:SPICC26XXDMA_serviceISR$25)
                  00004000    00000094     gattservapp_util.obj (.text:GATTServApp_ProcessCharCfg)
                  00004094    00000094     SPICC26XXDMA.obj (.text:SPICC26XXDMA_control)
                  00004128    00000090     I2CCC26XX.obj (.text:I2CCC26XX_primeTransfer$20)
                  000041b8    00000090     sensortag_opt.obj (.text:SensorTagOpt_processCharChangeEvt)
                  00004248    00000090     drivers_cc26xxware.aem3 : PowerCC26XX.oem3 (.text:switchXOSCHFclockFunc)
                  000042d8    0000008c     devinfoservice.obj (.text:DevInfo_SetParameter)
                  00004364    0000008c     drivers_cc26xxware.aem3 : GPTimerCC26XX.oem3 (.text:GPTimerCC26XX_open)
                  000043f0    00000088     I2CCC26XX.obj (.text:I2CCC26XX_cancel)
                  00004478    00000088     driverlib.lib : osc.obj (.text:NOROM_OSCHF_GetStartupTime)
                  00004500    00000084     icall.obj (.text:ICall_heapMalloc)
                  00004584    00000084     icall.obj (.text:ICall_primSetTimer$28)
                  00004608    00000084     TRNGCC26XX.obj (.text:TRNGCC26XX_getNumber)
                  0000468c    00000080     RFCC26XX_singleMode.obj (.text:RF_pendCmd)
                  0000470c    00000080     SensorMpu9250.obj (.text:sensorMagInit$36)
                  0000478c    0000007c     drivers_cc26xxware.aem3 : PowerCC26XX.oem3 (.text:disableLFClockQualifiers)
                  00004808    0000007a     rtsv7M3_T_le_eabi.lib : memset_t2.obj (.text)
                  00004882    00000002     RFCC26XX_singleMode.obj (.text:defaultErrCb$23)
                  00004884    00000078     driverlib.lib : setup.obj (.text:NOROM_SetupAfterColdResetWakeupFromShutDownCfg1)
                  000048fc    00000078     SensorTagTest.obj (.text:SensorTag_testExecute)
                  00004974    00000074     icall_cc2650.obj (.text:ICallPlatform_pwrUpdActivityCounter)
                  000049e8    00000074     icall.obj (.text:ICall_primSend$28)
                  00004a5c    00000074     drivers_cc26xxware.aem3 : PowerCC26XX_calibrateRCOSC.oem3 (.text:PowerCC26XX_auxISR)
                  00004ad0    00000074                             : PowerCC26XX_calibrateRCOSC.oem3 (.text:calibrateRcoscHf2)
                  00004b44    00000074     peripheral.obj (.text:gapRole_startConnUpdate$56)
                  00004bb8    00000070     driverlib.lib : chipinfo.obj (.text:NOROM_ChipInfo_GetHwRevision)
                  00004c28    00000070     SensorI2C.obj (.text:SensorI2C_select)
                  00004c98    00000070     SensorMpu9250.obj (.text:SensorMpu9250_reset)
                  00004d08    0000006c     icall.obj (.text:ICall_createRemoteTasks)
                  00004d74    0000006c     icall.obj (.text:ICall_heapInit)
                  00004de0    0000006c     driverlib.lib : setup.obj (.text:NOROM_SetupGetTrimForAmpcompCtrl)
                  00004e4c    0000006c     drivers_cc26xxware.aem3 : PowerCC26XX.oem3 (.text:PowerCC26XX_calibrate)
                  00004eb8    0000006c     gattservapp_util.obj (.text:gattServApp_SendNotiInd$47)
                  00004f24    0000006c     movementservice.obj (.text:sensor_ReadAttrCB$51)
                  00004f90    0000006a     rtsv7M3_T_le_eabi.lib : copy_decompress_rle.obj (.text)
                  00004ffa    00000002     drivers_cc26xxware.aem3 : PowerCC26XX.oem3 (.text:emptyClockFunc)
                  00004ffc    00000068     driverlib.lib : setup.obj (.text:NOROM_SetupGetTrimForAnabypassValue1)
                  00005064    00000068                   : sys_ctrl.obj (.text:NOROM_SysCtrl_DCDC_VoltageConditionalControl)
                  000050cc    00000068     SensorOpt3001.obj (.text:SensorOpt3001_read)
                  00005134    00000068     RFCC26XX_singleMode.obj (.text:fsmPowerDownState$23)
                  0000519c    00000066     SensorHdc1000.obj (.text:SensorHdc1000_test)
                  00005202    00000002     rom_sysbios.aem3 : rom_sysbios.obj (.text:ti_sysbios_BIOS_linkedWithIncorrectBootLibrary__E)
                  00005204    00000064     I2CCC26XX.obj (.text:I2CCC26XX_close)
                  00005268    00000064     PINCC26XX.obj (.text:PIN_add)
                  000052cc    00000064     rom_sysbios.aem3 : rom_sysbios.obj (.text:ti_sysbios_family_arm_cc26xx_Timer_start__E)
                  00005330    00000062     opticservice.obj (.text:sensor_ReadAttrCB$55)
                  00005392    00000002     app_ble_pem3.oem3 (.text:ti_sysbios_BIOS_nullFunc__I)
                  00005394    00000060     drivers_cc26xxware.aem3 : GPTimerCC26XX.oem3 (.text:GPTimerCC26XX_registerInterrupt)
                  000053f4    00000060     I2CCC26XX.obj (.text:I2CCC26XX_initIO$20)
                  00005454    00000060     icall.obj (.text:ICall_primEnroll$28)
                  000054b4    00000060     drivers_cc26xxware.aem3 : PowerCC26XX_calibrateRCOSC.oem3 (.text:PowerCC26XX_RCOSC_clockFunc)
                  00005514    00000060     RFCC26XX_singleMode.obj (.text:RF_getCurrentTime)
                  00005574    00000060     sensortag_mov.obj (.text:appStateSet$12)
                  000055d4    00000060     drivers_cc26xxware.aem3 : PowerCC26XX_calibrateRCOSC.oem3 (.text:updateSubSecInc)
                  00005634    0000005c     gptimer.obj (.text:GPT_taskFxn$0)
                  00005690    0000005c     icall.obj (.text:ICall_primThreadServes$28)
                  000056ec    0000005c     driverlib.lib : osc.obj (.text:NOROM_OSCHF_AttemptToSwitchToXosc)
                  00005748    0000005c                   : sys_ctrl.obj (.text:NOROM_SysCtrlAdjustRechargeAfterPowerDown)
                  000057a4    0000005c     PINCC26XX.obj (.text:PIN_remove)
                  00005800    0000005c     SensorMpu9250.obj (.text:SensorMpu9250_test)
                  0000585c    0000005c     UDMACC26XX.obj (.text:UDMACC26XX_open)
                  000058b8    0000005c     RFCC26XX_singleMode.obj (.text:applyRfCorePatch$23)
                  00005914    0000005c     RFCC26XX_singleMode.obj (.text:decActiveClientCnt$23)
                  00005970    0000005c     SensorMpu9250.obj (.text:sensorMpu9250WakeUp$36)
                  000059cc    0000005c     app_ble_pem3.oem3 (.text:xdc_runtime_Startup_getState__I)
                  00005a28    0000005a     SPICC26XXDMA.obj (.text:SPICC26XXDMA_close)
                  00005a82    00000002     rom_sysbios.aem3 : rom_sysbios.obj (.text:ti_sysbios_knl_Clock_triggerFunc__I)
                  00005a84    00000058     movementservice.obj (.text:Movement_setParameter)
                  00005adc    00000058     opticservice.obj (.text:Optic_setParameter)
                  00005b34    00000058     drivers_cc26xxware.aem3 : PowerCC26XX_calibrateRCOSC.oem3 (.text:PowerCC26XX_initiateCalibration)
                  00005b8c    00000058     SPICC26XXDMA.obj (.text:SPICC26XXDMA_initHw$25)
                  00005be4    00000058     sensortag_keys.obj (.text:processGapStateChange$11)
                  00005c3c    00000054     sensortag_audio.obj (.text:HIDAdvRemote_audioMalloc$3)
                  00005c90    00000054     I2CCC26XX.obj (.text:I2CCC26XX_swiFxn$20)
                  00005ce4    00000054     SensorI2C.obj (.text:SensorI2C_open)
                  00005d38    00000054     util.obj (.text:Util_rescheduleClock)
                  00005d8c    00000054     drivers_cc26xxware.aem3 : PowerCC26XX.oem3 (.text:configureXOSCHF)
                  00005de0    00000054     RFCC26XX_singleMode.obj (.text:fsmXOSCState$23)
                  00005e34    00000054     RFCC26XX_singleMode.obj (.text:hwiFxnHw$23)
                  00005e88    00000054     RFCC26XX_singleMode.obj (.text:ratChanFree$23)
                  00005edc    00000054     rtsv7M3_T_le_eabi.lib : exit.obj (.text)
                  00005f30    00000052     icall.obj (.text:ICall_primWait$28)
                  00005f82    00000052     SPICC26XXDMA.obj (.text:SPICC26XXDMA_swiFxn$25)
                  00005fd4    00000050     icall_api.obj (.text:GAP_DeviceInit)
                  00006024    00000050     icall_api.obj (.text:GAP_UpdateAdvertisingData)
                  00006074    00000050     icall.obj (.text:ICall_primRegisterApp$28)
                  000060c4    00000050     driverlib.lib : setup.obj (.text:NOROM_SetupSetCacheModeAccordingToCcfgSetting)
                  00006114    00000050     RFCC26XX_singleMode.obj (.text:RF_getInfo)
                  00006164    00000050     RFCC26XX_singleMode.obj (.text:syncCb$23)
                  000061b4    0000004e     SensorOpt3001.obj (.text:SensorOpt3001_test)
                  00006202    0000004e     ioservice.obj (.text:io_ReadAttrCB$49)
                  00006250    0000004c     ExtFlash.obj (.text:ExtFlash_waitReady$32)
                  0000629c    0000004c     drivers_cc26xxware.aem3 : GPTimerCC26XX.oem3 (.text:GPTimerCC26XX_start)
                  000062e8    0000004c     icall.obj (.text:ICall_newTask$28)
                  00006334    0000004c     icall.obj (.text:ICall_primGetEntityId$28)
                  00006380    0000004c     driverlib.lib : osc.obj (.text:NOROM_OSCClockSourceSet)
                  000063cc    0000004c     sensortag.obj (.text:SensorTag_setDeviceInfo$2)
                  00006418    0000004c     util.obj (.text:Util_constructClock)
                  00006464    0000004c     RFCC26XX_singleMode.obj (.text:dispatchOpWhen$23)
                  000064b0    0000004c     peripheral.obj (.text:gapRole_processStackMsg$56)
                  000064fc    0000004c     rtsv7M3_T_le_eabi.lib : cpy_tbl.obj (.text)
                  00006548    0000004a     gattservapp_util.obj (.text:GATTServApp_ProcessCCCWriteReq)
                  00006592    00000002     app_ble_pem3.oem3 (.text:ti_sysbios_rom_cortexm_cc26xx_CC26xx_badRomRevision__E)
                  00006594    00000048     drivers_cc26xxware.aem3 : GPTimerCC26XX.oem3 (.text:GPTimerCC26XXHwiFxn)
                  000065dc    00000048     I2CCC26XX.obj (.text:I2CCC26XX_initHw$20)
                  00006624    00000048     driverlib.lib : chipinfo.obj (.text:NOROM_ChipInfo_GetChipFamily)
                  0000666c    00000048                   : ddi.obj (.text:NOROM_DDI16BitfieldWrite)
                  000066b4    00000048     sensortag_opt.obj (.text:SensorTagOpt_init)
                  000066fc    00000048     icall_api.obj (.text:gattIndNoti$31)
                  00006744    00000048     drivers_cc26xxware.aem3 : PowerCC26XX.oem3 (.text:notify)
                  0000678c    00000046     simplekeys.obj (.text:SK_readAttrCB$58)
                  000067d2    00000002     rom_sysbios.aem3 : rom_sysbios.obj (.text:xdc_runtime_SysCallback_defaultAbort)
                  000067d4    00000044     icall_api.obj (.text:GAP_TerminateLinkReq)
                  00006818    00000044     PINCC26XX.obj (.text:PIN_swi$22)
                  0000685c    00000044     SensorMpu9250.obj (.text:SensorMpu9250_accSetRange)
                  000068a0    00000044     sensortag_io.obj (.text:SensorTagIO_blinkLed)
                  000068e4    00000044     sensortag_io.obj (.text:SensorTagIO_reset)
                  00006928    00000044     boot.aem3 : boot.oem3 (.text)
                  0000696c    00000044     icall_api.obj (.text:gapSendParamAndPtrCmd$31)
                  000069b0    00000044     SensorMpu9250.obj (.text:sensorMagEnable$36)
                  000069f4    00000044     SensorMpu9250.obj (.text:sensorMpu9250SetBypass$36)
                  00006a38    00000042     icall.obj (.text:ICall_primCreateTask$28)
                  00006a7a    00000002     rom_sysbios.aem3 : rom_sysbios.obj (.text:xdc_runtime_SysCallback_defaultExit)
                  00006a7c    00000040     ExtFlash.obj (.text:ExtFlash_open)
                  00006abc    00000040     ExtFlash.obj (.text:ExtFlash_readInfo$32)
                  00006afc    00000040     peripheral.obj (.text:GAPRole_SendUpdateParam)
                  00006b3c    00000040     peripheral.obj (.text:GAPRole_createTask)
                  00006b7c    00000040     driverlib.lib : ddi.obj (.text:NOROM_DDI16BitfieldRead)
                  00006bbc    00000040     RFCC26XX_singleMode.obj (.text:RF_getRssi)
                  00006bfc    00000040     SensorMpu9250.obj (.text:SensorMpu9250_magTest)
                  00006c3c    00000040     ExtFlash.obj (.text:extFlashVerifyPart$32)
                  00006c7c    00000040     SensorMpu9250.obj (.text:sensorMpuSleep$36)
                  00006cbc    0000003e     icall_api.obj (.text:hciSendParamsCmd$31)
                  00006cfa    00000002     --HOLE-- [fill = 0]
                  00006cfc    0000003c     icall_api.obj (.text:GAP_GetParamValue)
                  00006d38    0000003c     icall_api.obj (.text:GATTServApp_RegisterService)
                  00006d74    0000003c     gptimer.obj (.text:GPT_createTask)
                  00006db0    0000003c     icall_cc2650.obj (.text:ICallPlatform_pwrConfigACAction)
                  00006dec    0000003c     driverlib.lib : osc.obj (.text:NOROM_OSC_HPOSCRelativeFrequencyOffsetGet)
                  00006e28    0000003c                   : rfc.obj (.text:NOROM_RFCSynthPowerDown)
                  00006e64    0000003c     PINCC26XX.obj (.text:PINCC26XX_getConfig)
                  00006ea0    0000003c     RFCC26XX_singleMode.obj (.text:RF_runCmd)
                  00006edc    0000003c     SPICC26XXDMA.obj (.text:SPICC26XXDMA_csnCallback$25)
                  00006f18    0000003c     SensorI2C.obj (.text:SensorI2C_writeRead)
                  00006f54    0000003c     sensortag_buzzer.obj (.text:SensorTagBuzzer_open)
                  00006f90    0000003c     sensortag_buzzer.obj (.text:SensorTagBuzzer_setFrequency)
                  00006fcc    0000003c     sensortag.obj (.text:SensorTag_createTask)
                  00007008    0000003c     RFCC26XX_singleMode.obj (.text:postDirImmCmd$23)
                  00007044    0000003c     icall_api.obj (.text:profileSetParameter$31)
                  00007080    0000003c     icall_api.obj (.text:sendWaitMatchCS$31)
                  000070bc    0000003c     icall_api.obj (.text:sendWaitMatchValueCS$31)
                  000070f8    00000038     icall_api.obj (.text:GAPBondMgr_LinkEst)
                  00007130    00000038     I2C.obj (.text:I2C_init)
                  00007168    00000038     icall.obj (.text:ICall_primGetMaxMSecs$28)
                  000071a0    00000038     SensorI2C.obj (.text:SensorI2C_write)
                  000071d8    00000038     util.obj (.text:Util_restartClock)
                  00007210    00000038     icall_api.obj (.text:linkDB_NumConns)
                  00007248    00000038     icall_api.obj (.text:registerTask$31)
                  00007280    00000038     rom_sysbios.aem3 : rom_sysbios.obj (.text:ti_sysbios_family_arm_cc26xx_Timer_getCurrentTick__E)
                  000072b8    00000036     UDMACC26XX.obj (.text:UDMACC26XX_close)
                  000072ee    00000036     RFCC26XX_singleMode.obj (.text:updateImplicitState$23)
                  00007324    00000034     icall_api.obj (.text:GAPBondMgr_SetParameter)
                  00007358    00000034     icall_api.obj (.text:GAP_SetParamValue)
                  0000738c    00000034     drivers_cc26xxware.aem3 : GPTimerCC26XX.oem3 (.text:GPTimerCC26XXSetLoadMatch)
                  000073c0    00000034                             : GPTimerCC26XX.oem3 (.text:GPTimerCC26XX_initHw)
                  000073f4    00000034     icall.obj (.text:ICall_primEntityId2ServiceId$28)
                  00007428    00000034     icall.obj (.text:ICall_primFetchMsg$28)
                  0000745c    00000034     icall.obj (.text:ICall_primRegisterISR$28)
                  00007490    00000034     icall.obj (.text:ICall_primRegisterISR_Ext$28)
                  000074c4    00000034     icall.obj (.text:ICall_searchServiceEntity)
                  000074f8    00000034     ioservice.obj (.text:Io_setParameter)
                  0000752c    00000034     driverlib.lib : ddi.obj (.text:NOROM_DDI32RegWrite)
                  00007560    00000034                   : osc.obj (.text:NOROM_OSCHF_SwitchToRcOscTurnOffXosc)
                  00007594    00000034     PINCC26XX.obj (.text:PIN_setOutputValue)
                  000075c8    00000034     drivers_cc26xxware.aem3 : PowerCC26XX.oem3 (.text:PowerCC26XX_isStableXOSC_HF)
                  000075fc    00000034     RFCC26XX_singleMode.obj (.text:Q_push$23)
                  00007630    00000034     SensorMpu9250.obj (.text:SensorMpu9250_enable)
                  00007664    00000034     sensortag_keys.obj (.text:SensorTagKeys_processKeyRight)
                  00007698    00000034     sensortag_keys.obj (.text:SensorTagKeys_processRelay)
                  000076cc    00000034     sensortag_opt.obj (.text:SensorTagOpt_reset)
                  00007700    00000034     icall_api.obj (.text:osal_snv_read)
                  00007734    00000034     icall_api.obj (.text:osal_snv_write)
                  00007768    00000034     icall_api.obj (.text:profileAddService$31)
                  0000779c    00000032     icall_api.obj (.text:gapSendParamsCmd$31)
                  000077ce    00000032     icall_api.obj (.text:gapSendPtrParamsCmd$31)
                  00007800    00000032     icall_api.obj (.text:matchGapSetGetParamCS$31)
                  00007832    00000032     icall_api.obj (.text:matchGattCmdStatus$31)
                  00007864    00000032     icall_api.obj (.text:matchUtilNvCS$31)
                  00007896    00000032     rom_sysbios.aem3 : rom_sysbios.obj (.text:ti_sysbios_family_arm_cc26xx_Timer_setNextTick__E)
                  000078c8    00000030     ExtFlash.obj (.text:ExtFlash_close)
                  000078f8    00000030     icall_cc2650.obj (.text:ICallPlatform_pwrNotify$29)
                  00007928    00000030     icall_cc2650.obj (.text:ICallPlatform_pwrRegisterNotify)
                  00007958    00000030     icall.obj (.text:ICall_msecs2Ticks$28)
                  00007988    00000030     icall.obj (.text:ICall_searchTask$28)
                  000079b8    00000030     driverlib.lib : setup.obj (.text:NOROM_SetupSetAonRtcSubSecInc)
                  000079e8    00000030                   : trng.obj (.text:NOROM_TRNGConfigure)
                  00007a18    00000030     PINCC26XX.obj (.text:PIN_setInterrupt)
                  00007a48    00000030     drivers_cc26xxware.aem3 : PowerCC26XX.oem3 (.text:Power_releaseConstraint)
                  00007a78    00000030                             : PowerCC26XX.oem3 (.text:Power_setConstraint)
                  00007aa8    00000030     SensorMpu9250.obj (.text:SensorMpu9250_powerOn)
                  00007ad8    00000030     ExtFlash.obj (.text:Spi_open$32)
                  00007b08    00000030     ExtFlash.obj (.text:Spi_read$32)
                  00007b38    00000030     ExtFlash.obj (.text:Spi_write$32)
                  00007b68    00000030     SensorMpu9250.obj (.text:sensorMpu9250SelectAxes$36)
                  00007b98    00000030     app_ble_pem3.oem3 (.text:ti_sysbios_BIOS_atExitFunc__I)
                  00007bc8    00000030     app_ble_pem3.oem3 (.text:ti_sysbios_BIOS_startFunc__I)
                  00007bf8    00000030     rom_sysbios.aem3 : rom_sysbios.obj (.text:ti_sysbios_family_arm_cc26xx_Timer_initDevice__I)
                  00007c28    00000030                      : rom_sysbios.obj (.text:ti_sysbios_family_arm_cc26xx_Timer_setThreshold__I)
                  00007c58    0000002e     icall_cc2650.obj (.text:ICallPlatform_pwrDispenseImpl$29)
                  00007c86    0000002e     icall_cc2650.obj (.text:ICallPlatform_pwrRequireImpl$29)
                  00007cb4    0000002e     sensortag.obj (.text:ICall_fetchServiceMsg$2)
                  00007ce2    0000002e     peripheral.obj (.text:ICall_fetchServiceMsg$56)
                  00007d10    0000002e     icall.obj (.text:ICall_msgDequeue$28)
                  00007d3e    0000002e     simplekeys.obj (.text:SK_writeAttrCB$58)
                  00007d6c    0000002e     SensorOpt3001.obj (.text:SensorOpt3001_enable)
                  00007d9a    0000002e     icall_api.obj (.text:matchProfileAddServiceCS$31)
                  00007dc8    0000002c     icall_api.obj (.text:GAPBondMgr_Register)
                  00007df4    0000002c     drivers_cc26xxware.aem3 : GPTimerCC26XX.oem3 (.text:GPTimerCC26XX_getTimerValue)
                  00007e20    0000002c     icall.obj (.text:ICall_heapFree)
                  00007e4c    0000002c     ioservice.obj (.text:ICall_malloc$49)
                  00007e78    0000002c     opticservice.obj (.text:ICall_malloc$55)
                  00007ea4    0000002c     simplekeys.obj (.text:ICall_malloc$58)
                  00007ed0    0000002c     icall.obj (.text:ICall_msgEnqueue$28)
                  00007efc    0000002c     icall.obj (.text:ICall_primAllocMsg$28)
                  00007f28    0000002c     icall.obj (.text:ICall_primFetchServiceMsg$28)
                  00007f54    0000002c     icall_api.obj (.text:ICall_sendServiceMsg$31)
                  00007f80    0000002c     driverlib.lib : setup.obj (.text:NOROM_SetupGetTrimForRadcExtCfg)
                  00007fac    0000002c     PINCC26XX.obj (.text:PINCC26XX_setMux)
                  00007fd8    0000002c     PINCC26XX.obj (.text:PIN_setConfig)
                  00008004    0000002c     simplekeys.obj (.text:SK_SetParameter)
                  00008030    0000002c     SensorI2C.obj (.text:SensorI2C_writeReg)
                  0000805c    0000002c     sensortag_mov.obj (.text:SensorTagMov_reset)
                  00008088    0000002c     ExtFlash.obj (.text:extFlashPowerStandby$32)
                  000080b4    0000002c     RFCC26XX_singleMode.obj (.text:getCmd$23)
                  000080e0    0000002c     rom_sysbios.aem3 : rom_sysbios.obj (.text:ti_sysbios_knl_Clock_getTicksUntilInterrupt__E)
                  0000810c    0000002c     st_util.obj (.text:utilExtractUuid16)
                  00008138    0000002a     drivers_cc26xxware.aem3 : GPTimerCC26XX.oem3 (.text:GPTimerCC26XXLookupMask)
                  00008162    0000002a     icall_api.obj (.text:ICall_waitMatch$31)
                  0000818c    0000002a     TRNGCC26XX.obj (.text:TRNGCC26XX_isParamValid)
                  000081b6    0000002a     util.obj (.text:Util_enqueueMsg)
                  000081e0    0000002a     icall_api.obj (.text:matchProfileCS$31)
                  0000820a    00000028     gattservapp_util.obj (.text:GATTServApp_WriteCharCfg)
                  00008232    00000002     --HOLE-- [fill = 0]
                  00008234    00000028     drivers_cc26xxware.aem3 : GPTimerCC26XX.oem3 (.text:GPTimerCC26XX_configureDebugStall)
                  0000825c    00000028     icall.obj (.text:ICall_init)
                  00008284    00000028     icall.obj (.text:ICall_msgPrepend$28)
                  000082ac    00000028     sensortag.obj (.text:ICall_registerApp$2)
                  000082d4    00000028     peripheral.obj (.text:ICall_registerApp$56)
                  000082fc    00000028     ioservice.obj (.text:Io_addService)
                  00008324    00000028     driverlib.lib : aon_batmon.obj (.text:NOROM_AONBatMonTemperatureGetDegC)
                  0000834c    00000028     opticservice.obj (.text:Optic_addService)
                  00008374    00000028     opticservice.obj (.text:Optic_getParameter)
                  0000839c    00000028     PINCC26XX.obj (.text:PINCC26XX_getPinCount)
                  000083c4    00000028     drivers_cc26xxware.aem3 : PowerCC26XX.oem3 (.text:PowerCC26XX_switchXOSC_HF)
                  000083ec    00000028                             : PowerCC26XX.oem3 (.text:Power_registerNotify)
                  00008414    00000028     simplekeys.obj (.text:SK_AddService)
                  0000843c    00000028     SPICC26XXDMA.obj (.text:SPICC26XXDMA_flushFifos$25)
                  00008464    00000028     driverlib.lib : adi.obj (.text:SafeHapiVoid)
                  0000848c    00000028     sensortag_audio.obj (.text:SensorTagAudio_enableStreaming)
                  000084b4    00000028     sensortag_buzzer.obj (.text:SensorTagBuzzer_close)
                  000084dc    00000028     sensortag_keys.obj (.text:SensorTagKeys_init)
                  00008504    00000028     sensortag_keys.obj (.text:SensorTagKeys_processKeyLeft)
                  0000852c    00000028     sensortag.obj (.text:SensorTag_enqueueMsg$2)
                  00008554    00000028     TRNGCC26XX.obj (.text:TRNGCC26XX_init)
                  0000857c    00000028     RFCC26XX_singleMode.obj (.text:clkPowerUpFxn$23)
                  000085a4    00000028     gattservapp_util.obj (.text:gattServApp_FindCharCfgItem$47)
                  000085cc    00000028     rom_sysbios.aem3 : rom_sysbios.obj (.text:ti_sysbios_family_arm_cc26xx_Timer_getMaxTicks__E)
                  000085f4    00000026     drivers_cc26xxware.aem3 : List.oem3 (.text:List_put)
                  0000861a    00000026     main.obj (.text:main)
                  00008640    00000024     icall_api.obj (.text:GAPBondMgr_LinkTerm)
                  00008664    00000024     drivers_cc26xxware.aem3 : GPTimerCC26XX.oem3 (.text:GPTimerCC26XXReverseLookupMask)
                  00008688    00000024                             : GPTimerCC26XX.oem3 (.text:GPTimerCC26XX_enableInterrupt)
                  000086ac    00000024     sensortag_audio.obj (.text:HIDAdvRemote_audioFree$3)
                  000086d0    00000024     sensortag_audio.obj (.text:HIDAdvRemote_pdmCB$3)
                  000086f4    00000024     I2C.obj (.text:I2C_open)
                  00008718    00000024     icall_api.obj (.text:ICall_getLocalMsgEntityId$31)
                  0000873c    00000024     icall_api.obj (.text:ICall_threadServes$31)
                  00008760    00000024     SPI.obj (.text:SPI_open)
                  00008784    00000024     SensorMpu9250.obj (.text:SensorMpu9250_powerOff)
                  000087a8    00000024     sensortag_opt.obj (.text:SensorTagOpt_processSensorEvent)
                  000087cc    00000024     drivers_cc26xxware.aem3 : PowerCC26XX_calibrateRCOSC.oem3 (.text:getTdcSemaphore)
                  000087f0    00000024     RFCC26XX_singleMode.obj (.text:hwiFxnCpe0PowerFsm$23)
                  00008814    00000024     app_ble_pem3.oem3 (.text:ti_sysbios_BIOS_registerRTSLock__I)
                  00008838    00000024     app_ble_pem3.oem3 (.text:ti_sysbios_BIOS_removeRTSLock__I)
                  0000885c    00000022     icall.obj (.text:ICall_dispatch$28)
                  0000887e    00000022     util.obj (.text:ICall_malloc$17)
                  000088a0    00000022     sensortag.obj (.text:ICall_malloc$2)
                  000088c2    00000002     --HOLE-- [fill = 0]
                  000088c4    00000020     gattservapp_util.obj (.text:GATTServApp_InitCharCfg)
                  000088e4    00000020     icall_api.obj (.text:ICall_allocMsg$31)
                  00008904    00000020     icall_api.obj (.text:ICall_getEntityId$31)
                  00008924    00000020     sensortag_audio.obj (.text:ICall_malloc$3)
                  00008944    00000020     devinfoservice.obj (.text:ICall_malloc$45)
                  00008964    00000020     icall.obj (.text:ICall_primService$28)
                  00008984    00000020     icall.obj (.text:ICall_searchService$28)
                  000089a4    00000020     driverlib.lib : rfc.obj (.text:NOROM_RFCDoorbellSendTo)
                  000089c4    00000020                   : rfc.obj (.text:NOROM_RFCRfTrimRead)
                  000089e4    00000020                   : setup.obj (.text:NOROM_SetupGetTrimForXoscHfCtl)
                  00008a04    00000020     drivers_cc26xxware.aem3 : PowerCC26XX.oem3 (.text:Power_unregisterNotify)
                  00008a24    00000020     sensortag_io.obj (.text:SensorTagIO_init)
                  00008a44    00000020     sensortag_opt.obj (.text:SensorTagOpt_clockHandler$14)
                  00008a64    00000020     sensortag.obj (.text:SensorTag_callback$2)
                  00008a84    00000020     UDMACC26XX.obj (.text:UDMACC26XX_initHw$27)
                  00008aa4    00000020     RFCC26XX_singleMode.obj (.text:allocCmd$23)
                  00008ac4    00000020     sensortag_mov.obj (.text:initCharacteristicValue$12)
                  00008ae4    00000020     app_ble_pem3.oem3 (.text:ti_sysbios_BIOS_rtsLock__I)
                  00008b04    00000020     rom_sysbios.aem3 : rom_sysbios.obj (.text:ti_sysbios_knl_Clock_stop__E)
                  00008b24    0000001e     icall.obj (.text:ICall_primSendServiceMsg$28)
                  00008b42    0000001e     PINCC26XX.obj (.text:PIN_close)
                  00008b60    0000001e     drivers_cc26xxware.aem3 : PowerCC26XX.oem3 (.text:Power_getTransitionLatency)
                  00008b7e    0000001e     icall_api.obj (.text:matchHciCS$31)
                  00008b9c    0000001e     icall_api.obj (.text:waitMatchCS$31)
                  00008bba    00000002     --HOLE-- [fill = 0]
                  00008bbc    0000001c     peripheral.obj (.text:GAPRole_StartDevice)
                  00008bd8    0000001c     icall_api.obj (.text:GATT_bm_alloc)
                  00008bf4    0000001c     icall_api.obj (.text:GATT_bm_free)
                  00008c10    0000001c     icall.obj (.text:ICall_initPrim$28)
                  00008c2c    0000001c     sensortag.obj (.text:ICall_wait$2)
                  00008c48    0000001c     peripheral.obj (.text:ICall_wait$56)
                  00008c64    0000001c     driverlib.lib : osc.obj (.text:NOROM_OSCClockSourceGet)
                  00008c80    0000001c                   : setup.obj (.text:NOROM_SetupGetTrimForAmpcompTh2)
                  00008c9c    0000001c                   : setup.obj (.text:NOROM_SetupGetTrimForRcOscLfRtuneCtuneTrim)
                  00008cb8    0000001c     PINCC26XX.obj (.text:PINCC26XX_setIoCfgMux$22)
                  00008cd4    0000001c     PINCC26XX.obj (.text:PIN_hwi$22)
                  00008cf0    0000001c     RFCC26XX_singleMode.obj (.text:RF_runDirectCmd)
                  00008d0c    0000001c     RFCC26XX_singleMode.obj (.text:RF_runImmediateCmd)
                  00008d28    0000001c     SPI.obj (.text:SPI_Params_init)
                  00008d44    0000001c     sensortag.obj (.text:SensorTag_processAppMsg$2)
                  00008d60    0000001c     TRNGCC26XX.obj (.text:TRNGCC26XX_open)
                  00008d7c    0000001c     peripheral.obj (.text:gapRole_HandleParamUpdateNoSuccess$56)
                  00008d98    0000001c     icall_api.obj (.text:getStatusValueFromErrNo$31)
                  00008db4    0000001c     TRNGCC26XX.obj (.text:openTRNG)
                  00008dd0    0000001c     rom_sysbios.aem3 : rom_sysbios.obj (.text:ti_sysbios_family_arm_cc26xx_Timer_dynamicStub__E)
                  00008dec    0000001a     icall_api.obj (.text:GATT_Notification)
                  00008e06    0000001a     icall.obj (.text:ICall_enterCSImpl)
                  00008e20    0000001a     icall.obj (.text:ICall_primSetTimerMSecs$28)
                  00008e3a    0000001a     drivers_cc26xxware.aem3 : List.oem3 (.text:List_remove)
                  00008e54    0000001a     util.obj (.text:Util_dequeueMsg)
                  00008e6e    0000001a     ExtFlash.obj (.text:extFlashPowerDown$32)
                  00008e88    0000001a     icall_api.obj (.text:matchGattIndNotiCS$31)
                  00008ea2    00000002     --HOLE-- [fill = 0]
                  00008ea4    00000018     peripheral.obj (.text:GAPRole_TerminateConnection)
                  00008ebc    00000018     gptimer.obj (.text:GPT_int_count)
                  00008ed4    00000018     I2C.obj (.text:I2C_Params_init)
                  00008eec    00000018     icall_cc2650.obj (.text:ICallPlatform_pwrDispense)
                  00008f04    00000018     icall_cc2650.obj (.text:ICallPlatform_pwrRequire)
                  00008f1c    00000018     util.obj (.text:ICall_free$17)
                  00008f34    00000018     sensortag.obj (.text:ICall_free$2)
                  00008f4c    00000018     sensortag_audio.obj (.text:ICall_free$3)
                  00008f64    00000018     devinfoservice.obj (.text:ICall_free$45)
                  00008f7c    00000018     icall.obj (.text:ICall_freeMsg$28)
                  00008f94    00000018     sensortag.obj (.text:ICall_freeMsg$2)
                  00008fac    00000018     icall_api.obj (.text:ICall_freeMsg$31)
                  00008fc4    00000018     peripheral.obj (.text:ICall_freeMsg$56)
                  00008fdc    00000018     icall.obj (.text:ICall_primMalloc$28)
                  00008ff4    00000018     driverlib.lib : aon_rtc.obj (.text:NOROM_AONRTCCurrentCompareValueGet)
                  0000900c    00000018                   : chipinfo.obj (.text:NOROM_ChipInfo_GetPackageType)
[...]
1001c2d5  ti_sysbios_knl_Queue_head__E                                              
1001c2d9  ti_sysbios_knl_Queue_next__E                                              
1001c2dd  ti_sysbios_knl_Semaphore_delete                                           
1001c2e1  ti_sysbios_knl_Semaphore_destruct                                         
1001c2e5  ti_sysbios_knl_Swi_delete                                                 
1001c2e9  ti_sysbios_knl_Swi_destruct                                               
1001c2ed  ti_sysbios_knl_Swi_postInit__I                                            
1001c2f1  ti_sysbios_knl_Task_SupportProxy_Module__startupDone__S                   
1001c2f5  ti_sysbios_knl_Task_SupportProxy_getStackAlignment__E                     
1001c2f9  ti_sysbios_knl_Task_SupportProxy_start__E                                 
1001c2fd  ti_sysbios_knl_Task_SupportProxy_swap__E                                  
1001c301  ti_sysbios_knl_Task_delete                                                
1001c305  ti_sysbios_knl_Task_destruct                                              
1001c309  ti_sysbios_knl_Task_startup__E                                            
1001c30d  xdc_runtime_Startup_startMods__I                                          
1001c405  xdc_runtime_Core_createObject__I                                          
1001c487  xdc_runtime_Error_policySpin__E                                           
1001c489  xdc_runtime_Memory_alloc__E                                               
1001c4f9  xdc_runtime_Core_deleteObject__I                                          
1001c559  xdc_runtime_Startup_exec__E                                               
1001c5a9  xdc_runtime_Assert_raise__I                                               
1001c5f1  xdc_runtime_Core_assignParams__I                                          
1001c639  xdc_runtime_Core_constructObject__I                                       
1001c681  xdc_runtime_System_atexit__E                                              
1001c6b9  xdc_runtime_System_processAtExit__E                                       
1001c6ed  xdc_runtime_Core_assignLabel__I                                           
1001c71d  xdc_runtime_Text_cordText__E                                              
1001c749  xdc_runtime_System_abort__E                                               
1001c769  xdc_runtime_Error_raiseX__E                                               
1001c785  xdc_runtime_Memory_valloc__E                                              
1001c7a1  xdc_runtime_Core_destructObject__I                                        
1001c7b9  xdc_runtime_Error_check__E                                                
1001c7d1  xdc_runtime_System_exit__E                                                
1001c7e9  xdc_runtime_Text_ropeText__E                                              
1001c801  xdc_runtime_Memory_free__E                                                
1001c811  xdc_runtime_SysCallback_abort__E                                          
1001c821  xdc_runtime_SysCallback_exit__E                                           
1001c831  xdc_runtime_Timestamp_SupportProxy_get32__E                               
1001c831  xdc_runtime_Timestamp_get32__E                                            
1001c841  xdc_runtime_Error_init__E                                                 
1001c84d  xdc_runtime_Memory_calloc__E                                              
1001c859  xdc_runtime_Memory_getMaxDefaultTypeAlign__E                              
1001c879  xdc_runtime_Gate_leaveSystem__E                                           
1001c87f  xdc_runtime_System_Module_startup__E                                      
1001c885  xdc_runtime_Gate_enterSystem__E                                           
1001c889  xdc_runtime_Memory_HeapProxy_alloc__E                                     
1001c88d  xdc_runtime_Memory_HeapProxy_free__E                                      
1001c891  xdc_runtime_System_Module_GateProxy_enter__E                              
1001c895  xdc_runtime_System_Module_GateProxy_leave__E                              
1001c899  xdc_runtime_System_abortSpin__E                                           
1001c89b  xdc_runtime_System_exitSpin__E                                            
1001c89d  ti_sysbios_family_arm_m3_Hwi_dispatch__I                                  
1001c96d  ti_sysbios_family_arm_m3_TaskSupport_buildTaskStack                       
1001c9b9  ti_sysbios_family_arm_m3_Hwi_initStacks__E                                
1001ca01  ti_sysbios_family_arm_m3_Hwi_excHandlerAsm__I                             
1001ca21  ti_sysbios_family_xxx_Hwi_switchAndRunFunc                                
1001ca3f  ti_sysbios_family_arm_m3_Hwi_pendSV__I                                    
1001ca57  ti_sysbios_family_arm_m3_Hwi_return                                       
1001ca59  ti_sysbios_family_arm_m3_TaskSupport_glue                                 
1001ca69  ti_sysbios_family_arm_m3_TaskSupport_swap__E                              
1001ca71  ti_sysbios_knl_Task_swapReturn                                            
1001ca9b  ti_sysbios_rom_cortexm_cc26xx_CC26xx_getRevision__E                       
20000000  ti_sysbios_family_arm_m3_Hwi_ramVectors                                   
20000100  ti_sysbios_knl_Task_Module__state__V                                      
20000144  ti_sysbios_family_arm_m3_Hwi_Module__state__V                             
20000178  ti_sysbios_knl_Clock_Module__state__V                                     
200001a4  ti_sysbios_BIOS_Module__state__V                                          
200001c8  ti_sysbios_knl_Swi_Module__state__V                                       
200001e4  ti_sysbios_family_arm_cc26xx_Timer_Module__state__V                       
200001ec  ti_sysbios_family_arm_cc26xx_TimestampProvider_Module__state__V           
200001f0  xdc_runtime_Startup_Module__state__V                                      
200001f8  xdc_runtime_System_Module__state__V                                       
20000200  xdc_runtime_Memory_Module__state__V                                       
20000520  gapProfileState                                                           
20000521  selfEntityMain                                                            
20000528  sem                                                                       
2000052c  hGpioPin                                                                  
20000548  pinGpioState                                                              
200008e0  linkDBNumConns                                                            
200009f4  gapRoleTask                                                               
20000a44  gapRoleTaskStack                                                          
20000bfc  overflow_count_loc                                                        
2000125c  PowerCC26XX_module                                                        
2000136c  ICall_dispatcher                                                          
20001374  ICall_enterCriticalSection                                                
20001378  ICall_leaveCriticalSection                                                
20001390  HEAPMGR_SIZE                                                              
20001490  pdmParams                                                                 
20001790  rfRegTbl                                                                  
200017e0  ti_sysbios_knl_Task_Object__table__V                                      
20001878  ti_sysbios_family_arm_cc26xx_Timer_Object__table__V                       
200018c0  ti_sysbios_gates_GateMutex_Object__table__V                               
20001934  time                                                                      
20001960  ti_sysbios_knl_Swi_Module_State_0_readyQ__A                               
20001990  ti_sysbios_knl_Swi_Object__table__V                                       
200019c0  ti_sysbios_knl_Task_Module_State_0_readyQ__A                              
200019f0  user0Cfg                                                                  
20001a4c  ti_sysbios_knl_Clock_Object__table__V                                     
20001a6c  ti_sysbios_family_arm_m3_Hwi_Object__table__V                             
20001a84  ti_sysbios_heaps_HeapMem_Object__table__V                                 
20001aac  __TI_cleanup_ptr                                                          
20001ab0  __TI_dtors_ptr                                                            
20001ab4  __TI_enable_exit_profile_output                                           
20001ab8  lastAppOpcodeSent                                                         
20001abc  pfnBMAlloc                                                                
20001ac0  pfnBMFree                                                                 
20001ad8  _lock                                                                     
20001adc  _unlock                                                                   
20001ae8  ti_sysbios_family_arm_m3_Hwi_Module__root__V                              
20001af0  ti_sysbios_gates_GateHwi_Module__root__V                                  
20001af8  ti_sysbios_gates_GateMutex_Module__root__V                                
20001b00  ti_sysbios_hal_Hwi_Module__root__V                                        
20001b08  ti_sysbios_heaps_HeapMem_Module__root__V                                  
20001b10  ti_sysbios_knl_Clock_Module__root__V                                      
20001b18  ti_sysbios_knl_Mailbox_Module__root__V                                    
20001b20  ti_sysbios_knl_Queue_Module__root__V                                      
20001b28  ti_sysbios_knl_Semaphore_Module__root__V                                  
20001b30  ti_sysbios_knl_Swi_Module__root__V                                        
20001b38  ti_sysbios_knl_Task_Module__root__V                                       
20001b40  appAssertCback                                                            
20001b44  main_func_sp                                                              
20001b4c  ti_sysbios_family_arm_m3_Hwi_Module_State_0_excContext__A                 
20001b50  ti_sysbios_family_arm_m3_Hwi_Module_State_0_excStack__A                   
20001b54  ti_sysbios_knl_Task_Module_State_0_idleTask__A                            
20001b5e  ti_sysbios_family_arm_m3_Hwi_Module_State_0_excActive__A                  
20001b68  ti_sysbios_heaps_HeapMem_Instance_State_0_buf__A                          
200021e8  ti_sysbios_knl_Task_Instance_State_0_stack__A                             
200023e8  spiCC26XXDMAObjects                                                       
200025a0  gptimerCC26XXObjects                                                      
200026c0  PIN_NumPins                                                               
20002754  PIN_HandleTable                                                           
200027d0  i2cCC26xxObjects                                                          
200028b0  ti_sysbios_family_arm_m3_Hwi_dispatchTable                                
200029c8  udmaObjects                                                               
20002a14  trngCC26XXObjects                                                         
20002a1d  driverlib_release_0_46593                                                 
20002a1e  heapStart                                                                 
20003ff8  __stack                                                                   
20003ff8  heapEnd                                                                   
200043f8  __STACK_END                                                               
200043f8  __STACK_TOP                                                               
20004f2c  A4_rw                                                                     
20004f2c  COMMON_RAM_BASE_ADDR                                                      
20004f40  P2_rw                                                                     
20004f40  P2_s0                                                                     
20004f40  eccRom_windowSize                                                         
20004f44  eccRom_workzone                                                           
20004f48  eccRom_param_p                                                            
20004f4c  eccRom_param_r                                                            
20004f50  eccRom_param_a                                                            
20004f54  inScalar                                                                  
20004f58  inPointX                                                                  
20004f5c  inPointY                                                                  
20004f60  outPointX                                                                 
20004f64  outPointY                                                                 
20004f68  SCAL                                                                      
20004f6c  EXPX                                                                      
20004f70  EXPY                                                                      
20004f74  EXPZ                                                                      
20004f78  EXPW                                                                      
20004f7c  ACCX                                                                      
20004f80  ACCY                                                                      
20004f84  ACCZ                                                                      
20004f88  TMP1                                                                      
20004f8c  TMP2                                                                      
20004f90  TMP3                                                                      
20004f94  TMP4                                                                      
20004f98  TMP5                                                                      
20004f9c  TMP6                                                                      
20004fa0  eccRom_param_Gx                                                           
20004fa4  eccRom_param_Gy                                                           
20004fa8  eccRom_param_b                                                            
20004fac  P2_zi                                                                     
20004fac  ratChanInfo                                                               
20004fcc  fwInfoCmd                                                                 
20004fd8  MSBMOD                                                                    
20004fdc  aux64                                                                     
20004fe4  MOD                                                                       
20004fe8  LEN                                                                       
20004ffc  pSspAesEncrypt_Sw                                                         
e000e000  ti_sysbios_family_arm_m3_Hwi_nvic                                         
ffffffff  __TI_pprof_out_hndl                                                       
ffffffff  __TI_prof_data_size                                                       
ffffffff  __TI_prof_data_start                                                      
ffffffff  __binit__                                                                 
ffffffff  __c_args__                                                                
ffffffff  binit                                                                     
UNDEFED   HwiP_restore                                                              
UNDEFED   SHT$$INIT_ARRAY$$Base                                                     
UNDEFED   SHT$$INIT_ARRAY$$Limit                                                    
UNDEFED   ti_sysbios_BIOS_RtsGateProxy_Handle__label__S__mangled__                  
UNDEFED   ti_sysbios_BIOS_RtsGateProxy_Object__delete__S__mangled__                 
UNDEFED   ti_sysbios_BIOS_RtsGateProxy_Params__init__S__mangled__                   
UNDEFED   ti_sysbios_BIOS_RtsGateProxy_query__E__mangled__                          
UNDEFED   ti_sysbios_hal_Hwi_HwiProxy_Module__startupDone__S__mangled__             
UNDEFED   ti_sysbios_hal_Hwi_HwiProxy_Object__delete__S__mangled__                  
UNDEFED   ti_sysbios_hal_Hwi_HwiProxy_Params__init__S__mangled__                    
UNDEFED   ti_sysbios_hal_Hwi_HwiProxy_disableInterrupt__E__mangled__                
UNDEFED   ti_sysbios_hal_Hwi_HwiProxy_enableInterrupt__E__mangled__                 
UNDEFED   ti_sysbios_hal_Hwi_HwiProxy_getStackInfo__E__mangled__                    
UNDEFED   ti_sysbios_hal_Hwi_HwiProxy_startup__E__mangled__                         
UNDEFED   ti_sysbios_hal_Hwi_HwiProxy_switchFromBootStack__E__mangled__             
UNDEFED   ti_sysbios_hal_Hwi_disableInterrupt__E                                    
UNDEFED   ti_sysbios_hal_Hwi_enableInterrupt__E                                     
UNDEFED   ti_sysbios_hal_Hwi_getStackInfo__E                                        
UNDEFED   ti_sysbios_hal_Hwi_startup__E                                             
UNDEFED   ti_sysbios_hal_Hwi_switchFromBootStack__E                                 
UNDEFED   ti_sysbios_heaps_HeapMem_Module_GateProxy_Handle__label__S__mangled__     
UNDEFED   ti_sysbios_heaps_HeapMem_Module_GateProxy_Object__delete__S__mangled__    
UNDEFED   ti_sysbios_heaps_HeapMem_Module_GateProxy_Params__init__S__mangled__      
UNDEFED   ti_sysbios_heaps_HeapMem_Module_GateProxy_query__E__mangled__             
UNDEFED   ti_sysbios_knl_Clock_TimerProxy_Module__startupDone__S__mangled__         
UNDEFED   ti_sysbios_knl_Clock_TimerProxy_startup__E__mangled__                     
UNDEFED   ti_sysbios_knl_Task_SupportProxy_Module__startupDone__S__mangled__        
UNDEFED   ti_sysbios_knl_Task_SupportProxy_getStackAlignment__E__mangled__          
UNDEFED   ti_sysbios_knl_Task_SupportProxy_start__E__mangled__                      
UNDEFED   ti_sysbios_knl_Task_SupportProxy_swap__E__mangled__                       
UNDEFED   xdc_runtime_Main_Module_GateProxy_Handle__label__S                        
UNDEFED   xdc_runtime_Main_Module_GateProxy_Object__delete__S                       
UNDEFED   xdc_runtime_Main_Module_GateProxy_query__E                                
UNDEFED   xdc_runtime_Memory_HeapProxy_Handle__label__S__mangled__                  
UNDEFED   xdc_runtime_Memory_HeapProxy_Object__delete__S__mangled__                 
UNDEFED   xdc_runtime_System_Module_GateProxy_Handle__label__S__mangled__           
UNDEFED   xdc_runtime_System_Module_GateProxy_Object__delete__S__mangled__          
UNDEFED   xdc_runtime_System_Module_GateProxy_query__E__mangled__                   
UNDEFED   xdc_runtime_System_SupportProxy_abort__E                                  
UNDEFED   xdc_runtime_System_SupportProxy_exit__E                                   
UNDEFED   xdc_runtime_Timestamp_SupportProxy_get64__E__mangled__                    
UNDEFED   xdc_runtime_Timestamp_SupportProxy_getFreq__E__mangled__                  
UNDEFED   xdc_runtime_Timestamp_get32__E                                            
UNDEFED   xdc_runtime_Timestamp_get64__E                                            
UNDEFED   xdc_runtime_Timestamp_getFreq__E                                          

[1166 symbols]
